JWlink Version 1.9beta 13
Portions Copyright (c) 1985-2002 Sybase, Inc. All Rights Reserved.
Created on:       17/01/15 23:55:50
Executable Image: REDMTRX.BIN
creating a DOS executable


                        +------------+
                        |   Groups   |
                        +------------+

Group                           Address              Size
=====                           =======              ====

DGROUP                          01e7:000e            000006c0



                        +--------------+
                        |   Segments   |
                        +--------------+

Segment                Class          Group          Address         Size
=======                =====          =====          =======         ====

_TEXT                  CODE           AUTO           0000:0000       00001e7e
_DATA                  DATA           DGROUP         01e7:000e       00000620
_BSS                   BSS            DGROUP         0249:000e       000000a0


                        +----------------+
                        |   Memory Map   |
                        +----------------+

* = unreferenced symbol
+ = symbol only referenced locally

Address        Symbol
=======        ======

Module: ..\..\startfin\lib\startlib.lib(ASM\startcode.asm)
0000:0000*     _startCode
Module: ..\..\startfin\lib\startlib.lib(ASM\startdata.asm)
01e7:000e      _startData
Module: ..\..\startfin\lib\startlib.lib(ASM\startbss.asm)
01e7:062e*     _startBSS
Module: ..\..\so1pub\obj\ajustusr.obj(ajustusr.c)
01e7:0060*     _argv
0000:0000      _startBin
0000:002f      __setargv__
Module: REDMTRX.obj(redmtrx.c)
01e7:062e*     _dfReloj
0000:0030*     _formato
0000:003b*     _help
01e7:008a*     _strREDIN
01e7:0090*     _strREDOUT
0000:0046*     _calculaMatriz
0000:022c*     _extractFileName
0000:034a*     _redmtrx
0000:04ee      _main
Module: ..\..\so1pub\lib\ll_s_so1.lib(ll_s_so1.c)
0000:05ac      _fork
0000:05bd*     _getpid
0000:05ce*     _getpindx
0000:05df*     _getppid
0000:05f0*     _getuid
0000:0601*     _getgid
0000:0612*     _read
0000:062c*     _aio_read
0000:0646*     _aio_write
0000:0660*     _lseek
0000:071c*     _fcntl
0000:0736*     _ioctl
0000:0750*     _obtenInfoSO1
0000:075d*     _crearRecurso
0000:0771*     _crearFichero
0000:0792*     _esperarDesinstalacion
0000:07a3*     _destruirRecurso
0000:07b7*     _encolarCcbRecurso
0000:07d0*     _eliminarCcbRecurso
0000:07e9*     _obtenInfoPS
0000:0824*     _obtenInfoMEM
0000:0880*     _obtenInfoPFR
0000:08d3*     _obtenInfoFAB
0000:08e0*     _obtenInfoINFO
0000:08ed*     _getdisk
0000:0a24*     _findFirst
0000:0a48*     _findNext
0000:068e      _leer
0000:06b4*     _leerListo
0000:06da*     _leerAsciiListo
0000:0ae0*     _activarTraza
0000:0af0*     _analizarProcesos
0000:0aff*     _ll_buscarBloque
0000:0b37*     _ll_devolverBloque
0000:0b7e*     _ll_tamBloqueMax
0000:0bb0*     _retardoActivo
0000:0c91*     _sem_inic
0000:0cae*     _sem_bajar
0000:0cc8*     _sem_subir
0000:0ce2*     _mbox_send
0000:0cff*     _mbox_receive
0000:08fe*     _procesarEntrada
Module: ..\..\so1pub\lib\ll_s_so1.lib(ll_s_exc.c)
0000:0d1c*     _createProcess
0000:0d35      _exec
0000:0d4e      _waitpid
0000:0dcf*     _kill
0000:0da4      _exit
0000:0db1*     _setuid
0000:0dc0*     _setgid
0000:0de3      _open
0000:0dfa      _close
0000:0e0e      _write
Module: ..\..\so1pub\obj\caracter.obj(caracter.c)
01e7:05b2      _dig
0000:0e28      _mayuscula
0000:0e50*     _minuscula
Module: ..\..\so1pub\obj\printgen.obj(printgen.c)
0000:0e78      _printGenLn
0000:0e8c      _printGenStr
0000:0ec6      _printGenStrHasta
0000:0f1e      _printGenDec
0000:0fe6      _printGenLDec
0000:10c1      _printGenInt
0000:11c2      _printGenLInt
0000:12f3      _printGenHex
0000:13b1      _printGenLHex
0000:149a      _printGenBin
0000:1546      _printGenLBin
0000:1603      _printGenPtr
0000:1641*     _printfGen
Module: ..\..\so1pub\obj\tipos.obj(tipos.c)
0000:1644      _pointer
0000:165c      _seg
0000:1671      _off
0000:1686*     _incPtr
Module: ..\..\so1pub\obj\nop.obj(nop.c)
0000:16af*     _hacerNada
Module: ..\..\so1pub\obj\put.obj(put.c)
0000:16da      _putCar
0000:16ed*     _putLn
0000:16ff*     _putStr
0000:1717*     _putStrHasta
0000:1735*     _putDec
0000:174f*     _putLDec
0000:176c*     _putInt
0000:1786*     _putLInt
0000:17a3*     _putHex
0000:17bd*     _putLHex
0000:17da*     _putBin
0000:17f4*     _putLBin
0000:1811*     _putPtr
Module: ..\..\so1pub\obj\escribir.obj(escribir.c)
0000:182b      _escribirCar
0000:183c*     _escribirLn
0000:1844      _escribirStr
0000:1856*     _escribirStrHasta
0000:186e      _escribirDec
0000:1882*     _escribirLDec
0000:1899      _escribirInt
0000:18ad*     _escribirLInt
0000:18c4      _escribirHex
0000:18d8*     _escribirLHex
0000:18ef*     _escribirBin
0000:1903*     _escribirLBin
0000:191a*     _escribirPtr
Module: ..\..\so1pub\obj\stdio.obj(stdio.c)
01e7:063e*     _flagSet
01e7:0640*     _aP
01e7:0642*     _fc
01e7:0643*     _isSigned
01e7:0644*     _width
01e7:0646*     _precision
01e7:0648*     _plusSign
01e7:064a*     _leadZ
01e7:064c*     _abandonP
01e7:064e*     _tempStr
01e7:0624*     _totalSent
01e7:0626*     _Scount
01e7:067e*     _S
01e7:0628*     _eof_error
0000:192e      _printf
0000:1b54*     _getch
Module: ..\..\so1pub\obj\strings.obj(strings.c)
0000:1b5b*     _copiarStr
0000:1b84*     _copiarStrHasta
0000:1bbe      _iguales
0000:1bf7*     _igualesHasta
0000:1c3b*     _igualesSalvoMayusculasHasta
Module: ..\..\so1pub\obj\cmos.obj(cmos.c)
0000:1c8d*     _leerCmos
0000:1cb2*     _escribirCmos
0000:1cd6*     _bcdToInt
Module: ..\..\so1pub\obj\puertos.obj(puertos.c)
0000:1cee      _inportb
0000:1cf9*     _inport
0000:1d02*     _outport
0000:1d0e      _outportb
0000:1d1a*     _inportb_r
0000:1d36*     _outportb_r
0000:1d4f*     _contadorTimer0
Module: ..\..\crtl\obj\h_ldiv.obj(ASM\H_LDIV.ASM)
0000:1d63*     LDIV@
0000:1d63*     F_LDIV@
0000:1d60      N_LDIV@
0000:1d6a*     LUDIV@
0000:1d6a*     F_LUDIV@
0000:1d67      N_LUDIV@
0000:1d72*     LMOD@
0000:1d72*     F_LMOD@
0000:1d6f      N_LMOD@
0000:1d7a*     LUMOD@
0000:1d7a*     F_LUMOD@
0000:1d77      N_LUMOD@
Module: ..\..\crtl\obj\h_lursh.obj(ASM\H_LURSH.ASM)
0000:1e11*     LXURSH@
0000:1e11*     F_LXURSH@
0000:1e0e*     N_LXURSH@
Module: ..\..\crtl\obj\h_llsh.obj(ASM\H_LLSH.ASM)
0000:1e32*     LXLSH@
0000:1e32*     F_LXLSH@
0000:1e2f*     N_LXLSH@
Module: ..\..\crtl\obj\f_lxmul.obj(ASM\F_LXMUL.ASM)
0000:1e50*     LXMUL@
0000:1e50*     F_LXMUL@
Module: ..\..\crtl\obj\n_lxmul.obj(ASM\N_LXMUL.ASM)
0000:1e67*     N_LXMUL@
Module: ..\..\startfin\lib\finlib.lib(ASM\fincode.asm)
0000:1e7e*     _finCode
Module: ..\..\startfin\lib\finlib.lib(ASM\findata.asm)
01e7:062e      _finData
Module: ..\..\startfin\lib\finlib.lib(ASM\finbss.asm)
01e7:06ce      _finBSS


                        +---------------------+
                        |   Module Segments   |
                        +---------------------+

! = 32-bit segment
c = initialized communal data

Module          Segment               Class           Address         Size
======          =======               =====           =======         ====

ASM\startcode.asm
                _TEXT                 CODE           0000:0000        00000000
                _DATA                 DATA           01e7:000e        00000000
                _BSS                  BSS            0249:000e        00000000
ASM\startdata.asm
                _TEXT                 CODE           0000:0000        00000000
                _DATA                 DATA           01e7:000e        00000000
                _BSS                  BSS            0249:000e        00000000
ASM\startbss.asm
                _TEXT                 CODE           0000:0000        00000000
                _DATA                 DATA           01e7:000e        00000000
                _BSS                  BSS            0249:000e        00000000
ajustusr.c      _TEXT                 CODE           0000:0000        00000030
                _DATA                 DATA           01e7:000e        0000007b
                _BSS                  BSS            0249:000e        00000000
redmtrx.c       _TEXT                 CODE           0000:0030        0000057c
                _DATA                 DATA           01e7:008a        0000050d
                _BSS                  BSS            0249:000e        00000002
ll_s_so1.c      _TEXT                 CODE           0000:05ac        00000770
                _DATA                 DATA           01e7:0598        00000019
                _BSS                  BSS            0249:0010        00000000
ll_s_exc.c      _TEXT                 CODE           0000:0d1c        0000010c
                _DATA                 DATA           01e7:05b2        00000000
                _BSS                  BSS            0249:0010        00000000
caracter.c      _TEXT                 CODE           0000:0e28        00000050
                _DATA                 DATA           01e7:05b2        00000011
                _BSS                  BSS            0249:0010        00000000
printgen.c      _TEXT                 CODE           0000:0e78        000007cc
                _DATA                 DATA           01e7:05c4        00000000
                _BSS                  BSS            0249:0010        0000000b
tipos.c         _TEXT                 CODE           0000:1644        0000006b
                _DATA                 DATA           01e7:05c4        00000000
                _BSS                  BSS            0249:001c        00000000
nop.c           _TEXT                 CODE           0000:16af        00000001
                _DATA                 DATA           01e7:05c4        00000000
                _BSS                  BSS            0249:001c        00000000
put.c           _TEXT                 CODE           0000:16b0        0000017b
                _DATA                 DATA           01e7:05c4        00000000
                _BSS                  BSS            0249:001c        00000002
escribir.c      _TEXT                 CODE           0000:182b        00000103
                _DATA                 DATA           01e7:05c4        00000000
                _BSS                  BSS            0249:001e        00000000
stdio.c         _TEXT                 CODE           0000:192e        0000022d
                _DATA                 DATA           01e7:05c4        00000069
                _BSS                  BSS            0249:001e        00000090
strings.c       _TEXT                 CODE           0000:1b5b        00000132
                _DATA                 DATA           01e7:062e        00000000
                _BSS                  BSS            0249:00ae        00000000
cmos.c          _TEXT                 CODE           0000:1c8d        00000061
                _DATA                 DATA           01e7:062e        00000000
                _BSS                  BSS            0249:00ae        00000000
puertos.c       _TEXT                 CODE           0000:1cee        00000072
                _DATA                 DATA           01e7:062e        00000000
                _BSS                  BSS            0249:00ae        00000000
ASM\H_LDIV.ASM  _TEXT                 CODE           0000:1d60        000000ae
ASM\H_LURSH.ASM _TEXT                 CODE           0000:1e0e        00000021
ASM\H_LLSH.ASM  _TEXT                 CODE           0000:1e2f        00000021
ASM\F_LXMUL.ASM _TEXT                 CODE           0000:1e50        00000017
ASM\N_LXMUL.ASM _TEXT                 CODE           0000:1e67        00000017
ASM\fincode.asm _TEXT                 CODE           0000:1e7e        00000000
                _DATA                 DATA           01e7:062e        00000000
                _BSS                  BSS            0249:00ae        00000000
ASM\findata.asm _TEXT                 CODE           0000:1e7e        00000000
                _DATA                 DATA           01e7:062e        00000000
                _BSS                  BSS            0249:00ae        00000000
ASM\finbss.asm  _TEXT                 CODE           0000:1e7e        00000000
                _DATA                 DATA           01e7:062e        00000000
                _BSS                  BSS            0249:00ae        00000000


                        +-----------------------+
                        |   Linker Statistics   |
                        +-----------------------+

Stack size:  fffe (65534.)
Memory size:  253e (9534.)
Entry point address: 0000:0000
Link time: 00:00.00
