JWlink Version 1.9beta 13
Portions Copyright (c) 1985-2002 Sybase, Inc. All Rights Reserved.
Created on:       17/01/06 15:03:43
Executable Image: REDMTRX.BIN
creating a DOS executable


                        +------------+
                        |   Groups   |
                        +------------+

Group                           Address              Size
=====                           =======              ====

DGROUP                          01d2:0008            000006a6



                        +--------------+
                        |   Segments   |
                        +--------------+

Segment                Class          Group          Address         Size
=======                =====          =====          =======         ====

_TEXT                  CODE           AUTO           0000:0000       00001d28
_DATA                  DATA           DGROUP         01d2:0008       00000606
_BSS                   BSS            DGROUP         0232:000e       000000a0


                        +----------------+
                        |   Memory Map   |
                        +----------------+

* = unreferenced symbol
+ = symbol only referenced locally

Address        Symbol
=======        ======

Module: ..\..\startfin\lib\startlib.lib(ASM\startcode.asm)
0000:0000*     _startCode
Module: ..\..\startfin\lib\startlib.lib(ASM\startdata.asm)
01d2:0008      _startData
Module: ..\..\startfin\lib\startlib.lib(ASM\startbss.asm)
01d2:060e*     _startBSS
Module: ..\..\so1pub\obj\ajustusr.obj(ajustusr.c)
01d2:005a*     _argv
0000:0000      _startBin
0000:002f      __setargv__
Module: REDMTRX.obj(redmtrx.c)
01d2:060e*     _dfReloj
0000:0030*     _formato
0000:003b*     _help
01d2:0084*     _strREDIN
01d2:008a*     _strREDOUT
0000:0046*     _calculaMatriz
0000:022c*     _extractFileName
0000:034a*     _redmtrx
0000:0398      _main
Module: ..\..\so1pub\lib\ll_s_so1.lib(ll_s_so1.c)
0000:0456*     _fork
0000:0467*     _getpid
0000:0478*     _getpindx
0000:0489*     _getppid
0000:049a*     _getuid
0000:04ab*     _getgid
0000:04bc*     _read
0000:04d6*     _aio_read
0000:04f0*     _aio_write
0000:050a*     _lseek
0000:05c6*     _fcntl
0000:05e0*     _ioctl
0000:05fa*     _obtenInfoSO1
0000:0607*     _crearRecurso
0000:061b*     _crearFichero
0000:063c*     _esperarDesinstalacion
0000:064d*     _destruirRecurso
0000:0661*     _encolarCcbRecurso
0000:067a*     _eliminarCcbRecurso
0000:0693*     _obtenInfoPS
0000:06ce*     _obtenInfoMEM
0000:072a*     _obtenInfoPFR
0000:077d*     _obtenInfoFAB
0000:078a*     _obtenInfoINFO
0000:0797*     _getdisk
0000:08ce*     _findFirst
0000:08f2*     _findNext
0000:0538      _leer
0000:055e*     _leerListo
0000:0584*     _leerAsciiListo
0000:098a*     _activarTraza
0000:099a*     _analizarProcesos
0000:09a9*     _ll_buscarBloque
0000:09e1*     _ll_devolverBloque
0000:0a28*     _ll_tamBloqueMax
0000:0a5a*     _retardoActivo
0000:0b3b*     _sem_inic
0000:0b58*     _sem_bajar
0000:0b72*     _sem_subir
0000:0b8c*     _mbox_send
0000:0ba9*     _mbox_receive
0000:07a8*     _procesarEntrada
Module: ..\..\so1pub\lib\ll_s_so1.lib(ll_s_exc.c)
0000:0bc6*     _createProcess
0000:0bdf*     _exec
0000:0bf8*     _waitpid
0000:0c79*     _kill
0000:0c4e      _exit
0000:0c5b*     _setuid
0000:0c6a*     _setgid
0000:0c8d      _open
0000:0ca4      _close
0000:0cb8      _write
Module: ..\..\so1pub\obj\caracter.obj(caracter.c)
01d2:0592      _dig
0000:0cd2      _mayuscula
0000:0cfa*     _minuscula
Module: ..\..\so1pub\obj\printgen.obj(printgen.c)
0000:0d22      _printGenLn
0000:0d36      _printGenStr
0000:0d70      _printGenStrHasta
0000:0dc8      _printGenDec
0000:0e90      _printGenLDec
0000:0f6b      _printGenInt
0000:106c      _printGenLInt
0000:119d      _printGenHex
0000:125b      _printGenLHex
0000:1344      _printGenBin
0000:13f0      _printGenLBin
0000:14ad      _printGenPtr
0000:14eb*     _printfGen
Module: ..\..\so1pub\obj\tipos.obj(tipos.c)
0000:14ee      _pointer
0000:1506      _seg
0000:151b      _off
0000:1530*     _incPtr
Module: ..\..\so1pub\obj\nop.obj(nop.c)
0000:1559*     _hacerNada
Module: ..\..\so1pub\obj\put.obj(put.c)
0000:1584      _putCar
0000:1597*     _putLn
0000:15a9*     _putStr
0000:15c1*     _putStrHasta
0000:15df*     _putDec
0000:15f9*     _putLDec
0000:1616*     _putInt
0000:1630*     _putLInt
0000:164d*     _putHex
0000:1667*     _putLHex
0000:1684*     _putBin
0000:169e*     _putLBin
0000:16bb*     _putPtr
Module: ..\..\so1pub\obj\escribir.obj(escribir.c)
0000:16d5      _escribirCar
0000:16e6*     _escribirLn
0000:16ee      _escribirStr
0000:1700*     _escribirStrHasta
0000:1718      _escribirDec
0000:172c*     _escribirLDec
0000:1743      _escribirInt
0000:1757*     _escribirLInt
0000:176e      _escribirHex
0000:1782*     _escribirLHex
0000:1799*     _escribirBin
0000:17ad*     _escribirLBin
0000:17c4*     _escribirPtr
Module: ..\..\so1pub\obj\stdio.obj(stdio.c)
01d2:061e*     _flagSet
01d2:0620*     _aP
01d2:0622*     _fc
01d2:0623*     _isSigned
01d2:0624*     _width
01d2:0626*     _precision
01d2:0628*     _plusSign
01d2:062a*     _leadZ
01d2:062c*     _abandonP
01d2:062e*     _tempStr
01d2:0604*     _totalSent
01d2:0606*     _Scount
01d2:065e*     _S
01d2:0608*     _eof_error
0000:17d8      _printf
0000:19fe*     _getch
Module: ..\..\so1pub\obj\strings.obj(strings.c)
0000:1a05*     _copiarStr
0000:1a2e*     _copiarStrHasta
0000:1a68      _iguales
0000:1aa1*     _igualesHasta
0000:1ae5*     _igualesSalvoMayusculasHasta
Module: ..\..\so1pub\obj\cmos.obj(cmos.c)
0000:1b37*     _leerCmos
0000:1b5c*     _escribirCmos
0000:1b80*     _bcdToInt
Module: ..\..\so1pub\obj\puertos.obj(puertos.c)
0000:1b98      _inportb
0000:1ba3*     _inport
0000:1bac*     _outport
0000:1bb8      _outportb
0000:1bc4*     _inportb_r
0000:1be0*     _outportb_r
0000:1bf9*     _contadorTimer0
Module: ..\..\crtl\obj\h_ldiv.obj(ASM\H_LDIV.ASM)
0000:1c0d*     LDIV@
0000:1c0d*     F_LDIV@
0000:1c0a      N_LDIV@
0000:1c14*     LUDIV@
0000:1c14*     F_LUDIV@
0000:1c11      N_LUDIV@
0000:1c1c*     LMOD@
0000:1c1c*     F_LMOD@
0000:1c19      N_LMOD@
0000:1c24*     LUMOD@
0000:1c24*     F_LUMOD@
0000:1c21      N_LUMOD@
Module: ..\..\crtl\obj\h_lursh.obj(ASM\H_LURSH.ASM)
0000:1cbb*     LXURSH@
0000:1cbb*     F_LXURSH@
0000:1cb8*     N_LXURSH@
Module: ..\..\crtl\obj\h_llsh.obj(ASM\H_LLSH.ASM)
0000:1cdc*     LXLSH@
0000:1cdc*     F_LXLSH@
0000:1cd9*     N_LXLSH@
Module: ..\..\crtl\obj\f_lxmul.obj(ASM\F_LXMUL.ASM)
0000:1cfa*     LXMUL@
0000:1cfa*     F_LXMUL@
Module: ..\..\crtl\obj\n_lxmul.obj(ASM\N_LXMUL.ASM)
0000:1d11*     N_LXMUL@
Module: ..\..\startfin\lib\finlib.lib(ASM\fincode.asm)
0000:1d28*     _finCode
Module: ..\..\startfin\lib\finlib.lib(ASM\findata.asm)
01d2:060e      _finData
Module: ..\..\startfin\lib\finlib.lib(ASM\finbss.asm)
01d2:06ae      _finBSS


                        +---------------------+
                        |   Module Segments   |
                        +---------------------+

! = 32-bit segment
c = initialized communal data

Module          Segment               Class           Address         Size
======          =======               =====           =======         ====

ASM\startcode.asm
                _TEXT                 CODE           0000:0000        00000000
                _DATA                 DATA           01d2:0008        00000000
                _BSS                  BSS            0232:000e        00000000
ASM\startdata.asm
                _TEXT                 CODE           0000:0000        00000000
                _DATA                 DATA           01d2:0008        00000000
                _BSS                  BSS            0232:000e        00000000
ASM\startbss.asm
                _TEXT                 CODE           0000:0000        00000000
                _DATA                 DATA           01d2:0008        00000000
                _BSS                  BSS            0232:000e        00000000
ajustusr.c      _TEXT                 CODE           0000:0000        00000030
                _DATA                 DATA           01d2:0008        0000007b
                _BSS                  BSS            0232:000e        00000000
redmtrx.c       _TEXT                 CODE           0000:0030        00000426
                _DATA                 DATA           01d2:0084        000004f4
                _BSS                  BSS            0232:000e        00000002
ll_s_so1.c      _TEXT                 CODE           0000:0456        00000770
                _DATA                 DATA           01d2:0578        00000019
                _BSS                  BSS            0232:0010        00000000
ll_s_exc.c      _TEXT                 CODE           0000:0bc6        0000010c
                _DATA                 DATA           01d2:0592        00000000
                _BSS                  BSS            0232:0010        00000000
caracter.c      _TEXT                 CODE           0000:0cd2        00000050
                _DATA                 DATA           01d2:0592        00000011
                _BSS                  BSS            0232:0010        00000000
printgen.c      _TEXT                 CODE           0000:0d22        000007cc
                _DATA                 DATA           01d2:05a4        00000000
                _BSS                  BSS            0232:0010        0000000b
tipos.c         _TEXT                 CODE           0000:14ee        0000006b
                _DATA                 DATA           01d2:05a4        00000000
                _BSS                  BSS            0232:001c        00000000
nop.c           _TEXT                 CODE           0000:1559        00000001
                _DATA                 DATA           01d2:05a4        00000000
                _BSS                  BSS            0232:001c        00000000
put.c           _TEXT                 CODE           0000:155a        0000017b
                _DATA                 DATA           01d2:05a4        00000000
                _BSS                  BSS            0232:001c        00000002
escribir.c      _TEXT                 CODE           0000:16d5        00000103
                _DATA                 DATA           01d2:05a4        00000000
                _BSS                  BSS            0232:001e        00000000
stdio.c         _TEXT                 CODE           0000:17d8        0000022d
                _DATA                 DATA           01d2:05a4        00000069
                _BSS                  BSS            0232:001e        00000090
strings.c       _TEXT                 CODE           0000:1a05        00000132
                _DATA                 DATA           01d2:060e        00000000
                _BSS                  BSS            0232:00ae        00000000
cmos.c          _TEXT                 CODE           0000:1b37        00000061
                _DATA                 DATA           01d2:060e        00000000
                _BSS                  BSS            0232:00ae        00000000
puertos.c       _TEXT                 CODE           0000:1b98        00000072
                _DATA                 DATA           01d2:060e        00000000
                _BSS                  BSS            0232:00ae        00000000
ASM\H_LDIV.ASM  _TEXT                 CODE           0000:1c0a        000000ae
ASM\H_LURSH.ASM _TEXT                 CODE           0000:1cb8        00000021
ASM\H_LLSH.ASM  _TEXT                 CODE           0000:1cd9        00000021
ASM\F_LXMUL.ASM _TEXT                 CODE           0000:1cfa        00000017
ASM\N_LXMUL.ASM _TEXT                 CODE           0000:1d11        00000017
ASM\fincode.asm _TEXT                 CODE           0000:1d28        00000000
                _DATA                 DATA           01d2:060e        00000000
                _BSS                  BSS            0232:00ae        00000000
ASM\findata.asm _TEXT                 CODE           0000:1d28        00000000
                _DATA                 DATA           01d2:060e        00000000
                _BSS                  BSS            0232:00ae        00000000
ASM\finbss.asm  _TEXT                 CODE           0000:1d28        00000000
                _DATA                 DATA           01d2:060e        00000000
                _BSS                  BSS            0232:00ae        00000000


                        +-----------------------+
                        |   Linker Statistics   |
                        +-----------------------+

Stack size:  fffe (65534.)
Memory size:  23ce (9166.)
Entry point address: 0000:0000
Link time: 00:00.16
