JWasm v2.12pre, Nov 27 2013
bpbfat16.asm
                                	.286
                                	ifndef	??version
                                	else
                                $comm	macro	name,dist,size,count
 >                              	comm	dist name[size]:BYTE:count
 >                              	endm
                                	endif
00000000                        _TEXT	segment byte public 'CODE'
                                _TEXT	ends
                                DGROUP	group	_DATA,_BSS
                                	assume	cs:_TEXT,ds:DGROUP
00000000                        _DATA	segment word public 'DATA'
00000000                        d@	label	byte
00000000                        d@w	label	word
00000000                        _DATA	ends
00000000                        _BSS	segment word public 'BSS'
00000000                        b@	label	byte
00000000                        b@w	label	word
00000000                        _BSS	ends
00000000                        _DATA	segment word public 'DATA'
                                	assume	 CS:_DATA
00000000                        	_startBPB	 proc near
00000000                        	_startBPB	 endp
                                	public	 _startBPB
00000000  EB00                  	_instJMP	: jmp short _bootCode 
00000002  90                    	_instNOP	: nop                         
00000003  4250422048442020      	_OEM	                db 'BPB HD  ' 
0000000B  0002                  	_bytesPorSector	     dw 512 
0000000D  01                    	_sectoresPorCluster	 db 1 
0000000E  0100                  	_sectoresReservados	 dw 1 
00000010  02                    	_numeroDeFATs	       db 2 
00000011  0002                  	_entradasDirRaiz	    dw 512 
00000013  B1FF                  	_sectores16	         dw 65457 
00000015  F8                    	_tipoDeMedio	        db 0F8H 
00000016  FE00                  	_sectoresPorFAT	     dw 254 
00000018  3F00                  	_sectoresPorPista	   dw 63 
0000001A  1000                  	_cabezas	            dw 16 
0000001C  3F000000              	_primerSector	       dd 63 
00000020  00000000              	_sectores	           dd 000000000H 
00000024  80                    	_unidad	             db 080H 
00000025  00                    	_relleno	            db 000H 
00000026  29                    	_signatura	          db 029H 
00000027  00000000              	_numeroDeSerie	      dd 000000000H 
0000002B  455449515545544120    	_etiqueta	           db 'ETIQUETA   ' 
00000036  4641543136202020      	_SF	                 db 'FAT16   ' 
                                	public	 _OEM 
                                	public	 _bytesPorSector 
                                	public	 _sectoresPorCluster
                                	public	 _sectoresReservados
                                	public	 _numeroDeFATs
                                	public	 _entradasDirRaiz
                                	public	 _sectores16
                                	public	 _tipoDeMedio
                                	public	 _sectoresPorFAT
                                	public	 _sectoresPorPista
                                	public	 _cabezas
                                	public	 _primerSector
                                	public	 _sectores
                                	public	 _unidad
                                	public	 _relleno
                                	public	 _signatura
                                	public	 _numeroDeSerie
                                	public	 _etiqueta
                                	public	 _SF
0000003E                        s@	label	byte
0000003E                        _DATA	ends
00000000                        _TEXT	segment byte public 'CODE'
00000000                        _TEXT	ends
                                	extrn	_bootCode:near
                                	end


Macros:

                N a m e                 Type

$comm  . . . . . . . . . . . . .        Proc
@CatStr  . . . . . . . . . . . .        Func
@Environ . . . . . . . . . . . .        Func
@InStr . . . . . . . . . . . . .        Func
@SizeStr . . . . . . . . . . . .        Func
@SubStr  . . . . . . . . . . . .        Func


Segments and Groups:

                N a m e                 Size     Length   Align   Combine Class

$$SYMBOLS  . . . . . . . . . . .        32 Bit   00000256 Byte    Private 'DEBSYM'
$$TYPES  . . . . . . . . . . . .        32 Bit   00000034 Byte    Private 'DEBTYP'
_TEXT  . . . . . . . . . . . . .        16 Bit   0000     Byte    Public  'CODE'
DGROUP . . . . . . . . . . . . .        GROUP
_DATA  . . . . . . . . . . . . .        16 Bit   003E     Word    Public  'DATA'
_BSS . . . . . . . . . . . . . .        16 Bit   0000     Word    Public  'BSS'


Procedures, parameters and locals:

                N a m e                 Type     Value    Segment  Length

_startBPB  . . . . . . . . . . .        P Near   0000     _DATA    0000 Public   


Symbols:

                N a m e                 Type       Value     Attr

??version  . . . . . . . . . . .        Text   0504
?debug . . . . . . . . . . . . .        Text   ;
_OEM . . . . . . . . . . . . . .        Byte[8]            3h _DATA Public 
_SF  . . . . . . . . . . . . . .        Byte[8]           36h _DATA Public 
_bootCode  . . . . . . . . . . .        L Near16           0h External 
_bytesPorSector  . . . . . . . .        Word               Bh _DATA Public 
_cabezas . . . . . . . . . . . .        Word              1Ah _DATA Public 
_entradasDirRaiz . . . . . . . .        Word              11h _DATA Public 
_etiqueta  . . . . . . . . . . .        Byte[11]          2Bh _DATA Public 
_instJMP . . . . . . . . . . . .        L Near             0h _DATA 
_instNOP . . . . . . . . . . . .        L Near             2h _DATA 
_numeroDeFATs  . . . . . . . . .        Byte              10h _DATA Public 
_numeroDeSerie . . . . . . . . .        DWord             27h _DATA Public 
_primerSector  . . . . . . . . .        DWord             1Ch _DATA Public 
_relleno . . . . . . . . . . . .        Byte              25h _DATA Public 
_sectores  . . . . . . . . . . .        DWord             20h _DATA Public 
_sectores16  . . . . . . . . . .        Word              13h _DATA Public 
_sectoresPorCluster  . . . . . .        Byte               Dh _DATA Public 
_sectoresPorFAT  . . . . . . . .        Word              16h _DATA Public 
_sectoresPorPista  . . . . . . .        Word              18h _DATA Public 
_sectoresReservados  . . . . . .        Word               Eh _DATA Public 
_signatura . . . . . . . . . . .        Byte              26h _DATA Public 
_tipoDeMedio . . . . . . . . . .        Byte              15h _DATA Public 
_unidad  . . . . . . . . . . . .        Byte              24h _DATA Public 
b@ . . . . . . . . . . . . . . .        Byte               0h _BSS 
b@w  . . . . . . . . . . . . . .        Word               0h _BSS 
d@ . . . . . . . . . . . . . . .        Byte               0h _DATA 
d@w  . . . . . . . . . . . . . .        Word               0h _DATA 
s@ . . . . . . . . . . . . . . .        Byte              3Eh _DATA 

bpbfat16.asm: 88 lines, 2 passes, 0 ms, 1 warnings, 0 errors
