JWlink Version 1.9beta 13
Portions Copyright (c) 1985-2002 Sybase, Inc. All Rights Reserved.
Created on:       17/08/24 20:50:47
Executable Image: RETARDO.BIN
creating a DOS executable


                        +------------+
                        |   Groups   |
                        +------------+

Group                           Address              Size
=====                           =======              ====

DGROUP                          020d:0004            00001b02



                        +--------------+
                        |   Segments   |
                        +--------------+

Segment                Class          Group          Address         Size
=======                =====          =====          =======         ====

_TEXT                  CODE           AUTO           0000:0000       000020d4
_DATA                  DATA           DGROUP         020d:0004       000005e2
_BSS                   BSS            DGROUP         026b:0006       00001520


                        +----------------+
                        |   Memory Map   |
                        +----------------+

* = unreferenced symbol
+ = symbol only referenced locally

Address        Symbol
=======        ======

Module: ..\..\startfin\lib\startlib.lib(ASM\startcode.asm)
0000:0000*     _startCode
Module: ..\..\startfin\lib\startlib.lib(ASM\startdata.asm)
020d:0004      _startData
Module: ..\..\startfin\lib\startlib.lib(ASM\startbss.asm)
020d:05e6*     _startBSS
Module: ..\..\so1pub\obj\ajustusr.obj(ajustusr.c)
020d:0056*     _argv
0000:0000      _startBin
0000:002f      __setargv__
Module: RETARDO.obj(retardo.c)
020d:063a*     _rec_retardo
020d:063c*     _retardando
020d:065c*     _nVueltasRetardo
0000:0033*     _retardar
0000:0098*     _retardarProceso
0000:00e4*     _openRetardo
0000:0133*     _releaseRetardo
0000:0182*     _readRetardo
0000:0220*     _aio_readRetardo
0000:0238*     _writeRetardo
0000:02a6*     _aio_writeRetardo
0000:02aa*     _lseekRetardo
0000:02b1*     _fcntlRetardo
0000:02b5*     _ioctlRetardo
0000:02b9*     _eliminarRetardo
0000:02bc*     _mostrarFormato
0000:02c4*     _formato
0000:02ce*     _help
020d:0660*     _descProceso
020d:1420*     _e2PFR
020d:1718*     _c2cPFR
020d:0080*     _descCcbRT
0000:02e6*     _valorRetardo
0000:035a*     _integrarRetardo
0000:0533*     _desintegrarRetardo
0000:0536*     _comprobarAmpersand
0000:059d*     _instalarRetardo
0000:05ea      _main
Module: ..\..\so1pub\lib\ll_s_so1.lib(ll_s_so1.c)
0000:070a*     _fork
0000:071b*     _getpid
0000:072c      _getpindx
0000:073d*     _getppid
0000:074e*     _getuid
0000:075f*     _getgid
0000:0770*     _read
0000:078a*     _aio_read
0000:07a4*     _aio_write
0000:07be*     _lseek
0000:087a*     _fcntl
0000:0894*     _ioctl
0000:08ae      _obtenInfoSO1
0000:08bb      _crearRecurso
0000:08cf      _crearFichero
0000:08f0      _esperarDesinstalacion
0000:0901      _destruirRecurso
0000:0915*     _encolarCcbRecurso
0000:092e*     _eliminarCcbRecurso
0000:0947      _obtenInfoPS
0000:0982*     _obtenInfoMEM
0000:09de*     _obtenInfoPFR
0000:0a31*     _obtenInfoFAB
0000:0a3e*     _obtenInfoINFO
0000:0a4b*     _getdisk
0000:0b82*     _findFirst
0000:0ba6*     _findNext
0000:07ec*     _leer
0000:0812*     _leerListo
0000:0838*     _leerAsciiListo
0000:0c3e*     _activarTraza
0000:0c4e*     _analizarProcesos
0000:0c5d*     _ll_buscarBloque
0000:0c95*     _ll_devolverBloque
0000:0cdc*     _ll_tamBloqueMax
0000:0d0e*     _retardoActivo
0000:0def*     _sem_inic
0000:0e0c*     _sem_bajar
0000:0e26*     _sem_subir
0000:0e40*     _mbox_send
0000:0e5d*     _mbox_receive
0000:0a5c*     _procesarEntrada
Module: ..\..\so1pub\lib\ll_s_so1.lib(ll_s_exc.c)
0000:0e7a*     _createProcess
0000:0e93*     _exec
0000:0eac*     _waitpid
0000:0f2d*     _kill
0000:0f02      _exit
0000:0f0f*     _setuid
0000:0f1e*     _setgid
0000:0f41      _open
0000:0f58      _close
0000:0f6c      _write
Module: ..\..\so1pub\obj\caracter.obj(caracter.c)
020d:04cc      _dig
0000:0f86      _mayuscula
0000:0fae*     _minuscula
Module: ..\..\so1pub\obj\printgen.obj(printgen.c)
0000:0fd6      _printGenLn
0000:0fea      _printGenStr
0000:1024      _printGenStrHasta
0000:107c      _printGenDec
0000:1144      _printGenLDec
0000:121f      _printGenInt
0000:1320      _printGenLInt
0000:1451      _printGenHex
0000:150f      _printGenLHex
0000:15f8      _printGenBin
0000:16a4      _printGenLBin
0000:1761      _printGenPtr
0000:179f*     _printfGen
Module: ..\..\so1pub\obj\tipos.obj(tipos.c)
0000:17a2      _pointer
0000:17ba      _seg
0000:17cf      _off
0000:17e4*     _incPtr
Module: ..\..\so1pub\obj\put.obj(put.c)
0000:1837      _putCar
0000:184a*     _putLn
0000:185c*     _putStr
0000:1874*     _putStrHasta
0000:1892*     _putDec
0000:18ac*     _putLDec
0000:18c9*     _putInt
0000:18e3*     _putLInt
0000:1900*     _putHex
0000:191a*     _putLHex
0000:1937*     _putBin
0000:1951*     _putLBin
0000:196e*     _putPtr
Module: ..\..\so1pub\obj\escribir.obj(escribir.c)
0000:1988*     _escribirCar
0000:1999*     _escribirLn
0000:19a1      _escribirStr
0000:19b3*     _escribirStrHasta
0000:19cb*     _escribirDec
0000:19df      _escribirLDec
0000:19f6*     _escribirInt
0000:1a0a*     _escribirLInt
0000:1a21*     _escribirHex
0000:1a35*     _escribirLHex
0000:1a4c*     _escribirBin
0000:1a60*     _escribirLBin
0000:1a77*     _escribirPtr
Module: ..\..\so1pub\obj\scanner.obj(scanner.c)
020d:178a      _comando
020d:04de*     _inCmd
020d:04e0*     _outCmd
020d:04e2*     _nComandos
020d:04e4*     _simbCmd
020d:05dc*     _numCmds
020d:1aaa      _car
020d:1aac      _pos
020d:1aae*     _simb
020d:1ab0*     _num
020d:1ab2*     _numLargo
020d:1ab6*     _str
0000:1a8b      _inicScanner
0000:1a97      _obtenCar
0000:1e50*     _obtenStr
0000:1ac9*     _saltarBlancos
0000:1ad6*     _numDec
0000:1ba9*     _numHex
0000:1c95*     _identificador
0000:1dbf*     _obtenSimb
Module: ..\..\so1pub\obj\strings.obj(strings.c)
0000:1e84      _copiarStr
0000:1ead*     _copiarStrHasta
0000:1ee7      _iguales
0000:1f20      _igualesHasta
0000:1f64*     _igualesSalvoMayusculasHasta
Module: ..\..\so1pub\obj\biosdata.obj(biosdata.c)
020d:05de      _ptrBiosArea
020d:05e2*     _ptrFechaBios
Module: ..\..\crtl\obj\h_ldiv.obj(ASM\H_LDIV.ASM)
0000:1fb9*     LDIV@
0000:1fb9*     F_LDIV@
0000:1fb6      N_LDIV@
0000:1fc0*     LUDIV@
0000:1fc0*     F_LUDIV@
0000:1fbd      N_LUDIV@
0000:1fc8*     LMOD@
0000:1fc8*     F_LMOD@
0000:1fc5      N_LMOD@
0000:1fd0*     LUMOD@
0000:1fd0*     F_LUMOD@
0000:1fcd      N_LUMOD@
Module: ..\..\crtl\obj\h_lursh.obj(ASM\H_LURSH.ASM)
0000:2067*     LXURSH@
0000:2067*     F_LXURSH@
0000:2064*     N_LXURSH@
Module: ..\..\crtl\obj\h_llsh.obj(ASM\H_LLSH.ASM)
0000:2088*     LXLSH@
0000:2088*     F_LXLSH@
0000:2085      N_LXLSH@
Module: ..\..\crtl\obj\f_lxmul.obj(ASM\F_LXMUL.ASM)
0000:20a6*     LXMUL@
0000:20a6*     F_LXMUL@
Module: ..\..\crtl\obj\n_lxmul.obj(ASM\N_LXMUL.ASM)
0000:20bd      N_LXMUL@
Module: ..\..\startfin\lib\finlib.lib(ASM\fincode.asm)
0000:20d4*     _finCode
Module: ..\..\startfin\lib\finlib.lib(ASM\findata.asm)
020d:05e6      _finData
Module: ..\..\startfin\lib\finlib.lib(ASM\finbss.asm)
020d:1b06      _finBSS


                        +---------------------+
                        |   Module Segments   |
                        +---------------------+

! = 32-bit segment
c = initialized communal data

Module          Segment               Class           Address         Size
======          =======               =====           =======         ====

ASM\startcode.asm
                _TEXT                 CODE           0000:0000        00000000
                _DATA                 DATA           020d:0004        00000000
                _BSS                  BSS            026b:0006        00000000
ASM\startdata.asm
                _TEXT                 CODE           0000:0000        00000000
                _DATA                 DATA           020d:0004        00000000
                _BSS                  BSS            026b:0006        00000000
ASM\startbss.asm
                _TEXT                 CODE           0000:0000        00000000
                _DATA                 DATA           020d:0004        00000000
                _BSS                  BSS            026b:0006        00000000
ajustusr.c      _TEXT                 CODE           0000:0000        00000030
                _DATA                 DATA           020d:0004        0000007b
                _BSS                  BSS            026b:0006        00000000
retardo.c       _TEXT                 CODE           0000:0030        000006da
                _DATA                 DATA           020d:0080        00000432
                _BSS                  BSS            026b:0006        00001196
ll_s_so1.c      _TEXT                 CODE           0000:070a        00000770
                _DATA                 DATA           020d:04b2        00000019
                _BSS                  BSS            026b:119c        00000000
ll_s_exc.c      _TEXT                 CODE           0000:0e7a        0000010c
                _DATA                 DATA           020d:04cc        00000000
                _BSS                  BSS            026b:119c        00000000
caracter.c      _TEXT                 CODE           0000:0f86        00000050
                _DATA                 DATA           020d:04cc        00000011
                _BSS                  BSS            026b:119c        00000000
printgen.c      _TEXT                 CODE           0000:0fd6        000007cc
                _DATA                 DATA           020d:04de        00000000
                _BSS                  BSS            026b:119c        0000000b
tipos.c         _TEXT                 CODE           0000:17a2        0000006b
                _DATA                 DATA           020d:04de        00000000
                _BSS                  BSS            026b:11a8        00000000
put.c           _TEXT                 CODE           0000:180d        0000017b
                _DATA                 DATA           020d:04de        00000000
                _BSS                  BSS            026b:11a8        00000002
escribir.c      _TEXT                 CODE           0000:1988        00000103
                _DATA                 DATA           020d:04de        00000000
                _BSS                  BSS            026b:11aa        00000000
scanner.c       _TEXT                 CODE           0000:1a8b        000003f9
                _DATA                 DATA           020d:04de        00000100
                _BSS                  BSS            026b:11aa        0000037c
strings.c       _TEXT                 CODE           0000:1e84        00000132
                _DATA                 DATA           020d:05de        00000000
                _BSS                  BSS            026b:1526        00000000
biosdata.c      _TEXT                 CODE           0000:1fb6        00000000
                _DATA                 DATA           020d:05de        00000008
                _BSS                  BSS            026b:1526        00000000
ASM\H_LDIV.ASM  _TEXT                 CODE           0000:1fb6        000000ae
ASM\H_LURSH.ASM _TEXT                 CODE           0000:2064        00000021
ASM\H_LLSH.ASM  _TEXT                 CODE           0000:2085        00000021
ASM\F_LXMUL.ASM _TEXT                 CODE           0000:20a6        00000017
ASM\N_LXMUL.ASM _TEXT                 CODE           0000:20bd        00000017
ASM\fincode.asm _TEXT                 CODE           0000:20d4        00000000
                _DATA                 DATA           020d:05e6        00000000
                _BSS                  BSS            026b:1526        00000000
ASM\findata.asm _TEXT                 CODE           0000:20d4        00000000
                _DATA                 DATA           020d:05e6        00000000
                _BSS                  BSS            026b:1526        00000000
ASM\finbss.asm  _TEXT                 CODE           0000:20d4        00000000
                _DATA                 DATA           020d:05e6        00000000
                _BSS                  BSS            026b:1526        00000000


                        +-----------------------+
                        |   Linker Statistics   |
                        +-----------------------+

Stack size:  fffe (65534.)
Memory size:  3bd6 (15318.)
Entry point address: 0000:0000
Link time: 00:00.15
