JWlink Version 1.9beta 13
Portions Copyright (c) 1985-2002 Sybase, Inc. All Rights Reserved.
Created on:       18/02/19 20:54:18
Executable Image: VIDEO.BIN
creating a DOS executable


                        +------------+
                        |   Groups   |
                        +------------+

Group                           Address              Size
=====                           =======              ====

DGROUP                          011f:0002            0000090a



                        +--------------+
                        |   Segments   |
                        +--------------+

Segment                Class          Group          Address         Size
=======                =====          =====          =======         ====

_TEXT                  CODE           AUTO           0000:0000       000011f2
_DATA                  DATA           DGROUP         011f:0002       0000013a
_BSS                   BSS            DGROUP         0132:000c       000007d0


                        +----------------+
                        |   Memory Map   |
                        +----------------+

* = unreferenced symbol
+ = symbol only referenced locally

Address        Symbol
=======        ======

Module: ..\..\startfin\lib\startlib.lib(ASM\startcode.asm)
0000:0000*     _startCode
Module: ..\..\startfin\lib\startlib.lib(ASM\startdata.asm)
011f:0002      _startData
Module: ..\..\startfin\lib\startlib.lib(ASM\startbss.asm)
011f:013c*     _startBSS
Module: ..\..\so1pub\obj\ajustusr.obj(ajustusr.c)
011f:0054*     _argv
0000:0000      _startBin
0000:006b*     __setargv__
Module: VIDEO.obj(video.c)
0000:006c      _main
Module: ..\..\so1pub\lib\ll_s_so1.lib(ll_s_so1.c)
0000:008b*     _SIG_IGN
0000:008c*     _SIG_DFL
011f:00b6      ___sighandler
0000:00a7*     _sigaction
0000:00be*     _alarm
0000:00cb*     _pause
0000:00d1*     _fork
0000:00e2*     _getpid
0000:00f3*     _getpindx
0000:0104*     _getppid
0000:0115*     _getuid
0000:0126*     _getgid
0000:0137*     _read
0000:0151*     _aio_read
0000:016b*     _aio_write
0000:0213*     _fcntl
0000:022d*     _obtenInfoSO1
0000:023a*     _crearRecurso
0000:024e*     _crearFichero
0000:026f*     _esperarDesinstalacion
0000:0280*     _destruirRecurso
0000:0294*     _encolarCcbRecurso
0000:02ad*     _eliminarCcbRecurso
0000:02c6*     _obtenInfoPS
0000:0301*     _obtenInfoMEM
0000:035d*     _obtenInfoPFR
0000:03b0*     _obtenInfoFAB
0000:03bd*     _obtenInfoINFO
0000:03ca*     _getdisk
0000:0501*     _findFirst
0000:0525*     _findNext
0000:0185      _leer
0000:01ab*     _leerListo
0000:01d1*     _leerAsciiListo
0000:05bd*     _activarTraza
0000:05cd*     _analizarProcesos
0000:05dc*     _ll_buscarBloque
0000:0614*     _ll_devolverBloque
0000:065b*     _ll_tamBloqueMax
0000:068d*     _retardoActivo
0000:0093*     _kill
0000:03db*     _procesarEntrada
0000:076e*     _sem_inic
0000:078b*     _sem_bajar
0000:07a5*     _sem_subir
0000:07bf*     _mbox_send
0000:07dc*     _mbox_receive
Module: ..\..\so1pub\lib\ll_s_so1.lib(ll_s_exc.c)
0000:07f9*     _createProcess
0000:0812*     _exec
0000:082b*     _waitpid
0000:0881      _exit
0000:088e*     _setuid
0000:089d*     _setgid
0000:08ac*     _killpid
0000:08c0      _open
0000:08d7      _close
0000:08eb      _write
0000:0905*     _lseek
0000:0933*     _ioctl
Module: ..\..\so1pub\obj\tipos.obj(tipos.c)
0000:094d      _pointer
0000:0965*     _seg
0000:097a*     _off
0000:098f*     _incPtr
Module: ..\..\so1pub\obj\stdio.obj(stdio.c)
0000:09b8*     _putchar
011f:013c*     _bufer
0000:0a07*     _sprintf
0000:0a2b      _printf
0000:0a57      _getchar
Module: ..\..\so1pub\obj\vsprintf.obj(vsprintf.c)
0000:0cb8      _vsprintf
Module: ..\..\crtl\obj\h_ldiv.obj(ASM\H_LDIV.ASM)
0000:10d7*     LDIV@
0000:10d7*     F_LDIV@
0000:10d4*     N_LDIV@
0000:10de*     LUDIV@
0000:10de*     F_LUDIV@
0000:10db      N_LUDIV@
0000:10e6*     LMOD@
0000:10e6*     F_LMOD@
0000:10e3*     N_LMOD@
0000:10ee*     LUMOD@
0000:10ee*     F_LUMOD@
0000:10eb      N_LUMOD@
Module: ..\..\crtl\obj\h_lursh.obj(ASM\H_LURSH.ASM)
0000:1185*     LXURSH@
0000:1185*     F_LXURSH@
0000:1182*     N_LXURSH@
Module: ..\..\crtl\obj\h_llsh.obj(ASM\H_LLSH.ASM)
0000:11a6*     LXLSH@
0000:11a6*     F_LXLSH@
0000:11a3*     N_LXLSH@
Module: ..\..\crtl\obj\f_lxmul.obj(ASM\F_LXMUL.ASM)
0000:11c4*     LXMUL@
0000:11c4*     F_LXMUL@
Module: ..\..\crtl\obj\n_lxmul.obj(ASM\N_LXMUL.ASM)
0000:11db*     N_LXMUL@
Module: ..\..\startfin\lib\finlib.lib(ASM\fincode.asm)
0000:11f2*     _finCode
Module: ..\..\startfin\lib\finlib.lib(ASM\findata.asm)
011f:013c      _finData
Module: ..\..\startfin\lib\finlib.lib(ASM\finbss.asm)
011f:090c      _finBSS


                        +---------------------+
                        |   Module Segments   |
                        +---------------------+

! = 32-bit segment
c = initialized communal data

Module          Segment               Class           Address         Size
======          =======               =====           =======         ====

ASM\startcode.asm
                _TEXT                 CODE           0000:0000        00000000
                _DATA                 DATA           011f:0002        00000000
                _BSS                  BSS            0132:000c        00000000
ASM\startdata.asm
                _TEXT                 CODE           0000:0000        00000000
                _DATA                 DATA           011f:0002        00000000
                _BSS                  BSS            0132:000c        00000000
ASM\startbss.asm
                _TEXT                 CODE           0000:0000        00000000
                _DATA                 DATA           011f:0002        00000000
                _BSS                  BSS            0132:000c        00000000
ajustusr.c      _TEXT                 CODE           0000:0000        0000006c
                _DATA                 DATA           011f:0002        0000007b
                _BSS                  BSS            0132:000c        00000000
video.c         _TEXT                 CODE           0000:006c        0000001f
                _DATA                 DATA           011f:007e        00000037
                _BSS                  BSS            0132:000c        00000000
ll_s_so1.c      _TEXT                 CODE           0000:008b        0000076e
                _DATA                 DATA           011f:00b6        0000003b
                _BSS                  BSS            0132:000c        00000000
ll_s_exc.c      _TEXT                 CODE           0000:07f9        00000154
                _DATA                 DATA           011f:00f2        00000000
                _BSS                  BSS            0132:000c        00000000
tipos.c         _TEXT                 CODE           0000:094d        0000006b
                _DATA                 DATA           011f:00f2        00000000
                _BSS                  BSS            0132:000c        00000000
stdio.c         _TEXT                 CODE           0000:09b8        000000a6
                _DATA                 DATA           011f:00f2        00000000
                _BSS                  BSS            0132:000c        000007d0
vsprintf.c      _TEXT                 CODE           0000:0a5e        00000676
                _DATA                 DATA           011f:00f2        0000004a
                _BSS                  BSS            0132:07dc        00000000
ASM\H_LDIV.ASM  _TEXT                 CODE           0000:10d4        000000ae
ASM\H_LURSH.ASM _TEXT                 CODE           0000:1182        00000021
ASM\H_LLSH.ASM  _TEXT                 CODE           0000:11a3        00000021
ASM\F_LXMUL.ASM _TEXT                 CODE           0000:11c4        00000017
ASM\N_LXMUL.ASM _TEXT                 CODE           0000:11db        00000017
ASM\fincode.asm _TEXT                 CODE           0000:11f2        00000000
                _DATA                 DATA           011f:013c        00000000
                _BSS                  BSS            0132:07dc        00000000
ASM\findata.asm _TEXT                 CODE           0000:11f2        00000000
                _DATA                 DATA           011f:013c        00000000
                _BSS                  BSS            0132:07dc        00000000
ASM\finbss.asm  _TEXT                 CODE           0000:11f2        00000000
                _DATA                 DATA           011f:013c        00000000
                _BSS                  BSS            0132:07dc        00000000


                        +-----------------------+
                        |   Linker Statistics   |
                        +-----------------------+

Stack size:  fffe (65534.)
Memory size:  1afc (6908.)
Entry point address: 0000:0000
Link time: 00:00.15
