JWlink Version 1.9beta 13
Portions Copyright (c) 1985-2002 Sybase, Inc. All Rights Reserved.
Created on:       18/03/28 02:29:35
Executable Image: PBRFAT16.bin
creating a DOS executable


                        +------------+
                        |   Groups   |
                        +------------+

Group                           Address              Size
=====                           =======              ====

DGROUP                          0020:0000            00000210



                        +--------------+
                        |   Segments   |
                        +--------------+

Segment                Class          Group          Address         Size
=======                =====          =====          =======         ====

_TEXT                  CODE           AUTO           0000:0000       00000200
_DATA                  DATA           DGROUP         0020:0000       00000000
_BSS                   BSS            DGROUP         0020:0000       00000210


                        +----------------+
                        |   Memory Map   |
                        +----------------+

* = unreferenced symbol
+ = symbol only referenced locally

Address        Symbol
=======        ======

Module: PBRFAT16.obj(pbrfat16.asm)
0000:0000      _startBin
0000:0100*     _msg
0000:003e*     _bootCode
0020:0000*     _bpb
0020:003e*     _codigo
0020:01fe*     _signaturaPBR
0000:011a*     _main
0000:004e*     _printCar
0000:005a*     _printStr
0000:0085*     _leerTecla
0020:0200*     _error
0000:008a*     _bloqueDeParametros
0000:009b*     _leerSectorLBA
0000:00de*     _incAddr
0000:0135*     _reubicado
0020:0202*     _i
0020:0204*     _entrada
0020:0208*     _ptr
0020:020c*     _sectorlogico
0020:020e*     _nsects


                        +---------------------+
                        |   Module Segments   |
                        +---------------------+

! = 32-bit segment
c = initialized communal data

Module          Segment               Class           Address         Size
======          =======               =====           =======         ====

pbrfat16.asm    _TEXT                 CODE           0000:0000        00000200
                _DATA                 DATA           0020:0000        00000000
                _BSS                  BSS            0020:0000        00000210


                        +-----------------------+
                        |   Linker Statistics   |
                        +-----------------------+

Stack size:  007a (122.)
Memory size:  0410 (1040.)
Entry point address: 0000:0000
Link time: 00:00.15
