JWlink Version 1.9beta 13
Portions Copyright (c) 1985-2002 Sybase, Inc. All Rights Reserved.
Created on:       17/08/24 20:50:43
Executable Image: LOGIN.BIN
creating a DOS executable


                        +------------+
                        |   Groups   |
                        +------------+

Group                           Address              Size
=====                           =======              ====

DGROUP                          0364:0004            0000078e



                        +--------------+
                        |   Segments   |
                        +--------------+

Segment                Class          Group          Address         Size
=======                =====          =====          =======         ====

_TEXT                  CODE           AUTO           0000:0000       00003643
_DATA                  DATA           DGROUP         0364:0004       00000326
_BSS                   BSS            DGROUP         0396:000a       00000468


                        +----------------+
                        |   Memory Map   |
                        +----------------+

* = unreferenced symbol
+ = symbol only referenced locally

Address        Symbol
=======        ======

Module: ..\..\startfin\lib\startlib.lib(ASM\startcode.asm)
0000:0000*     _startCode
Module: ..\..\startfin\lib\startlib.lib(ASM\startdata.asm)
0364:0004      _startData
Module: ..\..\startfin\lib\startlib.lib(ASM\startbss.asm)
0364:032a*     _startBSS
Module: ..\..\so1pub\obj\ajustusr.obj(ajustusr.c)
0364:0056*     _argv
0000:0000      _startBin
0000:002f*     __setargv__
Module: LOGIN.obj(login.c)
0000:0030      _main
Module: ..\..\so1pub\lib\ll_s_so1.lib(ll_s_so1.c)
0000:0182*     _fork
0000:0193*     _getpid
0000:01a4*     _getpindx
0000:01b5*     _getppid
0000:01c6*     _getuid
0000:01d7*     _getgid
0000:01e8      _read
0000:0202*     _aio_read
0000:021c*     _aio_write
0000:0236*     _lseek
0000:02f2*     _fcntl
0000:030c*     _ioctl
0000:0326*     _obtenInfoSO1
0000:0333*     _crearRecurso
0000:0347*     _crearFichero
0000:0368*     _esperarDesinstalacion
0000:0379*     _destruirRecurso
0000:038d*     _encolarCcbRecurso
0000:03a6*     _eliminarCcbRecurso
0000:03bf*     _obtenInfoPS
0000:03fa*     _obtenInfoMEM
0000:0456*     _obtenInfoPFR
0000:04a9*     _obtenInfoFAB
0000:04b6*     _obtenInfoINFO
0000:04c3      _getdisk
0000:05fa      _findFirst
0000:061e      _findNext
0000:0264      _leer
0000:028a      _leerListo
0000:02b0*     _leerAsciiListo
0000:06b6*     _activarTraza
0000:06c6*     _analizarProcesos
0000:06d5*     _ll_buscarBloque
0000:070d*     _ll_devolverBloque
0000:0754*     _ll_tamBloqueMax
0000:0786*     _retardoActivo
0000:0867*     _sem_inic
0000:0884*     _sem_bajar
0000:089e*     _sem_subir
0000:08b8*     _mbox_send
0000:08d5*     _mbox_receive
0000:04d4*     _procesarEntrada
Module: ..\..\so1pub\lib\ll_s_so1.lib(ll_s_exc.c)
0000:08f2*     _createProcess
0000:090b      _exec
0000:0924*     _waitpid
0000:09a5*     _kill
0000:097a      _exit
0000:0987      _setuid
0000:0996      _setgid
0000:09b9      _open
0000:09d0      _close
0000:09e4      _write
Module: ..\..\so1pub\obj\caracter.obj(caracter.c)
0364:010a      _dig
0000:09fe      _mayuscula
0000:0a26*     _minuscula
Module: ..\..\so1pub\obj\printgen.obj(printgen.c)
0000:0a4e      _printGenLn
0000:0a62      _printGenStr
0000:0a9c      _printGenStrHasta
0000:0af4      _printGenDec
0000:0bbc      _printGenLDec
0000:0c97      _printGenInt
0000:0d98      _printGenLInt
0000:0ec9      _printGenHex
0000:0f87      _printGenLHex
0000:1070      _printGenBin
0000:111c      _printGenLBin
0000:11d9      _printGenPtr
0000:1217*     _printfGen
Module: ..\..\so1pub\obj\tipos.obj(tipos.c)
0000:121a      _pointer
0000:1232      _seg
0000:1247      _off
0000:125c*     _incPtr
Module: ..\..\so1pub\obj\put.obj(put.c)
0000:12af      _putCar
0000:12c2*     _putLn
0000:12d4*     _putStr
0000:12ec*     _putStrHasta
0000:130a*     _putDec
0000:1324*     _putLDec
0000:1341*     _putInt
0000:135b*     _putLInt
0000:1378*     _putHex
0000:1392*     _putLHex
0000:13af*     _putBin
0000:13c9*     _putLBin
0000:13e6*     _putPtr
Module: ..\..\so1pub\obj\escribir.obj(escribir.c)
0000:1400      _escribirCar
0000:1411      _escribirLn
0000:1419      _escribirStr
0000:142b      _escribirStrHasta
0000:1443      _escribirDec
0000:1457*     _escribirLDec
0000:146e      _escribirInt
0000:1482*     _escribirLInt
0000:1499      _escribirHex
0000:14ad*     _escribirLHex
0000:14c4*     _escribirBin
0000:14d8*     _escribirLBin
0000:14ef*     _escribirPtr
Module: ..\..\so1pub\obj\stdio.obj(stdio.c)
0364:0338*     _flagSet
0364:033a*     _aP
0364:033c*     _fc
0364:033d*     _isSigned
0364:033e*     _width
0364:0340*     _precision
0364:0342*     _plusSign
0364:0344*     _leadZ
0364:0346*     _abandonP
0364:0348*     _tempStr
0364:017c*     _totalSent
0364:017e*     _Scount
0364:0378*     _S
0364:0180*     _eof_error
0000:1503      _printf
0000:1729*     _getch
Module: ..\..\so1pub\obj\biosdata.obj(biosdata.c)
0364:0186      _ptrBiosArea
0364:018a*     _ptrFechaBios
Module: ..\..\so1pub\obj\bios_0.obj(bios_0.c)
0000:1730*     _tipoOrdenador
0000:174c*     _rebootLegacy
0000:1754*     _tipoTeclado
0000:1764*     _leerTeclaBIOS
0000:1774*     _leerTeclaExtBIOS
0000:1784*     _teclaListaBIOS
0000:179a*     _leerTeclaListaBDA
0000:185d*     _teclaListaBDA
0000:18fe*     _printCarBIOS
0000:190a*     _printCarPagBIOS
0000:1a3c*     _printCarAtrPagBIOS
0000:1a4e*     _printLnBIOS
0000:1a5b*     _printStrBIOS
0000:1a6f*     _printStrHastaBIOS
0000:1a89*     _printDecBIOS
0000:1a9d*     _printLDecBIOS
0000:1ab4*     _printIntBIOS
0000:1ac8*     _printLIntBIOS
0000:1adf*     _printHexBIOS
0000:1af3*     _printLHexBIOS
0000:1b0a*     _printBinBIOS
0000:1b1e*     _printLBinBIOS
0000:1b35*     _printPtrBIOS
0000:1b49*     _printWordBIOS
0000:1b9a*     _printCadBIOS
0000:18af*     _esperarTicsBIOS
0000:1bd6*     _modoDeVideo
0000:1be6*     _establecerModoDeVideo
0000:1bf2*     _paginaActiva
0000:1c02*     _establecerPaginaActiva
0000:1c0e*     _numPagsVideo
0000:1c2c*     _scrollPagBDA
0000:1e6f*     _scrollPagBIOS
0000:1eaa*     _scrollBIOS
0000:1edc*     _goToXYPag
0000:1eee*     _goToXYBIOS
0000:1f0d*     _setCursorBIOS
0000:1f1c*     _ocultaCursorBIOS
0000:1f27*     _readXYPagBIOS
0000:1f4b*     _readXYBIOS
0000:1f7c*     _memBIOS
0000:1f7f*     _enviarBIOS
0000:1f8e*     _recibirBIOS
0000:1fa1*     _hayApmBIOS
0000:1fc7*     _connectApmBIOS
0000:1fe3*     _disconnectApmBIOS
0000:1fff*     _cpuIdleBIOS
0000:2005*     _cpuBusyBIOS
0000:18ea*     _printCarRawBIOS
Module: ..\..\so1pub\obj\saludos.obj(saludos.c)
0000:200b*     _printStrRojo
0000:2017      _mostrarSaludoGrande
0000:204b*     _mostrarSaludo
Module: ..\..\so1pub\obj\scanner.obj(scanner.c)
0364:03c8      _comando
0364:0202      _inCmd
0364:0204      _outCmd
0364:0206      _nComandos
0364:0208      _simbCmd
0364:0300      _numCmds
0364:06e8*     _car
0364:06ea*     _pos
0364:06ec*     _simb
0364:06ee*     _num
0364:06f0*     _numLargo
0364:06f4*     _str
0000:2071*     _inicScanner
0000:207d*     _obtenCar
0000:2436*     _obtenStr
0000:20af*     _saltarBlancos
0000:20bc*     _numDec
0000:218f*     _numHex
0000:227b*     _identificador
0000:23a5*     _obtenSimb
Module: ..\..\so1pub\obj\leercmd.obj(leercmd.c)
0364:0302*     _carAnt
0364:0304*     _comBusqueda
0364:0306*     _iAnt
0364:0744*     _unidadLogica
0364:0746*     _unidad
0364:0748*     _ffblk
0364:0767*     _fcb
0000:246a*     _borrarUltimoCaracter
0000:2490*     _borrarCaracter
0000:252e*     _borrarLineaDeComando
0000:256e*     _copiarComando
0000:25cb*     _autocompletarCInt
0000:2734*     _autocompletarCExt
0000:29f5      _leerComando
Module: ..\..\so1pub\obj\msdos.obj(msdos.c)
0000:2d9d*     _finProgDOS
0000:2db0*     _hayMSDOS
0000:2fad*     _hayDOSBox
0000:317e*     _hayWindowsNT
0000:2e3b*     _segPSP
0000:2e2b*     _versionMSDOS
0000:2e4b*     _entornoMSDOS
0000:2e7e*     _valorMSDOS
0000:2f1b*     _argcMSDOS
0000:300a*     _argvMSDOS
0000:31d6*     _openDOS
0000:31f5*     _extendedOpenDOS
0000:324c*     _closeDOS
0000:3266*     _commitFileDOS
0000:3280*     _createDOS
0000:329f*     _readDOS
0000:32c3*     _writeDOS
0000:32e7*     _lseekDOS
0000:3336*     _getdiskDOS
0000:3348*     _setdiskDOS
0000:335d*     _getcurdirDOS
0000:337e*     _chdirDOS
0000:3395      _findfirstDOS
0000:33c7      _findnextDOS
Module: ..\..\so1pub\obj\strings.obj(strings.c)
0000:33f3      _copiarStr
0000:341c*     _copiarStrHasta
0000:3456      _iguales
0000:348f      _igualesHasta
0000:34d3      _igualesSalvoMayusculasHasta
Module: ..\..\crtl\obj\h_ldiv.obj(ASM\H_LDIV.ASM)
0000:3528*     LDIV@
0000:3528*     F_LDIV@
0000:3525      N_LDIV@
0000:352f*     LUDIV@
0000:352f*     F_LUDIV@
0000:352c      N_LUDIV@
0000:3537*     LMOD@
0000:3537*     F_LMOD@
0000:3534      N_LMOD@
0000:353f*     LUMOD@
0000:353f*     F_LUMOD@
0000:353c      N_LUMOD@
Module: ..\..\crtl\obj\h_lursh.obj(ASM\H_LURSH.ASM)
0000:35d6*     LXURSH@
0000:35d6*     F_LXURSH@
0000:35d3*     N_LXURSH@
Module: ..\..\crtl\obj\h_llsh.obj(ASM\H_LLSH.ASM)
0000:35f7*     LXLSH@
0000:35f7*     F_LXLSH@
0000:35f4      N_LXLSH@
Module: ..\..\crtl\obj\f_lxmul.obj(ASM\F_LXMUL.ASM)
0000:3615*     LXMUL@
0000:3615*     F_LXMUL@
Module: ..\..\crtl\obj\n_lxmul.obj(ASM\N_LXMUL.ASM)
0000:362c      N_LXMUL@
Module: ..\..\startfin\lib\finlib.lib(ASM\fincode.asm)
0000:3643*     _finCode
Module: ..\..\startfin\lib\finlib.lib(ASM\findata.asm)
0364:032a      _finData
Module: ..\..\startfin\lib\finlib.lib(ASM\finbss.asm)
0364:0792      _finBSS


                        +---------------------+
                        |   Module Segments   |
                        +---------------------+

! = 32-bit segment
c = initialized communal data

Module          Segment               Class           Address         Size
======          =======               =====           =======         ====

ASM\startcode.asm
                _TEXT                 CODE           0000:0000        00000000
                _DATA                 DATA           0364:0004        00000000
                _BSS                  BSS            0396:000a        00000000
ASM\startdata.asm
                _TEXT                 CODE           0000:0000        00000000
                _DATA                 DATA           0364:0004        00000000
                _BSS                  BSS            0396:000a        00000000
ASM\startbss.asm
                _TEXT                 CODE           0000:0000        00000000
                _DATA                 DATA           0364:0004        00000000
                _BSS                  BSS            0396:000a        00000000
ajustusr.c      _TEXT                 CODE           0000:0000        00000030
                _DATA                 DATA           0364:0004        0000007b
                _BSS                  BSS            0396:000a        00000000
login.c         _TEXT                 CODE           0000:0030        00000152
                _DATA                 DATA           0364:0080        00000070
                _BSS                  BSS            0396:000a        00000000
ll_s_so1.c      _TEXT                 CODE           0000:0182        00000770
                _DATA                 DATA           0364:00f0        00000019
                _BSS                  BSS            0396:000a        00000000
ll_s_exc.c      _TEXT                 CODE           0000:08f2        0000010c
                _DATA                 DATA           0364:010a        00000000
                _BSS                  BSS            0396:000a        00000000
caracter.c      _TEXT                 CODE           0000:09fe        00000050
                _DATA                 DATA           0364:010a        00000011
                _BSS                  BSS            0396:000a        00000000
printgen.c      _TEXT                 CODE           0000:0a4e        000007cc
                _DATA                 DATA           0364:011c        00000000
                _BSS                  BSS            0396:000a        0000000b
tipos.c         _TEXT                 CODE           0000:121a        0000006b
                _DATA                 DATA           0364:011c        00000000
                _BSS                  BSS            0396:0016        00000000
put.c           _TEXT                 CODE           0000:1285        0000017b
                _DATA                 DATA           0364:011c        00000000
                _BSS                  BSS            0396:0016        00000002
escribir.c      _TEXT                 CODE           0000:1400        00000103
                _DATA                 DATA           0364:011c        00000000
                _BSS                  BSS            0396:0018        00000000
stdio.c         _TEXT                 CODE           0000:1503        0000022d
                _DATA                 DATA           0364:011c        00000069
                _BSS                  BSS            0396:0018        00000090
biosdata.c      _TEXT                 CODE           0000:1730        00000000
                _DATA                 DATA           0364:0186        00000008
                _BSS                  BSS            0396:00a8        00000000
bios_0.c        _TEXT                 CODE           0000:1730        000008db
                _DATA                 DATA           0364:018e        00000000
                _BSS                  BSS            0396:00a8        00000000
saludos.c       _TEXT                 CODE           0000:200b        00000066
                _DATA                 DATA           0364:018e        00000073
                _BSS                  BSS            0396:00a8        00000000
scanner.c       _TEXT                 CODE           0000:2071        000003f9
                _DATA                 DATA           0364:0202        00000100
                _BSS                  BSS            0396:00a8        0000037c
leercmd.c       _TEXT                 CODE           0000:246a        00000933
                _DATA                 DATA           0364:0302        0000000c
                _BSS                  BSS            0396:0424        0000004e
msdos.c         _TEXT                 CODE           0000:2d9d        00000656
                _DATA                 DATA           0364:030e        0000001c
                _BSS                  BSS            0396:0472        00000000
strings.c       _TEXT                 CODE           0000:33f3        00000132
                _DATA                 DATA           0364:032a        00000000
                _BSS                  BSS            0396:0472        00000000
ASM\H_LDIV.ASM  _TEXT                 CODE           0000:3525        000000ae
ASM\H_LURSH.ASM _TEXT                 CODE           0000:35d3        00000021
ASM\H_LLSH.ASM  _TEXT                 CODE           0000:35f4        00000021
ASM\F_LXMUL.ASM _TEXT                 CODE           0000:3615        00000017
ASM\N_LXMUL.ASM _TEXT                 CODE           0000:362c        00000017
ASM\fincode.asm _TEXT                 CODE           0000:3643        00000000
                _DATA                 DATA           0364:032a        00000000
                _BSS                  BSS            0396:0472        00000000
ASM\findata.asm _TEXT                 CODE           0000:3643        00000000
                _DATA                 DATA           0364:032a        00000000
                _BSS                  BSS            0396:0472        00000000
ASM\finbss.asm  _TEXT                 CODE           0000:3643        00000000
                _DATA                 DATA           0364:032a        00000000
                _BSS                  BSS            0396:0472        00000000


                        +-----------------------+
                        |   Linker Statistics   |
                        +-----------------------+

Stack size:  fffe (65534.)
Memory size:  3dd2 (15826.)
Entry point address: 0000:0000
Link time: 00:00.00
