JWlink Version 1.9beta 13
Portions Copyright (c) 1985-2002 Sybase, Inc. All Rights Reserved.
Created on:       17/08/24 20:50:37
Executable Image: SO1.EXE
creating a DOS executable


                        +------------+
                        |   Groups   |
                        +------------+

Group                           Address              Size
=====                           =======              ====

DGROUP                          0935:0008            00002a42



                        +--------------+
                        |   Segments   |
                        +--------------+

Segment                Class          Group          Address         Size
=======                =====          =====          =======         ====

_TEXT                  CODE           AUTO           0000:0000       00009357
_DATA                  DATA           DGROUP         0935:0008       00000942
_BSS                   BSS            DGROUP         09c9:000a       00002100


                        +----------------+
                        |   Memory Map   |
                        +----------------+

* = unreferenced symbol
+ = symbol only referenced locally

Address        Symbol
=======        ======

Module: ..\startfin\lib\startlib.lib(ASM\startcode.asm)
0000:0000*     _startCode
Module: ..\startfin\lib\startlib.lib(ASM\startdata.asm)
0935:0008      _startData
Module: ..\startfin\lib\startlib.lib(ASM\startbss.asm)
0935:094a      _startBSS
Module: obj\ajustes.obj(ajustes.c)
0000:0000*     _startBin
0000:0043      _startExe
0000:0056*     _startCommon
0000:006c      _startCabecera
0000:0094*     _finish
0000:0095      _segDatos
0000:0098      _modoSO1
0000:00a1      _desplCab
0000:00aa      _unidadBIOS
0935:094a      _CS_SO1
0935:094c      _DS_SO1
0935:094e*     _BSS_SO1
0935:0950      _IMRInicial
Module: obj\so1dbg.obj(so1dbg.c)
0000:00b2*     _puntoDeParadaSO1
0000:00c5      _inicTeclado
0000:00e6*     _leerScancodeListo
0000:00e9      _leerScancode
Module: obj\s0.obj(s0.c)
0000:019d      _mirarLoQueHay
0000:02c6      _mostrarLoQueHay
0000:03c0      _tirarS0
0000:00f3*     _fechaCompactada
0000:0297*     _ponerMuescaX
Module: obj\SO1.obj(so1.c)
0000:066f*     _tirarSistema
0000:0403      _main
Module: obj\blockpr.obj(blockpr.c)
0935:0952      _SS_Proceso
0935:0954      _SP_Proceso
0935:0956      _SS_Tarea
0935:0958      _SP_Tarea
0935:03ee      _nivelActivacionSO1
0935:03f0      _enHalt
0935:03f2      _activarAlEpilogo1
0935:03f4      _hayTic
0000:0a08      _prepararDesbloqueadosUrgentes
0000:0a27      _buscarNuevoProcesoActual
0000:0a66      _bloquearProcesoActual
Module: obj\bios.obj(bios.c)
0000:0aa8*     _resetControlerBIOS
0000:0abc      _leerSectorCSH
0000:0ad6*     _escribirSectorCSH
0000:0af0      _leerSectorLBA
0000:0b0d*     _escribirSectorLBA
0000:0b2a*     _opSectorCSH
0000:0b77*     _opSectorLBA
0935:095a*     _bloqueDeParametros
Module: obj\dbgword.obj(dbgword.c)
0935:03f6      _debugWord
Module: obj\dokill.obj(dokill.c)
0000:0bdd      _doKill
Module: obj\ejecutar.obj(ejecutar.c)
0000:0cf6      _kk_fork
0000:0eb8      _preEjecutar
Module: obj\matrix.obj(matrix.asm)
0000:11ca*     _matrix
Module: obj\interrup.obj(interrup.c)
0935:096c      _VIOrg
0935:0b6c      _recVInt
0000:1412*     _rti_00
0000:17a3      _inicTVI
0000:181a      _redirigirInt
0000:1866      _redirigirIntHardware
0000:18b3      _restablecerInt
0000:1411*     _isrNula
0935:0c6c*     _isr
Module: obj\llamadas.obj(llamadas.c)
0000:18f7      _isr_SO1
0000:18f6*     _so1_manejador_Nulo
0935:040c*     _manejador
0935:0e6c*     _codOp
0935:0e6e*     _dirDestino
Module: obj\manej_00.obj(manej_00.c)
0000:19af*     _bloquearEsperandoHijo
0000:19cb      _so1_manejador_00
Module: obj\manej_01.obj(manej_01.c)
0000:1e81*     _indiceTFAS
0000:1ecd*     _indiceTFA
0000:1f24*     _nuevaEntradaTFA
0000:1f59      _so1_manejador_01
Module: obj\manej_02.obj(manej_02.c)
0000:25b4*     _cargarDescSO1
0000:26ee      _so1_manejador_02
Module: obj\manej_03.obj(manej_03.c)
0000:2bd2      _so1_manejador_03
Module: obj\manej_04.obj(manej_04.c)
0000:2d45      _so1_manejador_04
Module: obj\plot.obj(plot.c)
0935:04aa      _plotProcesos
0000:30ff      _plot
0000:2df2*     _initPlot
0000:2fe0      _finPlot
0935:0e84*     _plotCar
0000:3065*     _plotCarNula
0000:3066*     _plotCarLPT
0000:3067*     _plotCarCOM
0000:3068*     _plotCarCOMP
0000:3087*     _plotCarFILE
0000:3069*     _plotCarBuf
0000:309d*     _plotCarE9
0000:2f6d*     _tareaPlot
0000:2dee*     _tareaPrueba
0000:30a7*     _cambioDeEstado
Module: obj\procesos.obj(procesos.c)
0935:0ea8      _descProceso
0935:1c68      _descFichero
0935:1e0c      _descRecurso
0935:2296      _c2cPFR
0935:22fa      _e2PFR
0935:25f2      _ccbAlEpilogo
0935:25f6      _tramaProceso
0935:25fa*     _tramaTarea
0935:04ea      _indProcesoActual
0935:04ec*     _indProcesoDeSuperficie
0935:25fe      _contRodajas
0935:2602      _contTicsRodaja
0935:2604*     _contadorTimer00
0935:04ee*     _contOcioso
0000:32ed      _nuevoPid
0000:32f5      _indice
0000:3331      _sigProceso
0000:3375      _activarProceso
0000:3621      _registrarEnPOrdenados
0000:36d0      _crearProceso
0000:3c81      _inicProcesos
0000:32e6*     _resetPids
0000:3fcb      _terminarProcIndx
0000:4092      _eliminarProcIndx
0000:40cd      _matarProcIndx
0935:04b8*     _descCcbAlEpilogo
0935:04e8*     _numPids
0000:3435*     _salvarProceso
0000:3454*     _salvarTareaInterrumpida
0000:3473*     _ponerNumeroHex
0000:34dc*     _ponerNumero
0935:04f0*     _strSo1
0935:0520*     _comandoSo1a
0935:0570*     _comandoSo1b
0000:3f87*     _devolverParticion
Module: obj\recursos.obj(recursos.c)
0000:4150      _inicRecursos
0000:4397      _crearRec
0000:46a4      _crearFich
0000:4784      _destruirFich
0000:4888      _destruirRec
Module: obj\sf.obj(sf.c)
0935:05c2*     _unidadFisicaActual
0935:05c0      _unidadLogicaActual
0935:2606*     _descUnidadLogica
0935:2732*     _descUnidadFisica
0935:285e*     _sectoresPorPista
0935:2860*     _cabezas
0935:2862*     _sectoresPorCluster
0935:2864*     _bytesPorSector
0935:2866*     _bytesPorCluster
0935:2868*     _entradasPorSector
0935:286a*     _entradasPorCluster
0935:286c*     _entradasDirRaiz
0935:286e*     _sectoresDirRaiz
0935:2870*     _primerSector
0935:2874*     _primerSectorFAT
0935:2878*     _primerSectorDirRaiz
0935:287c*     _primerSectorDatos
0935:2880*     _tamFAT
0935:2884*     _entradasFAT
0935:2888*     _clusteres
0935:288c*     _FAT
0000:4ce6      _inicSF
0935:2890*     _numFichAbiertos
0935:2892*     _segBuferSO1
0935:2894*     _ptrBuferSO1
0000:4c8c*     _leerSectorSO1
0935:2898      _tablaFichAbiertos
0000:542d      _inicTablaFichAbiertos
0000:554c*     _cargaFAT12_Ok
0000:55ec*     _cargaFAT16_Ok
0000:5631*     _numSectores
0000:5647      _findFirstSo1
0000:566b      _findNextSo1
0000:5724      _formatearNombre
0000:5882      _tamFichero
0000:58b8      _abrirFichero
0000:5a9d      _cerrarFichero
0000:5ace      _tamProceso
0000:5cb5      _cargaFicheroAbierto_Ok
0000:5e49*     _cargaFichero_Ok
0000:4b65*     _segBuferSeguro
0000:4ba9*     _leerSectorUL
0000:545d*     _cargarSectoresFAT
0000:54c7*     _desempaquetarFAT12
Module: obj\gm.obj(gm.c)
0935:2a1e      _tamBloqueMax
0935:2a20      _listaLibres
0000:6026      _k_buscarBloque
0000:61b9      _k_devolverBloque
0935:2a24*     _rec_gm
0000:642e      _inicGM
0935:2a26*     _dfs_gm
Module: obj\minifs.obj(minifs.c)
0935:2a28      _rec_sf
0935:2a2a*     _dfs_sf
0000:6745      _inicMinisfMSDOS
0000:6826      _inicMinisfFAT
Module: ..\so1pub\obj\tipos.obj(tipos.c)
0000:6829      _pointer
0000:6841      _seg
0000:6856      _off
0000:686b      _incPtr
Module: ..\so1pub\obj\ptrc2c.obj(ptrc2c.c)
0000:6894*     _posicionPC2c
0000:690c      _eliminarPC2c
0000:69b1      _apilarPC2c
0000:6a32      _encolarPC2c
0000:6aca      _desencolarPC2c
0000:6b7c      _inicializarPC2c
Module: ..\so1pub\obj\ccb.obj(ccb.c)
0000:6c0d*     _inicCcb
0000:6c6f      _encolarCcb
0000:6cdf*     _desencolarCcb
0000:6d3f      _eliminarCcb
0000:6e24      _eliminarSegCcb
0000:6efc      _vaciarCcb
0000:6f58      _atenderCcb
Module: ..\so1pub\obj\caracter.obj(caracter.c)
0935:08e0      _dig
0000:6fd8      _mayuscula
0000:7000*     _minuscula
Module: ..\so1pub\obj\strings.obj(strings.c)
0000:7028      _copiarStr
0000:7051      _copiarStrHasta
0000:708b      _iguales
0000:70c4      _igualesHasta
0000:7108      _igualesSalvoMayusculasHasta
Module: ..\so1pub\obj\copia.obj(copia.c)
0000:715a      _copia
0000:7184      _copiaLarga
Module: ..\so1pub\obj\printgen.obj(printgen.c)
0000:7216      _printGenLn
0000:722a      _printGenStr
0000:7264      _printGenStrHasta
0000:72bc      _printGenDec
0000:7384      _printGenLDec
0000:745f      _printGenInt
0000:7560      _printGenLInt
0000:7691      _printGenHex
0000:774f      _printGenLHex
0000:7838      _printGenBin
0000:78e4      _printGenLBin
0000:79a1      _printGenPtr
0000:79df*     _printfGen
Module: ..\so1pub\obj\escribir.obj(escribir.c)
0000:79e2      _escribirCar
0000:79f3      _escribirLn
0000:79fb      _escribirStr
0000:7a0d*     _escribirStrHasta
0000:7a25*     _escribirDec
0000:7a39*     _escribirLDec
0000:7a50      _escribirInt
0000:7a64*     _escribirLInt
0000:7a7b*     _escribirHex
0000:7a8f*     _escribirLHex
0000:7aa6*     _escribirBin
0000:7aba*     _escribirLBin
0000:7ad1*     _escribirPtr
Module: ..\so1pub\obj\put.obj(put.c)
0000:7b0f      _putCar
0000:7b22*     _putLn
0000:7b34*     _putStr
0000:7b4c*     _putStrHasta
0000:7b6a*     _putDec
0000:7b84*     _putLDec
0000:7ba1*     _putInt
0000:7bbb*     _putLInt
0000:7bd8*     _putHex
0000:7bf2*     _putLHex
0000:7c0f*     _putBin
0000:7c29*     _putLBin
0000:7c46*     _putPtr
Module: ..\so1pub\obj\pantalla.obj(pantalla.c)
0000:7c60*     _tamPantalla
0000:7c6f*     _pantallazo
0000:7d23*     _borrarPantalla
0000:7d47*     _borrarCPantalla
0000:7d6b      _copiarPantalla
0000:7dc7*     _copiarCPantalla
0000:7e23*     _scrollPantalla
0000:7e77*     _scrollCPantalla
Module: ..\so1pub\lib\ll_s_exc.lib(ll_s_exc.c)
0000:7ec1      _createProcess
0000:7eda*     _exec
0000:7ef3      _waitpid
0000:7f74      _kill
0000:7f49      _exit
0000:7f56*     _setuid
0000:7f65*     _setgid
0000:7f88      _open
0000:7f9f      _close
0000:7fb3      _write
Module: ..\so1pub\obj\msdos.obj(msdos.c)
0000:7fcd      _finProgDOS
0000:7fe0*     _hayMSDOS
0000:81dd*     _hayDOSBox
0000:83ae      _hayWindowsNT
0000:806b      _segPSP
0000:805b*     _versionMSDOS
0000:807b*     _entornoMSDOS
0000:80ae*     _valorMSDOS
0000:814b*     _argcMSDOS
0000:823a*     _argvMSDOS
0000:8406*     _openDOS
0000:8425      _extendedOpenDOS
0000:847c      _closeDOS
0000:8496      _commitFileDOS
0000:84b0*     _createDOS
0000:84cf      _readDOS
0000:84f3      _writeDOS
0000:8517      _lseekDOS
0000:8566      _getdiskDOS
0000:8578      _setdiskDOS
0000:858d*     _getcurdirDOS
0000:85ae*     _chdirDOS
0000:85c5*     _findfirstDOS
0000:85f7*     _findnextDOS
Module: ..\so1pub\obj\biosdata.obj(biosdata.c)
0935:090e      _ptrBiosArea
0935:0912      _ptrFechaBios
Module: ..\so1pub\obj\puertos.obj(puertos.c)
0000:8623      _inportb
0000:862e*     _inport
0000:8637*     _outport
0000:8643      _outportb
0000:864f*     _inportb_r
0000:866b*     _outportb_r
0000:8684      _contadorTimer0
Module: ..\so1pub\obj\bios_0.obj(bios_0.c)
0000:8695*     _tipoOrdenador
0000:86b1      _rebootLegacy
0000:86b9*     _tipoTeclado
0000:86c9      _leerTeclaBIOS
0000:86d9*     _leerTeclaExtBIOS
0000:86e9*     _teclaListaBIOS
0000:86ff*     _leerTeclaListaBDA
0000:87c2*     _teclaListaBDA
0000:8863      _printCarBIOS
0000:886f*     _printCarPagBIOS
0000:89a1*     _printCarAtrPagBIOS
0000:89b3      _printLnBIOS
0000:89c0      _printStrBIOS
0000:89d4*     _printStrHastaBIOS
0000:89ee      _printDecBIOS
0000:8a02      _printLDecBIOS
0000:8a19      _printIntBIOS
0000:8a2d*     _printLIntBIOS
0000:8a44      _printHexBIOS
0000:8a58      _printLHexBIOS
0000:8a6f*     _printBinBIOS
0000:8a83*     _printLBinBIOS
0000:8a9a      _printPtrBIOS
0000:8aae*     _printWordBIOS
0000:8aff*     _printCadBIOS
0000:8814      _esperarTicsBIOS
0000:8b3b*     _modoDeVideo
0000:8b4b*     _establecerModoDeVideo
0000:8b57*     _paginaActiva
0000:8b67*     _establecerPaginaActiva
0000:8b73*     _numPagsVideo
0000:8b91*     _scrollPagBDA
0000:8dd4*     _scrollPagBIOS
0000:8e0f      _scrollBIOS
0000:8e41*     _goToXYPag
0000:8e53      _goToXYBIOS
0000:8e72*     _setCursorBIOS
0000:8e81      _ocultaCursorBIOS
0000:8e8c*     _readXYPagBIOS
0000:8eb0      _readXYBIOS
0000:8ee1      _memBIOS
0000:8ee4*     _enviarBIOS
0000:8ef3*     _recibirBIOS
0000:8f06*     _hayApmBIOS
0000:8f2c*     _connectApmBIOS
0000:8f48*     _disconnectApmBIOS
0000:8f64*     _cpuIdleBIOS
0000:8f6a*     _cpuBusyBIOS
0000:884f*     _printCarRawBIOS
Module: ..\so1pub\obj\telon.obj(telon.c)
0000:8f70      _salvarPantallaInicial
0000:901d      _restaurarPantallaInicial
Module: ..\so1pub\obj\debug.obj(debug.c)
0000:9044*     _puntoDeParada
0935:0916*     _debug_parar
0000:9059      _assert
0000:9073      _valorFlags
0000:9081      _mostrarFlags
Module: ..\so1pub\obj\pic.obj(pic.c)
0935:0946      _ptrTVI
0000:90bd      _valorIMR
0000:90cf      _establecerIMR
0000:90dd*     _mask_pic1
0000:90f4*     _mask_pic2
0000:910d      _unmask_pic1
0000:9128      _unmask_pic2
0000:9145*     _get_pic1_isr
0000:9156*     _get_pic2_isr
0000:9169*     _set_pics
0000:91dd*     _pic_setup
0000:91e8*     _enable_hwirq
Module: ..\crtl\obj\h_ldiv.obj(ASM\H_LDIV.ASM)
0000:923c*     LDIV@
0000:923c*     F_LDIV@
0000:9239      N_LDIV@
0000:9243*     LUDIV@
0000:9243*     F_LUDIV@
0000:9240      N_LUDIV@
0000:924b*     LMOD@
0000:924b*     F_LMOD@
0000:9248      N_LMOD@
0000:9253*     LUMOD@
0000:9253*     F_LUMOD@
0000:9250      N_LUMOD@
Module: ..\crtl\obj\h_lursh.obj(ASM\H_LURSH.ASM)
0000:92ea*     LXURSH@
0000:92ea*     F_LXURSH@
0000:92e7      N_LXURSH@
Module: ..\crtl\obj\h_llsh.obj(ASM\H_LLSH.ASM)
0000:930b*     LXLSH@
0000:930b*     F_LXLSH@
0000:9308      N_LXLSH@
Module: ..\crtl\obj\f_lxmul.obj(ASM\F_LXMUL.ASM)
0000:9329*     LXMUL@
0000:9329*     F_LXMUL@
Module: ..\crtl\obj\n_lxmul.obj(ASM\N_LXMUL.ASM)
0000:9340      N_LXMUL@
Module: ..\startfin\lib\finlib.lib(ASM\fincode.asm)
0000:9357*     _finCode
Module: ..\startfin\lib\finlib.lib(ASM\findata.asm)
0935:094a      _finData
Module: ..\startfin\lib\finlib.lib(ASM\finbss.asm)
0935:2a4a      _finBSS


                        +---------------------+
                        |   Module Segments   |
                        +---------------------+

! = 32-bit segment
c = initialized communal data

Module          Segment               Class           Address         Size
======          =======               =====           =======         ====

ASM\startcode.asm
                _TEXT                 CODE           0000:0000        00000000
                _DATA                 DATA           0935:0008        00000000
                _BSS                  BSS            09c9:000a        00000000
ASM\startdata.asm
                _TEXT                 CODE           0000:0000        00000000
                _DATA                 DATA           0935:0008        00000000
                _BSS                  BSS            09c9:000a        00000000
ASM\startbss.asm
                _TEXT                 CODE           0000:0000        00000000
                _DATA                 DATA           0935:0008        00000000
                _BSS                  BSS            09c9:000a        00000000
ajustes.c       _TEXT                 CODE           0000:0000        000000b2
                _DATA                 DATA           0935:0008        00000000
                _BSS                  BSS            09c9:000a        00000008
so1dbg.c        _TEXT                 CODE           0000:00b2        00000041
                _DATA                 DATA           0935:0008        00000000
                _BSS                  BSS            09c9:0012        00000000
s0.c            _TEXT                 CODE           0000:00f3        00000310
                _DATA                 DATA           0935:0008        00000113
                _BSS                  BSS            09c9:0012        00000000
so1.c           _TEXT                 CODE           0000:0403        00000605
                _DATA                 DATA           0935:011c        000002d2
                _BSS                  BSS            09c9:0012        00000000
blockpr.c       _TEXT                 CODE           0000:0a08        000000a0
                _DATA                 DATA           0935:03ee        00000008
                _BSS                  BSS            09c9:0012        00000008
bios.c          _TEXT                 CODE           0000:0aa8        00000135
                _DATA                 DATA           0935:03f6        00000000
                _BSS                  BSS            09c9:001a        00000010
dbgword.c       _TEXT                 CODE           0000:0bdd        00000000
                _DATA                 DATA           0935:03f6        00000002
                _BSS                  BSS            09c9:002a        00000000
dokill.c        _TEXT                 CODE           0000:0bdd        00000119
                _DATA                 DATA           0935:03f8        00000002
                _BSS                  BSS            09c9:002a        00000002
ejecutar.c      _TEXT                 CODE           0000:0cf6        000004d4
                _DATA                 DATA           0935:03fa        00000011
                _BSS                  BSS            09c9:002c        00000000
matrix.asm      _TEXT                 CODE           0000:11ca        00000247
                _DATA                 DATA           0935:040c        00000000
                _BSS                  BSS            09c9:002c        00000000
interrup.c      _TEXT                 CODE           0000:1411        000004e5
                _DATA                 DATA           0935:040c        00000000
                _BSS                  BSS            09c9:002c        00000500
llamadas.c      _TEXT                 CODE           0000:18f6        000000b9
                _DATA                 DATA           0935:040c        0000006f
                _BSS                  BSS            09c9:052c        00000004
manej_00.c      _TEXT                 CODE           0000:19af        000004d2
                _DATA                 DATA           0935:047c        0000002d
                _BSS                  BSS            09c9:0530        0000000c
manej_01.c      _TEXT                 CODE           0000:1e81        00000733
                _DATA                 DATA           0935:04aa        00000000
                _BSS                  BSS            09c9:053c        00000000
manej_02.c      _TEXT                 CODE           0000:25b4        0000033e
                _DATA                 DATA           0935:04aa        00000000
                _BSS                  BSS            09c9:053c        00000000
manej_03.c      _TEXT                 CODE           0000:28f2        00000453
                _DATA                 DATA           0935:04aa        00000000
                _BSS                  BSS            09c9:053c        00000000
manej_04.c      _TEXT                 CODE           0000:2d45        000000a9
                _DATA                 DATA           0935:04aa        00000000
                _BSS                  BSS            09c9:053c        00000000
plot.c          _TEXT                 CODE           0000:2dee        000004f8
                _DATA                 DATA           0935:04aa        0000000e
                _BSS                  BSS            09c9:053c        0000002a
procesos.c      _TEXT                 CODE           0000:32e6        00000e6a
                _DATA                 DATA           0935:04b8        00000108
                _BSS                  BSS            09c9:0566        00001760
recursos.c      _TEXT                 CODE           0000:4150        00000a15
                _DATA                 DATA           0935:05c0        00000000
                _BSS                  BSS            09c9:1cc6        00000000
sf.c            _TEXT                 CODE           0000:4b65        000014c1
                _DATA                 DATA           0935:05c0        000002db
                _BSS                  BSS            09c9:1cc6        00000418
gm.c            _TEXT                 CODE           0000:6026        000005e4
                _DATA                 DATA           0935:089c        00000031
                _BSS                  BSS            09c9:20de        0000000a
minifs.c        _TEXT                 CODE           0000:660a        0000021f
                _DATA                 DATA           0935:08ce        00000012
                _BSS                  BSS            09c9:20e8        00000004
tipos.c         _TEXT                 CODE           0000:6829        0000006b
                _DATA                 DATA           0935:08e0        00000000
                _BSS                  BSS            09c9:20ec        00000000
ptrc2c.c        _TEXT                 CODE           0000:6894        00000379
                _DATA                 DATA           0935:08e0        00000000
                _BSS                  BSS            09c9:20ec        00000000
ccb.c           _TEXT                 CODE           0000:6c0d        000003cb
                _DATA                 DATA           0935:08e0        00000000
                _BSS                  BSS            09c9:20ec        00000000
caracter.c      _TEXT                 CODE           0000:6fd8        00000050
                _DATA                 DATA           0935:08e0        00000011
                _BSS                  BSS            09c9:20ec        00000000
strings.c       _TEXT                 CODE           0000:7028        00000132
                _DATA                 DATA           0935:08f2        00000000
                _BSS                  BSS            09c9:20ec        00000000
copia.c         _TEXT                 CODE           0000:715a        000000bc
                _DATA                 DATA           0935:08f2        00000000
                _BSS                  BSS            09c9:20ec        00000000
printgen.c      _TEXT                 CODE           0000:7216        000007cc
                _DATA                 DATA           0935:08f2        00000000
                _BSS                  BSS            09c9:20ec        0000000b
escribir.c      _TEXT                 CODE           0000:79e2        00000103
                _DATA                 DATA           0935:08f2        00000000
                _BSS                  BSS            09c9:20f8        00000000
put.c           _TEXT                 CODE           0000:7ae5        0000017b
                _DATA                 DATA           0935:08f2        00000000
                _BSS                  BSS            09c9:20f8        00000002
pantalla.c      _TEXT                 CODE           0000:7c60        00000261
                _DATA                 DATA           0935:08f2        00000000
                _BSS                  BSS            09c9:20fa        00000000
ll_s_exc.c      _TEXT                 CODE           0000:7ec1        0000010c
                _DATA                 DATA           0935:08f2        00000000
                _BSS                  BSS            09c9:20fa        00000000
msdos.c         _TEXT                 CODE           0000:7fcd        00000656
                _DATA                 DATA           0935:08f2        0000001c
                _BSS                  BSS            09c9:20fa        00000000
biosdata.c      _TEXT                 CODE           0000:8623        00000000
                _DATA                 DATA           0935:090e        00000008
                _BSS                  BSS            09c9:20fa        00000000
puertos.c       _TEXT                 CODE           0000:8623        00000072
                _DATA                 DATA           0935:0916        00000000
                _BSS                  BSS            09c9:20fa        00000000
bios_0.c        _TEXT                 CODE           0000:8695        000008db
                _DATA                 DATA           0935:0916        00000000
                _BSS                  BSS            09c9:20fa        00000000
telon.c         _TEXT                 CODE           0000:8f70        000000d4
                _DATA                 DATA           0935:0916        00000000
                _BSS                  BSS            09c9:20fa        00000010
debug.c         _TEXT                 CODE           0000:9044        00000079
                _DATA                 DATA           0935:0916        00000030
                _BSS                  BSS            09c9:210a        00000000
pic.c           _TEXT                 CODE           0000:90bd        0000017c
                _DATA                 DATA           0935:0946        00000004
                _BSS                  BSS            09c9:210a        00000000
ASM\H_LDIV.ASM  _TEXT                 CODE           0000:9239        000000ae
ASM\H_LURSH.ASM _TEXT                 CODE           0000:92e7        00000021
ASM\H_LLSH.ASM  _TEXT                 CODE           0000:9308        00000021
ASM\F_LXMUL.ASM _TEXT                 CODE           0000:9329        00000017
ASM\N_LXMUL.ASM _TEXT                 CODE           0000:9340        00000017
ASM\fincode.asm _TEXT                 CODE           0000:9357        00000000
                _DATA                 DATA           0935:094a        00000000
                _BSS                  BSS            09c9:210a        00000000
ASM\findata.asm _TEXT                 CODE           0000:9357        00000000
                _DATA                 DATA           0935:094a        00000000
                _BSS                  BSS            09c9:210a        00000000
ASM\finbss.asm  _TEXT                 CODE           0000:9357        00000000
                _DATA                 DATA           0935:094a        00000000
                _BSS                  BSS            09c9:210a        00000000


                        +-----------------------+
                        |   Linker Statistics   |
                        +-----------------------+

Stack size:  fffe (65534.)
Memory size:  bd9a (48538.)
Entry point address: 0000:0043
Link time: 00:00.31
