JWlink Version 1.9beta 13
Portions Copyright (c) 1985-2002 Sybase, Inc. All Rights Reserved.
Created on:       17/08/24 20:50:41
Executable Image: HELLO2.BIN
creating a DOS executable


                        +------------+
                        |   Groups   |
                        +------------+

Group                           Address              Size
=====                           =======              ====

DGROUP                          0171:000e            00000556



                        +--------------+
                        |   Segments   |
                        +--------------+

Segment                Class          Group          Address         Size
=======                =====          =====          =======         ====

_TEXT                  CODE           AUTO           0000:0000       0000171e
_DATA                  DATA           DGROUP         0171:000e       000004b8
_BSS                   BSS            DGROUP         01bd:0006       0000009e


                        +----------------+
                        |   Memory Map   |
                        +----------------+

* = unreferenced symbol
+ = symbol only referenced locally

Address        Symbol
=======        ======

Module: ..\..\startfin\lib\startlib.lib(ASM\startcode.asm)
0000:0000*     _startCode
Module: ..\..\startfin\lib\startlib.lib(ASM\startdata.asm)
0171:000e      _startData
Module: ..\..\startfin\lib\startlib.lib(ASM\startbss.asm)
0171:04c6*     _startBSS
Module: ..\..\so1pub\obj\ajustusr.obj(ajustusr.c)
0171:0060*     _argv
0000:0000      _startBin
0000:002f*     __setargv__
Module: HELLO2.obj(hello2.c)
0000:0030      _main
Module: ..\..\so1pub\lib\ll_s_so1.lib(ll_s_so1.c)
0000:0052*     _fork
0000:0063*     _getpid
0000:0074*     _getpindx
0000:0085*     _getppid
0000:0096*     _getuid
0000:00a7*     _getgid
0000:00b8*     _read
0000:00d2*     _aio_read
0000:00ec*     _aio_write
0000:0106*     _lseek
0000:01c2*     _fcntl
0000:01dc*     _ioctl
0000:01f6*     _obtenInfoSO1
0000:0203*     _crearRecurso
0000:0217*     _crearFichero
0000:0238*     _esperarDesinstalacion
0000:0249*     _destruirRecurso
0000:025d*     _encolarCcbRecurso
0000:0276*     _eliminarCcbRecurso
0000:028f*     _obtenInfoPS
0000:02ca*     _obtenInfoMEM
0000:0326*     _obtenInfoPFR
0000:0379*     _obtenInfoFAB
0000:0386*     _obtenInfoINFO
0000:0393*     _getdisk
0000:04ca*     _findFirst
0000:04ee*     _findNext
0000:0134      _leer
0000:015a*     _leerListo
0000:0180*     _leerAsciiListo
0000:0586*     _activarTraza
0000:0596*     _analizarProcesos
0000:05a5*     _ll_buscarBloque
0000:05dd*     _ll_devolverBloque
0000:0624*     _ll_tamBloqueMax
0000:0656*     _retardoActivo
0000:0737*     _sem_inic
0000:0754*     _sem_bajar
0000:076e*     _sem_subir
0000:0788*     _mbox_send
0000:07a5*     _mbox_receive
0000:03a4*     _procesarEntrada
Module: ..\..\so1pub\lib\ll_s_so1.lib(ll_s_exc.c)
0000:07c2*     _createProcess
0000:07db*     _exec
0000:07f4*     _waitpid
0000:0875*     _kill
0000:084a      _exit
0000:0857*     _setuid
0000:0866*     _setgid
0000:0889      _open
0000:08a0      _close
0000:08b4      _write
Module: ..\..\so1pub\obj\caracter.obj(caracter.c)
0171:044a      _dig
0000:08ce*     _mayuscula
0000:08f6*     _minuscula
Module: ..\..\so1pub\obj\printgen.obj(printgen.c)
0000:091e      _printGenLn
0000:0932      _printGenStr
0000:096c      _printGenStrHasta
0000:09c4      _printGenDec
0000:0a8c      _printGenLDec
0000:0b67      _printGenInt
0000:0c68      _printGenLInt
0000:0d99      _printGenHex
0000:0e57      _printGenLHex
0000:0f40      _printGenBin
0000:0fec      _printGenLBin
0000:10a9      _printGenPtr
0000:10e7*     _printfGen
Module: ..\..\so1pub\obj\tipos.obj(tipos.c)
0000:10ea      _pointer
0000:1102      _seg
0000:1117      _off
0000:112c*     _incPtr
Module: ..\..\so1pub\obj\put.obj(put.c)
0000:117f      _putCar
0000:1192*     _putLn
0000:11a4*     _putStr
0000:11bc*     _putStrHasta
0000:11da*     _putDec
0000:11f4*     _putLDec
0000:1211*     _putInt
0000:122b*     _putLInt
0000:1248*     _putHex
0000:1262*     _putLHex
0000:127f*     _putBin
0000:1299*     _putLBin
0000:12b6*     _putPtr
Module: ..\..\so1pub\obj\escribir.obj(escribir.c)
0000:12d0      _escribirCar
0000:12e1*     _escribirLn
0000:12e9      _escribirStr
0000:12fb*     _escribirStrHasta
0000:1313      _escribirDec
0000:1327*     _escribirLDec
0000:133e      _escribirInt
0000:1352*     _escribirLInt
0000:1369      _escribirHex
0000:137d*     _escribirLHex
0000:1394*     _escribirBin
0000:13a8*     _escribirLBin
0000:13bf*     _escribirPtr
Module: ..\..\so1pub\obj\stdio.obj(stdio.c)
0171:04d4*     _flagSet
0171:04d6*     _aP
0171:04d8*     _fc
0171:04d9*     _isSigned
0171:04da*     _width
0171:04dc*     _precision
0171:04de*     _plusSign
0171:04e0*     _leadZ
0171:04e2*     _abandonP
0171:04e4*     _tempStr
0171:04bc*     _totalSent
0171:04be*     _Scount
0171:0514*     _S
0171:04c0*     _eof_error
0000:13d3      _printf
0000:15f9      _getch
Module: ..\..\crtl\obj\h_ldiv.obj(ASM\H_LDIV.ASM)
0000:1603*     LDIV@
0000:1603*     F_LDIV@
0000:1600      N_LDIV@
0000:160a*     LUDIV@
0000:160a*     F_LUDIV@
0000:1607      N_LUDIV@
0000:1612*     LMOD@
0000:1612*     F_LMOD@
0000:160f      N_LMOD@
0000:161a*     LUMOD@
0000:161a*     F_LUMOD@
0000:1617      N_LUMOD@
Module: ..\..\crtl\obj\h_lursh.obj(ASM\H_LURSH.ASM)
0000:16b1*     LXURSH@
0000:16b1*     F_LXURSH@
0000:16ae*     N_LXURSH@
Module: ..\..\crtl\obj\h_llsh.obj(ASM\H_LLSH.ASM)
0000:16d2*     LXLSH@
0000:16d2*     F_LXLSH@
0000:16cf*     N_LXLSH@
Module: ..\..\crtl\obj\f_lxmul.obj(ASM\F_LXMUL.ASM)
0000:16f0*     LXMUL@
0000:16f0*     F_LXMUL@
Module: ..\..\crtl\obj\n_lxmul.obj(ASM\N_LXMUL.ASM)
0000:1707*     N_LXMUL@
Module: ..\..\startfin\lib\finlib.lib(ASM\fincode.asm)
0000:171e*     _finCode
Module: ..\..\startfin\lib\finlib.lib(ASM\findata.asm)
0171:04c6      _finData
Module: ..\..\startfin\lib\finlib.lib(ASM\finbss.asm)
0171:0564      _finBSS


                        +---------------------+
                        |   Module Segments   |
                        +---------------------+

! = 32-bit segment
c = initialized communal data

Module          Segment               Class           Address         Size
======          =======               =====           =======         ====

ASM\startcode.asm
                _TEXT                 CODE           0000:0000        00000000
                _DATA                 DATA           0171:000e        00000000
                _BSS                  BSS            01bd:0006        00000000
ASM\startdata.asm
                _TEXT                 CODE           0000:0000        00000000
                _DATA                 DATA           0171:000e        00000000
                _BSS                  BSS            01bd:0006        00000000
ASM\startbss.asm
                _TEXT                 CODE           0000:0000        00000000
                _DATA                 DATA           0171:000e        00000000
                _BSS                  BSS            01bd:0006        00000000
ajustusr.c      _TEXT                 CODE           0000:0000        00000030
                _DATA                 DATA           0171:000e        0000007b
                _BSS                  BSS            01bd:0006        00000000
hello2.c        _TEXT                 CODE           0000:0030        00000022
                _DATA                 DATA           0171:008a        000003a5
                _BSS                  BSS            01bd:0006        00000000
ll_s_so1.c      _TEXT                 CODE           0000:0052        00000770
                _DATA                 DATA           0171:0430        00000019
                _BSS                  BSS            01bd:0006        00000000
ll_s_exc.c      _TEXT                 CODE           0000:07c2        0000010c
                _DATA                 DATA           0171:044a        00000000
                _BSS                  BSS            01bd:0006        00000000
caracter.c      _TEXT                 CODE           0000:08ce        00000050
                _DATA                 DATA           0171:044a        00000011
                _BSS                  BSS            01bd:0006        00000000
printgen.c      _TEXT                 CODE           0000:091e        000007cc
                _DATA                 DATA           0171:045c        00000000
                _BSS                  BSS            01bd:0006        0000000b
tipos.c         _TEXT                 CODE           0000:10ea        0000006b
                _DATA                 DATA           0171:045c        00000000
                _BSS                  BSS            01bd:0012        00000000
put.c           _TEXT                 CODE           0000:1155        0000017b
                _DATA                 DATA           0171:045c        00000000
                _BSS                  BSS            01bd:0012        00000002
escribir.c      _TEXT                 CODE           0000:12d0        00000103
                _DATA                 DATA           0171:045c        00000000
                _BSS                  BSS            01bd:0014        00000000
stdio.c         _TEXT                 CODE           0000:13d3        0000022d
                _DATA                 DATA           0171:045c        00000069
                _BSS                  BSS            01bd:0014        00000090
ASM\H_LDIV.ASM  _TEXT                 CODE           0000:1600        000000ae
ASM\H_LURSH.ASM _TEXT                 CODE           0000:16ae        00000021
ASM\H_LLSH.ASM  _TEXT                 CODE           0000:16cf        00000021
ASM\F_LXMUL.ASM _TEXT                 CODE           0000:16f0        00000017
ASM\N_LXMUL.ASM _TEXT                 CODE           0000:1707        00000017
ASM\fincode.asm _TEXT                 CODE           0000:171e        00000000
                _DATA                 DATA           0171:04c6        00000000
                _BSS                  BSS            01bd:00a4        00000000
ASM\findata.asm _TEXT                 CODE           0000:171e        00000000
                _DATA                 DATA           0171:04c6        00000000
                _BSS                  BSS            01bd:00a4        00000000
ASM\finbss.asm  _TEXT                 CODE           0000:171e        00000000
                _DATA                 DATA           0171:04c6        00000000
                _BSS                  BSS            01bd:00a4        00000000


                        +-----------------------+
                        |   Linker Statistics   |
                        +-----------------------+

Stack size:  fffe (65534.)
Memory size:  1c74 (7284.)
Entry point address: 0000:0000
Link time: 00:00.00
