JWlink Version 1.9beta 13
Portions Copyright (c) 1985-2002 Sybase, Inc. All Rights Reserved.
Created on:       17/08/24 20:50:40
Executable Image: DP.BIN
creating a DOS executable


                        +------------+
                        |   Groups   |
                        +------------+

Group                           Address              Size
=====                           =======              ====

DGROUP                          027e:0000            00002512



                        +--------------+
                        |   Segments   |
                        +--------------+

Segment                Class          Group          Address         Size
=======                =====          =====          =======         ====

_TEXT                  CODE           AUTO           0000:0000       000027e0
_DATA                  DATA           DGROUP         027e:0000       00000a2c
_BSS                   BSS            DGROUP         0320:000c       00001ae6


                        +----------------+
                        |   Memory Map   |
                        +----------------+

* = unreferenced symbol
+ = symbol only referenced locally

Address        Symbol
=======        ======

Module: ..\..\startfin\lib\startlib.lib(ASM\startcode.asm)
0000:0000*     _startCode
Module: ..\..\startfin\lib\startlib.lib(ASM\startdata.asm)
027e:0000      _startData
Module: ..\..\startfin\lib\startlib.lib(ASM\startbss.asm)
027e:0a2c*     _startBSS
Module: ..\..\so1pub\obj\ajustusr.obj(ajustusr.c)
027e:0052*     _argv
0000:0000      _startBin
0000:002f      __setargv__
Module: DP.obj(dp.c)
0000:0030*     _ePC2c
0000:00d5*     _eNibble
0000:010c*     _miIP
027e:007c*     _strEstado
027e:00b0*     _carRecurso
027e:00bb*     _strRecurso
027e:0a2c*     _descProceso
027e:17ec*     _descFichero
027e:1990*     _descRecurso
027e:1e1a*     _e2PFR
027e:2112*     _c2cPFR
027e:2176*     _info
027e:2182*     _listaLibres
027e:2186*     _tamBlqMax
0000:010f*     _mostrarProcesos
0000:03b1*     _mostrarCamposPrincipales
0000:0abe*     _mostrarTablaDeFicherosAbiertos
0000:0be2*     _mostrarDescProceso
0000:0c3f*     _formato
0000:0c47*     _help
0000:0c52      _main
Module: ..\..\so1pub\lib\ll_s_so1.lib(ll_s_so1.c)
0000:0e16*     _fork
0000:0e27      _getpid
0000:0e38*     _getpindx
0000:0e49*     _getppid
0000:0e5a*     _getuid
0000:0e6b*     _getgid
0000:0e7c*     _read
0000:0e96*     _aio_read
0000:0eb0*     _aio_write
0000:0eca*     _lseek
0000:0f86*     _fcntl
0000:0fa0*     _ioctl
0000:0fba*     _obtenInfoSO1
0000:0fc7*     _crearRecurso
0000:0fdb*     _crearFichero
0000:0ffc*     _esperarDesinstalacion
0000:100d*     _destruirRecurso
0000:1021*     _encolarCcbRecurso
0000:103a*     _eliminarCcbRecurso
0000:1053*     _obtenInfoPS
0000:108e*     _obtenInfoMEM
0000:10ea      _obtenInfoPFR
0000:113d*     _obtenInfoFAB
0000:114a      _obtenInfoINFO
0000:1157*     _getdisk
0000:128e*     _findFirst
0000:12b2*     _findNext
0000:0ef8      _leer
0000:0f1e*     _leerListo
0000:0f44*     _leerAsciiListo
0000:134a*     _activarTraza
0000:135a*     _analizarProcesos
0000:1369*     _ll_buscarBloque
0000:13a1*     _ll_devolverBloque
0000:13e8*     _ll_tamBloqueMax
0000:141a*     _retardoActivo
0000:14fb*     _sem_inic
0000:1518*     _sem_bajar
0000:1532*     _sem_subir
0000:154c*     _mbox_send
0000:1569*     _mbox_receive
0000:1168*     _procesarEntrada
Module: ..\..\so1pub\lib\ll_s_so1.lib(ll_s_exc.c)
0000:1586*     _createProcess
0000:159f*     _exec
0000:15b8*     _waitpid
0000:1639*     _kill
0000:160e      _exit
0000:161b*     _setuid
0000:162a*     _setgid
0000:164d      _open
0000:1664      _close
0000:1678      _write
Module: ..\..\so1pub\obj\caracter.obj(caracter.c)
027e:091a      _dig
0000:1692      _mayuscula
0000:16ba      _minuscula
Module: ..\..\so1pub\obj\printgen.obj(printgen.c)
0000:16e2      _printGenLn
0000:16f6      _printGenStr
0000:1730      _printGenStrHasta
0000:1788      _printGenDec
0000:1850      _printGenLDec
0000:192b      _printGenInt
0000:1a2c      _printGenLInt
0000:1b5d      _printGenHex
0000:1c1b      _printGenLHex
0000:1d04      _printGenBin
0000:1db0      _printGenLBin
0000:1e6d      _printGenPtr
0000:1eab*     _printfGen
Module: ..\..\so1pub\obj\tipos.obj(tipos.c)
0000:1eae      _pointer
0000:1ec6      _seg
0000:1edb      _off
0000:1ef0*     _incPtr
Module: ..\..\so1pub\obj\put.obj(put.c)
0000:1f43      _putCar
0000:1f56*     _putLn
0000:1f68*     _putStr
0000:1f80*     _putStrHasta
0000:1f9e*     _putDec
0000:1fb8*     _putLDec
0000:1fd5*     _putInt
0000:1fef*     _putLInt
0000:200c*     _putHex
0000:2026*     _putLHex
0000:2043*     _putBin
0000:205d*     _putLBin
0000:207a*     _putPtr
Module: ..\..\so1pub\obj\escribir.obj(escribir.c)
0000:2094      _escribirCar
0000:20a5      _escribirLn
0000:20ad      _escribirStr
0000:20bf      _escribirStrHasta
0000:20d7      _escribirDec
0000:20eb      _escribirLDec
0000:2102      _escribirInt
0000:2116*     _escribirLInt
0000:212d      _escribirHex
0000:2141      _escribirLHex
0000:2158*     _escribirBin
0000:216c*     _escribirLBin
0000:2183      _escribirPtr
Module: ..\..\so1pub\obj\scanner.obj(scanner.c)
027e:2196      _comando
027e:092c*     _inCmd
027e:092e*     _outCmd
027e:0930*     _nComandos
027e:0932*     _simbCmd
027e:0a2a*     _numCmds
027e:24b6*     _car
027e:24b8*     _pos
027e:24ba      _simb
027e:24bc      _num
027e:24be*     _numLargo
027e:24c2*     _str
0000:2197      _inicScanner
0000:21a3*     _obtenCar
0000:255c*     _obtenStr
0000:21d5*     _saltarBlancos
0000:21e2*     _numDec
0000:22b5*     _numHex
0000:23a1*     _identificador
0000:24cb      _obtenSimb
Module: ..\..\so1pub\obj\strings.obj(strings.c)
0000:2590      _copiarStr
0000:25b9*     _copiarStrHasta
0000:25f3*     _iguales
0000:262c      _igualesHasta
0000:2670*     _igualesSalvoMayusculasHasta
Module: ..\..\crtl\obj\h_ldiv.obj(ASM\H_LDIV.ASM)
0000:26c5*     LDIV@
0000:26c5*     F_LDIV@
0000:26c2      N_LDIV@
0000:26cc*     LUDIV@
0000:26cc*     F_LUDIV@
0000:26c9      N_LUDIV@
0000:26d4*     LMOD@
0000:26d4*     F_LMOD@
0000:26d1      N_LMOD@
0000:26dc*     LUMOD@
0000:26dc*     F_LUMOD@
0000:26d9      N_LUMOD@
Module: ..\..\crtl\obj\h_lursh.obj(ASM\H_LURSH.ASM)
0000:2773*     LXURSH@
0000:2773*     F_LXURSH@
0000:2770*     N_LXURSH@
Module: ..\..\crtl\obj\h_llsh.obj(ASM\H_LLSH.ASM)
0000:2794*     LXLSH@
0000:2794*     F_LXLSH@
0000:2791      N_LXLSH@
Module: ..\..\crtl\obj\f_lxmul.obj(ASM\F_LXMUL.ASM)
0000:27b2*     LXMUL@
0000:27b2*     F_LXMUL@
Module: ..\..\crtl\obj\n_lxmul.obj(ASM\N_LXMUL.ASM)
0000:27c9      N_LXMUL@
Module: ..\..\startfin\lib\finlib.lib(ASM\fincode.asm)
0000:27e0*     _finCode
Module: ..\..\startfin\lib\finlib.lib(ASM\findata.asm)
027e:0a2c      _finData
Module: ..\..\startfin\lib\finlib.lib(ASM\finbss.asm)
027e:2512      _finBSS


                        +---------------------+
                        |   Module Segments   |
                        +---------------------+

! = 32-bit segment
c = initialized communal data

Module          Segment               Class           Address         Size
======          =======               =====           =======         ====

ASM\startcode.asm
                _TEXT                 CODE           0000:0000        00000000
                _DATA                 DATA           027e:0000        00000000
                _BSS                  BSS            0320:000c        00000000
ASM\startdata.asm
                _TEXT                 CODE           0000:0000        00000000
                _DATA                 DATA           027e:0000        00000000
                _BSS                  BSS            0320:000c        00000000
ASM\startbss.asm
                _TEXT                 CODE           0000:0000        00000000
                _DATA                 DATA           027e:0000        00000000
                _BSS                  BSS            0320:000c        00000000
ajustusr.c      _TEXT                 CODE           0000:0000        00000030
                _DATA                 DATA           027e:0000        0000007b
                _BSS                  BSS            0320:000c        00000000
dp.c            _TEXT                 CODE           0000:0030        00000de6
                _DATA                 DATA           027e:007c        00000884
                _BSS                  BSS            0320:000c        0000175c
ll_s_so1.c      _TEXT                 CODE           0000:0e16        00000770
                _DATA                 DATA           027e:0900        00000019
                _BSS                  BSS            0320:1768        00000000
ll_s_exc.c      _TEXT                 CODE           0000:1586        0000010c
                _DATA                 DATA           027e:091a        00000000
                _BSS                  BSS            0320:1768        00000000
caracter.c      _TEXT                 CODE           0000:1692        00000050
                _DATA                 DATA           027e:091a        00000011
                _BSS                  BSS            0320:1768        00000000
printgen.c      _TEXT                 CODE           0000:16e2        000007cc
                _DATA                 DATA           027e:092c        00000000
                _BSS                  BSS            0320:1768        0000000b
tipos.c         _TEXT                 CODE           0000:1eae        0000006b
                _DATA                 DATA           027e:092c        00000000
                _BSS                  BSS            0320:1774        00000000
put.c           _TEXT                 CODE           0000:1f19        0000017b
                _DATA                 DATA           027e:092c        00000000
                _BSS                  BSS            0320:1774        00000002
escribir.c      _TEXT                 CODE           0000:2094        00000103
                _DATA                 DATA           027e:092c        00000000
                _BSS                  BSS            0320:1776        00000000
scanner.c       _TEXT                 CODE           0000:2197        000003f9
                _DATA                 DATA           027e:092c        00000100
                _BSS                  BSS            0320:1776        0000037c
strings.c       _TEXT                 CODE           0000:2590        00000132
                _DATA                 DATA           027e:0a2c        00000000
                _BSS                  BSS            0320:1af2        00000000
ASM\H_LDIV.ASM  _TEXT                 CODE           0000:26c2        000000ae
ASM\H_LURSH.ASM _TEXT                 CODE           0000:2770        00000021
ASM\H_LLSH.ASM  _TEXT                 CODE           0000:2791        00000021
ASM\F_LXMUL.ASM _TEXT                 CODE           0000:27b2        00000017
ASM\N_LXMUL.ASM _TEXT                 CODE           0000:27c9        00000017
ASM\fincode.asm _TEXT                 CODE           0000:27e0        00000000
                _DATA                 DATA           027e:0a2c        00000000
                _BSS                  BSS            0320:1af2        00000000
ASM\findata.asm _TEXT                 CODE           0000:27e0        00000000
                _DATA                 DATA           027e:0a2c        00000000
                _BSS                  BSS            0320:1af2        00000000
ASM\finbss.asm  _TEXT                 CODE           0000:27e0        00000000
                _DATA                 DATA           027e:0a2c        00000000
                _BSS                  BSS            0320:1af2        00000000


                        +-----------------------+
                        |   Linker Statistics   |
                        +-----------------------+

Stack size:  fffe (65534.)
Memory size:  4cf2 (19698.)
Entry point address: 0000:0000
Link time: 00:00.00
