JWlink Version 1.9beta 13
Portions Copyright (c) 1985-2002 Sybase, Inc. All Rights Reserved.
Created on:       18/03/28 02:29:33
Executable Image: PBRFAT12.bin
creating a DOS executable


                        +------------+
                        |   Groups   |
                        +------------+

Group                           Address              Size
=====                           =======              ====

DGROUP                          0020:0000            00000212



                        +--------------+
                        |   Segments   |
                        +--------------+

Segment                Class          Group          Address         Size
=======                =====          =====          =======         ====

_TEXT                  CODE           AUTO           0000:0000       00000200
_DATA                  DATA           DGROUP         0020:0000       00000000
_BSS                   BSS            DGROUP         0020:0000       00000212


                        +----------------+
                        |   Memory Map   |
                        +----------------+

* = unreferenced symbol
+ = symbol only referenced locally

Address        Symbol
=======        ======

Module: PBRFAT12.obj(pbrfat12.asm)
0000:0000      _startBin
0000:00fe*     _msg
0000:003e*     _bootCode
0020:0000*     _bpb
0020:003e*     _codigo
0020:01fe*     _signaturaPBR
0000:0118*     _main
0000:004e*     _printCar
0000:005a*     _printStr
0000:0085*     _leerTecla
0020:0200*     _error
0020:0201*     _sector
0020:0202*     _cabeza
0020:0203*     _cilindro
0000:008a*     _leerSector
0000:00dc*     _incAddr
0000:0133*     _reubicado
0020:0204*     _i
0020:0206*     _entrada
0020:020a*     _ptr
0020:020e*     _sectorlogico
0020:0210*     _nsects


                        +---------------------+
                        |   Module Segments   |
                        +---------------------+

! = 32-bit segment
c = initialized communal data

Module          Segment               Class           Address         Size
======          =======               =====           =======         ====

pbrfat12.asm    _TEXT                 CODE           0000:0000        00000200
                _DATA                 DATA           0020:0000        00000000
                _BSS                  BSS            0020:0000        00000212


                        +-----------------------+
                        |   Linker Statistics   |
                        +-----------------------+

Stack size:  007a (122.)
Memory size:  0412 (1042.)
Entry point address: 0000:0000
Link time: 00:00.16
