JWlink Version 1.9beta 13
Portions Copyright (c) 1985-2002 Sybase, Inc. All Rights Reserved.
Created on:       17/08/24 20:50:44
Executable Image: SH.BIN
creating a DOS executable


                        +------------+
                        |   Groups   |
                        +------------+

Group                           Address              Size
=====                           =======              ====

DGROUP                          03f6:0000            00000fa2



                        +--------------+
                        |   Segments   |
                        +--------------+

Segment                Class          Group          Address         Size
=======                =====          =====          =======         ====

_TEXT                  CODE           AUTO           0000:0000       00003f60
_DATA                  DATA           DGROUP         03f6:0000       00000b3a
_BSS                   BSS            DGROUP         04a9:000a       00000468


                        +----------------+
                        |   Memory Map   |
                        +----------------+

* = unreferenced symbol
+ = symbol only referenced locally

Address        Symbol
=======        ======

Module: ..\..\startfin\lib\startlib.lib(ASM\startcode.asm)
0000:0000*     _startCode
Module: ..\..\startfin\lib\startlib.lib(ASM\startdata.asm)
03f6:0000      _startData
Module: ..\..\startfin\lib\startlib.lib(ASM\startbss.asm)
03f6:0b3a*     _startBSS
Module: ..\..\so1pub\obj\ajustusr.obj(ajustusr.c)
03f6:0052*     _argv
0000:0000      _startBin
0000:002f      __setargv__
Module: SH.obj(sh.c)
0000:0030*     _formato
0000:003b*     _help
03f6:007c*     _strStd
0000:0046      _main
Module: ..\..\so1pub\lib\ll_s_so1.lib(ll_s_so1.c)
0000:01d4*     _fork
0000:01e5      _getpid
0000:01f6      _getpindx
0000:0207      _getppid
0000:0218      _getuid
0000:0229      _getgid
0000:023a      _read
0000:0254*     _aio_read
0000:026e*     _aio_write
0000:0288*     _lseek
0000:0344*     _fcntl
0000:035e*     _ioctl
0000:0378*     _obtenInfoSO1
0000:0385*     _crearRecurso
0000:0399*     _crearFichero
0000:03ba*     _esperarDesinstalacion
0000:03cb*     _destruirRecurso
0000:03df*     _encolarCcbRecurso
0000:03f8*     _eliminarCcbRecurso
0000:0411*     _obtenInfoPS
0000:044c*     _obtenInfoMEM
0000:04a8*     _obtenInfoPFR
0000:04fb*     _obtenInfoFAB
0000:0508      _obtenInfoINFO
0000:0515      _getdisk
0000:064c      _findFirst
0000:0670      _findNext
0000:02b6      _leer
0000:02dc      _leerListo
0000:0302      _leerAsciiListo
0000:0708      _activarTraza
0000:0718*     _analizarProcesos
0000:0727*     _ll_buscarBloque
0000:075f*     _ll_devolverBloque
0000:07a6*     _ll_tamBloqueMax
0000:07d8      _retardoActivo
0000:08b9*     _sem_inic
0000:08d6*     _sem_bajar
0000:08f0*     _sem_subir
0000:090a*     _mbox_send
0000:0927*     _mbox_receive
0000:0526*     _procesarEntrada
Module: ..\..\so1pub\lib\ll_s_so1.lib(ll_s_exc.c)
0000:0944      _createProcess
0000:095d      _exec
0000:0976      _waitpid
0000:09f7*     _kill
0000:09cc      _exit
0000:09d9      _setuid
0000:09e8      _setgid
0000:0a0b      _open
0000:0a22      _close
0000:0a36      _write
Module: ..\..\so1pub\obj\caracter.obj(caracter.c)
03f6:0242      _dig
0000:0a50      _mayuscula
0000:0a78*     _minuscula
Module: ..\..\so1pub\obj\printgen.obj(printgen.c)
0000:0aa0      _printGenLn
0000:0ab4      _printGenStr
0000:0aee      _printGenStrHasta
0000:0b46      _printGenDec
0000:0c0e      _printGenLDec
0000:0ce9      _printGenInt
0000:0dea      _printGenLInt
0000:0f1b      _printGenHex
0000:0fd9      _printGenLHex
0000:10c2      _printGenBin
0000:116e      _printGenLBin
0000:122b      _printGenPtr
0000:1269*     _printfGen
Module: ..\..\so1pub\obj\tipos.obj(tipos.c)
0000:126c      _pointer
0000:1284      _seg
0000:1299      _off
0000:12ae*     _incPtr
Module: ..\..\so1pub\obj\put.obj(put.c)
0000:1301      _putCar
0000:1314*     _putLn
0000:1326*     _putStr
0000:133e*     _putStrHasta
0000:135c*     _putDec
0000:1376*     _putLDec
0000:1393*     _putInt
0000:13ad*     _putLInt
0000:13ca*     _putHex
0000:13e4*     _putLHex
0000:1401*     _putBin
0000:141b*     _putLBin
0000:1438*     _putPtr
Module: ..\..\so1pub\obj\escribir.obj(escribir.c)
0000:1452      _escribirCar
0000:1463      _escribirLn
0000:146b      _escribirStr
0000:147d      _escribirStrHasta
0000:1495      _escribirDec
0000:14a9      _escribirLDec
0000:14c0      _escribirInt
0000:14d4*     _escribirLInt
0000:14eb      _escribirHex
0000:14ff*     _escribirLHex
0000:1516*     _escribirBin
0000:152a*     _escribirLBin
0000:1541*     _escribirPtr
Module: ..\..\so1pub\obj\stdio.obj(stdio.c)
03f6:0b48*     _flagSet
03f6:0b4a*     _aP
03f6:0b4c*     _fc
03f6:0b4d*     _isSigned
03f6:0b4e*     _width
03f6:0b50*     _precision
03f6:0b52*     _plusSign
03f6:0b54*     _leadZ
03f6:0b56*     _abandonP
03f6:0b58*     _tempStr
03f6:02b4*     _totalSent
03f6:02b6*     _Scount
03f6:0b88*     _S
03f6:02b8*     _eof_error
0000:1555      _printf
0000:177b*     _getch
Module: ..\..\so1pub\obj\scanner.obj(scanner.c)
03f6:0bd8      _comando
03f6:02be      _inCmd
03f6:02c0      _outCmd
03f6:02c2      _nComandos
03f6:02c4      _simbCmd
03f6:03bc      _numCmds
03f6:0ef8      _car
03f6:0efa*     _pos
03f6:0efc      _simb
03f6:0efe      _num
03f6:0f00      _numLargo
03f6:0f04      _str
0000:1782      _inicScanner
0000:178e      _obtenCar
0000:1b47      _obtenStr
0000:17c0      _saltarBlancos
0000:17cd*     _numDec
0000:18a0*     _numHex
0000:198c      _identificador
0000:1ab6      _obtenSimb
Module: ..\..\so1pub\obj\leercmd.obj(leercmd.c)
03f6:03be*     _carAnt
03f6:03c0*     _comBusqueda
03f6:03c2*     _iAnt
03f6:0f54*     _unidadLogica
03f6:0f56*     _unidad
03f6:0f58*     _ffblk
03f6:0f77*     _fcb
0000:1b7b*     _borrarUltimoCaracter
0000:1ba1*     _borrarCaracter
0000:1c3f*     _borrarLineaDeComando
0000:1c7f*     _copiarComando
0000:1cdc*     _autocompletarCInt
0000:1e45*     _autocompletarCExt
0000:2106      _leerComando
Module: ..\..\so1pub\obj\strings.obj(strings.c)
0000:24ae      _copiarStr
0000:24d7*     _copiarStrHasta
0000:2511      _iguales
0000:254a      _igualesHasta
0000:258e      _igualesSalvoMayusculasHasta
Module: ..\..\so1pub\obj\interpre.obj(interpre.c)
03f6:03ca*     _prompt
0000:25e0*     _cambiarPromptDOS
0000:2650      _redirigirSTDIO
0000:26bc*     _interpretar_exit
0000:2724*     _interpretar_salida
0000:27af*     _interpretar_ver
0000:27eb*     _escribirPtos
0000:2864*     _interpretar_ptos
0000:2890*     _interpretar_status
0000:36e3*     _listarDirectorio
0000:3396*     _listarDirectorioHost
0000:2917*     _interpretar_dir
0000:29bb*     _interpretar_ret
0000:2a5b*     _interpretar_cd
0000:2ad2*     _interpretar_id
0000:2b31*     _interpretar_host
0000:2b52*     _interpretar_nohost
0000:35ab*     _mostrarFicheroDOS
0000:2b6c*     _interpretar_type
0000:2bbd*     _interpretar_traza
0000:2c56*     _interpretar_ctty
0000:2cf1*     _entreComillas
0000:2d09*     _tratarError
0000:2dac      _interpretarComandos
0000:305a*     _controlarFinYFilas
0000:30a4*     _mostrarEntradaOpcionW
0000:311c*     _mostrarEntradaOpcionL
Module: ..\..\so1pub\obj\saludos.obj(saludos.c)
0000:3786*     _printStrRojo
0000:3792*     _mostrarSaludoGrande
0000:37c6      _mostrarSaludo
Module: ..\..\so1pub\obj\msdos.obj(msdos.c)
0000:37ec*     _finProgDOS
0000:37ff      _hayMSDOS
0000:39fc*     _hayDOSBox
0000:3bcd*     _hayWindowsNT
0000:388a*     _segPSP
0000:387a*     _versionMSDOS
0000:389a*     _entornoMSDOS
0000:38cd*     _valorMSDOS
0000:396a*     _argcMSDOS
0000:3a59*     _argvMSDOS
0000:3c25*     _openDOS
0000:3c44*     _extendedOpenDOS
0000:3c9b*     _closeDOS
0000:3cb5*     _commitFileDOS
0000:3ccf*     _createDOS
0000:3cee*     _readDOS
0000:3d12*     _writeDOS
0000:3d36*     _lseekDOS
0000:3d85      _getdiskDOS
0000:3d97      _setdiskDOS
0000:3dac      _getcurdirDOS
0000:3dcd      _chdirDOS
0000:3de4      _findfirstDOS
0000:3e16      _findnextDOS
Module: ..\..\crtl\obj\h_ldiv.obj(ASM\H_LDIV.ASM)
0000:3e45*     LDIV@
0000:3e45*     F_LDIV@
0000:3e42      N_LDIV@
0000:3e4c*     LUDIV@
0000:3e4c*     F_LUDIV@
0000:3e49      N_LUDIV@
0000:3e54*     LMOD@
0000:3e54*     F_LMOD@
0000:3e51      N_LMOD@
0000:3e5c*     LUMOD@
0000:3e5c*     F_LUMOD@
0000:3e59      N_LUMOD@
Module: ..\..\crtl\obj\h_lursh.obj(ASM\H_LURSH.ASM)
0000:3ef3*     LXURSH@
0000:3ef3*     F_LXURSH@
0000:3ef0*     N_LXURSH@
Module: ..\..\crtl\obj\h_llsh.obj(ASM\H_LLSH.ASM)
0000:3f14*     LXLSH@
0000:3f14*     F_LXLSH@
0000:3f11      N_LXLSH@
Module: ..\..\crtl\obj\f_lxmul.obj(ASM\F_LXMUL.ASM)
0000:3f32*     LXMUL@
0000:3f32*     F_LXMUL@
Module: ..\..\crtl\obj\n_lxmul.obj(ASM\N_LXMUL.ASM)
0000:3f49      N_LXMUL@
Module: ..\..\startfin\lib\finlib.lib(ASM\fincode.asm)
0000:3f60*     _finCode
Module: ..\..\startfin\lib\finlib.lib(ASM\findata.asm)
03f6:0b3a      _finData
Module: ..\..\startfin\lib\finlib.lib(ASM\finbss.asm)
03f6:0fa2      _finBSS


                        +---------------------+
                        |   Module Segments   |
                        +---------------------+

! = 32-bit segment
c = initialized communal data

Module          Segment               Class           Address         Size
======          =======               =====           =======         ====

ASM\startcode.asm
                _TEXT                 CODE           0000:0000        00000000
                _DATA                 DATA           03f6:0000        00000000
                _BSS                  BSS            04a9:000a        00000000
ASM\startdata.asm
                _TEXT                 CODE           0000:0000        00000000
                _DATA                 DATA           03f6:0000        00000000
                _BSS                  BSS            04a9:000a        00000000
ASM\startbss.asm
                _TEXT                 CODE           0000:0000        00000000
                _DATA                 DATA           03f6:0000        00000000
                _BSS                  BSS            04a9:000a        00000000
ajustusr.c      _TEXT                 CODE           0000:0000        00000030
                _DATA                 DATA           03f6:0000        0000007b
                _BSS                  BSS            04a9:000a        00000000
sh.c            _TEXT                 CODE           0000:0030        000001a4
                _DATA                 DATA           03f6:007c        000001ab
                _BSS                  BSS            04a9:000a        00000000
ll_s_so1.c      _TEXT                 CODE           0000:01d4        00000770
                _DATA                 DATA           03f6:0228        00000019
                _BSS                  BSS            04a9:000a        00000000
ll_s_exc.c      _TEXT                 CODE           0000:0944        0000010c
                _DATA                 DATA           03f6:0242        00000000
                _BSS                  BSS            04a9:000a        00000000
caracter.c      _TEXT                 CODE           0000:0a50        00000050
                _DATA                 DATA           03f6:0242        00000011
                _BSS                  BSS            04a9:000a        00000000
printgen.c      _TEXT                 CODE           0000:0aa0        000007cc
                _DATA                 DATA           03f6:0254        00000000
                _BSS                  BSS            04a9:000a        0000000b
tipos.c         _TEXT                 CODE           0000:126c        0000006b
                _DATA                 DATA           03f6:0254        00000000
                _BSS                  BSS            04a9:0016        00000000
put.c           _TEXT                 CODE           0000:12d7        0000017b
                _DATA                 DATA           03f6:0254        00000000
                _BSS                  BSS            04a9:0016        00000002
escribir.c      _TEXT                 CODE           0000:1452        00000103
                _DATA                 DATA           03f6:0254        00000000
                _BSS                  BSS            04a9:0018        00000000
stdio.c         _TEXT                 CODE           0000:1555        0000022d
                _DATA                 DATA           03f6:0254        00000069
                _BSS                  BSS            04a9:0018        00000090
scanner.c       _TEXT                 CODE           0000:1782        000003f9
                _DATA                 DATA           03f6:02be        00000100
                _BSS                  BSS            04a9:00a8        0000037c
leercmd.c       _TEXT                 CODE           0000:1b7b        00000933
                _DATA                 DATA           03f6:03be        0000000c
                _BSS                  BSS            04a9:0424        0000004e
strings.c       _TEXT                 CODE           0000:24ae        00000132
                _DATA                 DATA           03f6:03ca        00000000
                _BSS                  BSS            04a9:0472        00000000
interpre.c      _TEXT                 CODE           0000:25e0        000011a6
                _DATA                 DATA           03f6:03ca        000006df
                _BSS                  BSS            04a9:0472        00000000
saludos.c       _TEXT                 CODE           0000:3786        00000066
                _DATA                 DATA           03f6:0aaa        00000073
                _BSS                  BSS            04a9:0472        00000000
msdos.c         _TEXT                 CODE           0000:37ec        00000656
                _DATA                 DATA           03f6:0b1e        0000001c
                _BSS                  BSS            04a9:0472        00000000
ASM\H_LDIV.ASM  _TEXT                 CODE           0000:3e42        000000ae
ASM\H_LURSH.ASM _TEXT                 CODE           0000:3ef0        00000021
ASM\H_LLSH.ASM  _TEXT                 CODE           0000:3f11        00000021
ASM\F_LXMUL.ASM _TEXT                 CODE           0000:3f32        00000017
ASM\N_LXMUL.ASM _TEXT                 CODE           0000:3f49        00000017
ASM\fincode.asm _TEXT                 CODE           0000:3f60        00000000
                _DATA                 DATA           03f6:0b3a        00000000
                _BSS                  BSS            04a9:0472        00000000
ASM\findata.asm _TEXT                 CODE           0000:3f60        00000000
                _DATA                 DATA           03f6:0b3a        00000000
                _BSS                  BSS            04a9:0472        00000000
ASM\finbss.asm  _TEXT                 CODE           0000:3f60        00000000
                _DATA                 DATA           03f6:0b3a        00000000
                _BSS                  BSS            04a9:0472        00000000


                        +-----------------------+
                        |   Linker Statistics   |
                        +-----------------------+

Stack size:  fffe (65534.)
Memory size:  4f02 (20226.)
Entry point address: 0000:0000
Link time: 00:00.15
