JWlink Version 1.9beta 13
Portions Copyright (c) 1985-2002 Sybase, Inc. All Rights Reserved.
Created on:       17/08/24 20:50:38
Executable Image: ATEXIT.BIN
creating a DOS executable


                        +------------+
                        |   Groups   |
                        +------------+

Group                           Address              Size
=====                           =======              ====

DGROUP                          0152:0002            000000de



                        +--------------+
                        |   Segments   |
                        +--------------+

Segment                Class          Group          Address         Size
=======                =====          =====          =======         ====

_TEXT                  CODE           AUTO           0000:0000       00001522
_DATA                  DATA           DGROUP         0152:0002       000000d0
_BSS                   BSS            DGROUP         015f:0002       0000000e


                        +----------------+
                        |   Memory Map   |
                        +----------------+

* = unreferenced symbol
+ = symbol only referenced locally

Address        Symbol
=======        ======

Module: ..\..\startfin\lib\startlib.lib(ASM\startcode.asm)
0000:0000*     _startCode
Module: ..\..\startfin\lib\startlib.lib(ASM\startdata.asm)
0152:0002      _startData
Module: ..\..\startfin\lib\startlib.lib(ASM\startbss.asm)
0152:00d2*     _startBSS
Module: ..\..\so1pub\obj\ajustusr.obj(ajustusr.c)
0152:0054*     _argv
0000:0000      _startBin
0000:002f*     __setargv__
Module: ATEXIT.obj(atexit.c)
0000:0030*     _finish_1
0000:0047      _main
Module: ..\..\so1pub\lib\ll_s_so1.lib(ll_s_so1.c)
0000:0083*     _fork
0000:0094*     _getpid
0000:00a5*     _getpindx
0000:00b6*     _getppid
0000:00c7*     _getuid
0000:00d8*     _getgid
0000:00e9*     _read
0000:0103*     _aio_read
0000:011d*     _aio_write
0000:0137*     _lseek
0000:01f3*     _fcntl
0000:020d*     _ioctl
0000:0227*     _obtenInfoSO1
0000:0234*     _crearRecurso
0000:0248*     _crearFichero
0000:0269*     _esperarDesinstalacion
0000:027a*     _destruirRecurso
0000:028e*     _encolarCcbRecurso
0000:02a7*     _eliminarCcbRecurso
0000:02c0*     _obtenInfoPS
0000:02fb*     _obtenInfoMEM
0000:0357*     _obtenInfoPFR
0000:03aa*     _obtenInfoFAB
0000:03b7*     _obtenInfoINFO
0000:03c4*     _getdisk
0000:04fb*     _findFirst
0000:051f*     _findNext
0000:0165      _leer
0000:018b*     _leerListo
0000:01b1*     _leerAsciiListo
0000:05b7*     _activarTraza
0000:05c7*     _analizarProcesos
0000:05d6*     _ll_buscarBloque
0000:060e*     _ll_devolverBloque
0000:0655*     _ll_tamBloqueMax
0000:0687*     _retardoActivo
0000:0768*     _sem_inic
0000:0785*     _sem_bajar
0000:079f*     _sem_subir
0000:07b9*     _mbox_send
0000:07d6*     _mbox_receive
0000:03d5*     _procesarEntrada
Module: ..\..\so1pub\lib\ll_s_so1.lib(ll_s_exc.c)
0000:07f3*     _createProcess
0000:080c*     _exec
0000:0825*     _waitpid
0000:08a6*     _kill
0000:087b      _exit
0000:0888*     _setuid
0000:0897*     _setgid
0000:08ba      _open
0000:08d1      _close
0000:08e5      _write
Module: ..\..\so1pub\obj\caracter.obj(caracter.c)
0152:00c0      _dig
0000:08ff*     _mayuscula
0000:0927*     _minuscula
Module: ..\..\so1pub\obj\printgen.obj(printgen.c)
0000:094f      _printGenLn
0000:0963      _printGenStr
0000:099d      _printGenStrHasta
0000:09f5      _printGenDec
0000:0abd      _printGenLDec
0000:0b98      _printGenInt
0000:0c99      _printGenLInt
0000:0dca      _printGenHex
0000:0e88      _printGenLHex
0000:0f71      _printGenBin
0000:101d      _printGenLBin
0000:10da      _printGenPtr
0000:1118*     _printfGen
Module: ..\..\so1pub\obj\tipos.obj(tipos.c)
0000:111b      _pointer
0000:1133      _seg
0000:1148      _off
0000:115d*     _incPtr
Module: ..\..\so1pub\obj\put.obj(put.c)
0000:11b0      _putCar
0000:11c3*     _putLn
0000:11d5*     _putStr
0000:11ed*     _putStrHasta
0000:120b*     _putDec
0000:1225*     _putLDec
0000:1242*     _putInt
0000:125c*     _putLInt
0000:1279*     _putHex
0000:1293*     _putLHex
0000:12b0*     _putBin
0000:12ca*     _putLBin
0000:12e7*     _putPtr
Module: ..\..\so1pub\obj\escribir.obj(escribir.c)
0000:1301*     _escribirCar
0000:1312      _escribirLn
0000:131a      _escribirStr
0000:132c*     _escribirStrHasta
0000:1344*     _escribirDec
0000:1358*     _escribirLDec
0000:136f*     _escribirInt
0000:1383*     _escribirLInt
0000:139a*     _escribirHex
0000:13ae*     _escribirLHex
0000:13c5*     _escribirBin
0000:13d9*     _escribirLBin
0000:13f0*     _escribirPtr
Module: ..\..\crtl\obj\h_ldiv.obj(ASM\H_LDIV.ASM)
0000:1407*     LDIV@
0000:1407*     F_LDIV@
0000:1404      N_LDIV@
0000:140e*     LUDIV@
0000:140e*     F_LUDIV@
0000:140b      N_LUDIV@
0000:1416*     LMOD@
0000:1416*     F_LMOD@
0000:1413      N_LMOD@
0000:141e*     LUMOD@
0000:141e*     F_LUMOD@
0000:141b      N_LUMOD@
Module: ..\..\crtl\obj\h_lursh.obj(ASM\H_LURSH.ASM)
0000:14b5*     LXURSH@
0000:14b5*     F_LXURSH@
0000:14b2*     N_LXURSH@
Module: ..\..\crtl\obj\h_llsh.obj(ASM\H_LLSH.ASM)
0000:14d6*     LXLSH@
0000:14d6*     F_LXLSH@
0000:14d3*     N_LXLSH@
Module: ..\..\crtl\obj\f_lxmul.obj(ASM\F_LXMUL.ASM)
0000:14f4*     LXMUL@
0000:14f4*     F_LXMUL@
Module: ..\..\crtl\obj\n_lxmul.obj(ASM\N_LXMUL.ASM)
0000:150b*     N_LXMUL@
Module: ..\..\startfin\lib\finlib.lib(ASM\fincode.asm)
0000:1522*     _finCode
Module: ..\..\startfin\lib\finlib.lib(ASM\findata.asm)
0152:00d2      _finData
Module: ..\..\startfin\lib\finlib.lib(ASM\finbss.asm)
0152:00e0      _finBSS


                        +---------------------+
                        |   Module Segments   |
                        +---------------------+

! = 32-bit segment
c = initialized communal data

Module          Segment               Class           Address         Size
======          =======               =====           =======         ====

ASM\startcode.asm
                _TEXT                 CODE           0000:0000        00000000
                _DATA                 DATA           0152:0002        00000000
                _BSS                  BSS            015f:0002        00000000
ASM\startdata.asm
                _TEXT                 CODE           0000:0000        00000000
                _DATA                 DATA           0152:0002        00000000
                _BSS                  BSS            015f:0002        00000000
ASM\startbss.asm
                _TEXT                 CODE           0000:0000        00000000
                _DATA                 DATA           0152:0002        00000000
                _BSS                  BSS            015f:0002        00000000
ajustusr.c      _TEXT                 CODE           0000:0000        00000030
                _DATA                 DATA           0152:0002        0000007b
                _BSS                  BSS            015f:0002        00000000
atexit.c        _TEXT                 CODE           0000:0030        00000053
                _DATA                 DATA           0152:007e        00000027
                _BSS                  BSS            015f:0002        00000000
ll_s_so1.c      _TEXT                 CODE           0000:0083        00000770
                _DATA                 DATA           0152:00a6        00000019
                _BSS                  BSS            015f:0002        00000000
ll_s_exc.c      _TEXT                 CODE           0000:07f3        0000010c
                _DATA                 DATA           0152:00c0        00000000
                _BSS                  BSS            015f:0002        00000000
caracter.c      _TEXT                 CODE           0000:08ff        00000050
                _DATA                 DATA           0152:00c0        00000011
                _BSS                  BSS            015f:0002        00000000
printgen.c      _TEXT                 CODE           0000:094f        000007cc
                _DATA                 DATA           0152:00d2        00000000
                _BSS                  BSS            015f:0002        0000000b
tipos.c         _TEXT                 CODE           0000:111b        0000006b
                _DATA                 DATA           0152:00d2        00000000
                _BSS                  BSS            015f:000e        00000000
put.c           _TEXT                 CODE           0000:1186        0000017b
                _DATA                 DATA           0152:00d2        00000000
                _BSS                  BSS            015f:000e        00000002
escribir.c      _TEXT                 CODE           0000:1301        00000103
                _DATA                 DATA           0152:00d2        00000000
                _BSS                  BSS            015f:0010        00000000
ASM\H_LDIV.ASM  _TEXT                 CODE           0000:1404        000000ae
ASM\H_LURSH.ASM _TEXT                 CODE           0000:14b2        00000021
ASM\H_LLSH.ASM  _TEXT                 CODE           0000:14d3        00000021
ASM\F_LXMUL.ASM _TEXT                 CODE           0000:14f4        00000017
ASM\N_LXMUL.ASM _TEXT                 CODE           0000:150b        00000017
ASM\fincode.asm _TEXT                 CODE           0000:1522        00000000
                _DATA                 DATA           0152:00d2        00000000
                _BSS                  BSS            015f:0010        00000000
ASM\findata.asm _TEXT                 CODE           0000:1522        00000000
                _DATA                 DATA           0152:00d2        00000000
                _BSS                  BSS            015f:0010        00000000
ASM\finbss.asm  _TEXT                 CODE           0000:1522        00000000
                _DATA                 DATA           0152:00d2        00000000
                _BSS                  BSS            015f:0010        00000000


                        +-----------------------+
                        |   Linker Statistics   |
                        +-----------------------+

Stack size:  fffe (65534.)
Memory size:  1600 (5632.)
Entry point address: 0000:0000
Link time: 00:00.00
