JWlink Version 1.9beta 13
Portions Copyright (c) 1985-2002 Sybase, Inc. All Rights Reserved.
Created on:       17/08/24 20:50:47
Executable Image: TIMER.BIN
creating a DOS executable


                        +------------+
                        |   Groups   |
                        +------------+

Group                           Address              Size
=====                           =======              ====

DGROUP                          030f:0004            00001d78



                        +--------------+
                        |   Segments   |
                        +--------------+

Segment                Class          Group          Address         Size
=======                =====          =====          =======         ====

_TEXT                  CODE           AUTO           0000:0000       000030f3
_DATA                  DATA           DGROUP         030f:0004       000007b4
_BSS                   BSS            DGROUP         038a:0008       000015c4


                        +----------------+
                        |   Memory Map   |
                        +----------------+

* = unreferenced symbol
+ = symbol only referenced locally

Address        Symbol
=======        ======

Module: ..\..\startfin\lib\startlib.lib(ASM\startcode.asm)
0000:0000*     _startCode
Module: ..\..\startfin\lib\startlib.lib(ASM\startdata.asm)
030f:0004      _startData
Module: ..\..\startfin\lib\startlib.lib(ASM\startbss.asm)
030f:07b8*     _startBSS
Module: ..\..\so1pub\obj\ajustusr.obj(ajustusr.c)
030f:0056*     _argv
0000:0000      _startBin
0000:002f      __setargv__
Module: TIMER.obj(timer.c)
0000:0943      _main
Module: ..\..\so1pub\lib\ll_s_so1.lib(ll_s_so1.c)
0000:0d84*     _fork
0000:0d95*     _getpid
0000:0da6      _getpindx
0000:0db7*     _getppid
0000:0dc8*     _getuid
0000:0dd9*     _getgid
0000:0dea*     _read
0000:0e04      _aio_read
0000:0e1e      _aio_write
0000:0e38      _lseek
0000:0ef4*     _fcntl
0000:0f0e*     _ioctl
0000:0f28      _obtenInfoSO1
0000:0f35      _crearRecurso
0000:0f49      _crearFichero
0000:0f6a      _esperarDesinstalacion
0000:0f7b      _destruirRecurso
0000:0f8f*     _encolarCcbRecurso
0000:0fa8*     _eliminarCcbRecurso
0000:0fc1      _obtenInfoPS
0000:0ffc*     _obtenInfoMEM
0000:1058*     _obtenInfoPFR
0000:10ab*     _obtenInfoFAB
0000:10b8*     _obtenInfoINFO
0000:10c5*     _getdisk
0000:11fc*     _findFirst
0000:1220*     _findNext
0000:0e66*     _leer
0000:0e8c*     _leerListo
0000:0eb2*     _leerAsciiListo
0000:12b8*     _activarTraza
0000:12c8*     _analizarProcesos
0000:12d7*     _ll_buscarBloque
0000:130f*     _ll_devolverBloque
0000:1356*     _ll_tamBloqueMax
0000:1388*     _retardoActivo
0000:1469*     _sem_inic
0000:1486*     _sem_bajar
0000:14a0*     _sem_subir
0000:14ba*     _mbox_send
0000:14d7*     _mbox_receive
0000:10d6*     _procesarEntrada
Module: ..\..\so1pub\lib\ll_s_so1.lib(ll_s_exc.c)
0000:14f4*     _createProcess
0000:150d*     _exec
0000:1526*     _waitpid
0000:15a7*     _kill
0000:157c      _exit
0000:1589*     _setuid
0000:1598*     _setgid
0000:15bb      _open
0000:15d2      _close
0000:15e6      _write
Module: ..\..\so1pub\obj\caracter.obj(caracter.c)
030f:069e      _dig
0000:1600      _mayuscula
0000:1628*     _minuscula
Module: ..\..\so1pub\obj\printgen.obj(printgen.c)
0000:1650      _printGenLn
0000:1664      _printGenStr
0000:169e      _printGenStrHasta
0000:16f6      _printGenDec
0000:17be      _printGenLDec
0000:1899      _printGenInt
0000:199a      _printGenLInt
0000:1acb      _printGenHex
0000:1b89      _printGenLHex
0000:1c72      _printGenBin
0000:1d1e      _printGenLBin
0000:1ddb      _printGenPtr
0000:1e19*     _printfGen
Module: ..\..\so1pub\obj\tipos.obj(tipos.c)
0000:1e1c      _pointer
0000:1e34      _seg
0000:1e49      _off
0000:1e5e*     _incPtr
Module: ..\..\so1pub\obj\put.obj(put.c)
0000:1eb1      _putCar
0000:1ec4*     _putLn
0000:1ed6*     _putStr
0000:1eee*     _putStrHasta
0000:1f0c*     _putDec
0000:1f26*     _putLDec
0000:1f43*     _putInt
0000:1f5d*     _putLInt
0000:1f7a*     _putHex
0000:1f94*     _putLHex
0000:1fb1*     _putBin
0000:1fcb*     _putLBin
0000:1fe8*     _putPtr
Module: ..\..\so1pub\obj\escribir.obj(escribir.c)
0000:2002*     _escribirCar
0000:2013      _escribirLn
0000:201b      _escribirStr
0000:202d*     _escribirStrHasta
0000:2045      _escribirDec
0000:2059      _escribirLDec
0000:2070      _escribirInt
0000:2084*     _escribirLInt
0000:209b*     _escribirHex
0000:20af*     _escribirLHex
0000:20c6*     _escribirBin
0000:20da*     _escribirLBin
0000:20f1*     _escribirPtr
Module: ..\..\so1pub\obj\scanner.obj(scanner.c)
030f:1a00      _comando
030f:06b0*     _inCmd
030f:06b2*     _outCmd
030f:06b4*     _nComandos
030f:06b6*     _simbCmd
030f:07ae*     _numCmds
030f:1d20      _car
030f:1d22      _pos
030f:1d24      _simb
030f:1d26      _num
030f:1d28*     _numLargo
030f:1d2c*     _str
0000:2105      _inicScanner
0000:2111      _obtenCar
0000:24ca*     _obtenStr
0000:2143*     _saltarBlancos
0000:2150*     _numDec
0000:2223*     _numHex
0000:230f*     _identificador
0000:2439      _obtenSimb
Module: ..\..\so1pub\obj\strings.obj(strings.c)
0000:24fe      _copiarStr
0000:2527*     _copiarStrHasta
0000:2561      _iguales
0000:259a      _igualesHasta
0000:25de*     _igualesSalvoMayusculasHasta
Module: ..\..\so1pub\obj\biosdata.obj(biosdata.c)
030f:07b0*     _ptrBiosArea
030f:07b4*     _ptrFechaBios
Module: ..\..\so1pub\obj\ptrc2c.obj(ptrc2c.c)
0000:2630*     _posicionPC2c
0000:26a8      _eliminarPC2c
0000:274d*     _apilarPC2c
0000:27ce      _encolarPC2c
0000:2866      _desencolarPC2c
0000:2918      _inicializarPC2c
Module: ..\..\so1pub\obj\pantalla.obj(pantalla.c)
0000:29a9*     _tamPantalla
0000:29b8*     _pantallazo
0000:2a6c*     _borrarPantalla
0000:2a90*     _borrarCPantalla
0000:2ab4*     _copiarPantalla
0000:2b10*     _copiarCPantalla
0000:2b6c*     _scrollPantalla
0000:2bc0*     _scrollCPantalla
Module: ..\..\so1pub\obj\ccb.obj(ccb.c)
0000:2c0a*     _inicCcb
0000:2c6c*     _encolarCcb
0000:2cdc*     _desencolarCcb
0000:2d3c*     _eliminarCcb
0000:2e21*     _eliminarSegCcb
0000:2ef9*     _vaciarCcb
0000:2f55      _atenderCcb
Module: ..\..\crtl\obj\h_ldiv.obj(ASM\H_LDIV.ASM)
0000:2fd8*     LDIV@
0000:2fd8*     F_LDIV@
0000:2fd5      N_LDIV@
0000:2fdf*     LUDIV@
0000:2fdf*     F_LUDIV@
0000:2fdc      N_LUDIV@
0000:2fe7*     LMOD@
0000:2fe7*     F_LMOD@
0000:2fe4      N_LMOD@
0000:2fef*     LUMOD@
0000:2fef*     F_LUMOD@
0000:2fec      N_LUMOD@
Module: ..\..\crtl\obj\h_lursh.obj(ASM\H_LURSH.ASM)
0000:3086*     LXURSH@
0000:3086*     F_LXURSH@
0000:3083*     N_LXURSH@
Module: ..\..\crtl\obj\h_llsh.obj(ASM\H_LLSH.ASM)
0000:30a7*     LXLSH@
0000:30a7*     F_LXLSH@
0000:30a4      N_LXLSH@
Module: ..\..\crtl\obj\f_lxmul.obj(ASM\F_LXMUL.ASM)
0000:30c5*     LXMUL@
0000:30c5*     F_LXMUL@
Module: ..\..\crtl\obj\n_lxmul.obj(ASM\N_LXMUL.ASM)
0000:30dc      N_LXMUL@
Module: ..\..\startfin\lib\finlib.lib(ASM\fincode.asm)
0000:30f3*     _finCode
Module: ..\..\startfin\lib\finlib.lib(ASM\findata.asm)
030f:07b8      _finData
Module: ..\..\startfin\lib\finlib.lib(ASM\finbss.asm)
030f:1d7c      _finBSS


                        +---------------------+
                        |   Module Segments   |
                        +---------------------+

! = 32-bit segment
c = initialized communal data

Module          Segment               Class           Address         Size
======          =======               =====           =======         ====

ASM\startcode.asm
                _TEXT                 CODE           0000:0000        00000000
                _DATA                 DATA           030f:0004        00000000
                _BSS                  BSS            038a:0008        00000000
ASM\startdata.asm
                _TEXT                 CODE           0000:0000        00000000
                _DATA                 DATA           030f:0004        00000000
                _BSS                  BSS            038a:0008        00000000
ASM\startbss.asm
                _TEXT                 CODE           0000:0000        00000000
                _DATA                 DATA           030f:0004        00000000
                _BSS                  BSS            038a:0008        00000000
ajustusr.c      _TEXT                 CODE           0000:0000        00000030
                _DATA                 DATA           030f:0004        0000007b
                _BSS                  BSS            038a:0008        00000000
timer.c         _TEXT                 CODE           0000:0030        00000d54
                _DATA                 DATA           030f:0080        00000603
                _BSS                  BSS            038a:0008        0000123a
ll_s_so1.c      _TEXT                 CODE           0000:0d84        00000770
                _DATA                 DATA           030f:0684        00000019
                _BSS                  BSS            038a:1242        00000000
ll_s_exc.c      _TEXT                 CODE           0000:14f4        0000010c
                _DATA                 DATA           030f:069e        00000000
                _BSS                  BSS            038a:1242        00000000
caracter.c      _TEXT                 CODE           0000:1600        00000050
                _DATA                 DATA           030f:069e        00000011
                _BSS                  BSS            038a:1242        00000000
printgen.c      _TEXT                 CODE           0000:1650        000007cc
                _DATA                 DATA           030f:06b0        00000000
                _BSS                  BSS            038a:1242        0000000b
tipos.c         _TEXT                 CODE           0000:1e1c        0000006b
                _DATA                 DATA           030f:06b0        00000000
                _BSS                  BSS            038a:124e        00000000
put.c           _TEXT                 CODE           0000:1e87        0000017b
                _DATA                 DATA           030f:06b0        00000000
                _BSS                  BSS            038a:124e        00000002
escribir.c      _TEXT                 CODE           0000:2002        00000103
                _DATA                 DATA           030f:06b0        00000000
                _BSS                  BSS            038a:1250        00000000
scanner.c       _TEXT                 CODE           0000:2105        000003f9
                _DATA                 DATA           030f:06b0        00000100
                _BSS                  BSS            038a:1250        0000037c
strings.c       _TEXT                 CODE           0000:24fe        00000132
                _DATA                 DATA           030f:07b0        00000000
                _BSS                  BSS            038a:15cc        00000000
biosdata.c      _TEXT                 CODE           0000:2630        00000000
                _DATA                 DATA           030f:07b0        00000008
                _BSS                  BSS            038a:15cc        00000000
ptrc2c.c        _TEXT                 CODE           0000:2630        00000379
                _DATA                 DATA           030f:07b8        00000000
                _BSS                  BSS            038a:15cc        00000000
pantalla.c      _TEXT                 CODE           0000:29a9        00000261
                _DATA                 DATA           030f:07b8        00000000
                _BSS                  BSS            038a:15cc        00000000
ccb.c           _TEXT                 CODE           0000:2c0a        000003cb
                _DATA                 DATA           030f:07b8        00000000
                _BSS                  BSS            038a:15cc        00000000
ASM\H_LDIV.ASM  _TEXT                 CODE           0000:2fd5        000000ae
ASM\H_LURSH.ASM _TEXT                 CODE           0000:3083        00000021
ASM\H_LLSH.ASM  _TEXT                 CODE           0000:30a4        00000021
ASM\F_LXMUL.ASM _TEXT                 CODE           0000:30c5        00000017
ASM\N_LXMUL.ASM _TEXT                 CODE           0000:30dc        00000017
ASM\fincode.asm _TEXT                 CODE           0000:30f3        00000000
                _DATA                 DATA           030f:07b8        00000000
                _BSS                  BSS            038a:15cc        00000000
ASM\findata.asm _TEXT                 CODE           0000:30f3        00000000
                _DATA                 DATA           030f:07b8        00000000
                _BSS                  BSS            038a:15cc        00000000
ASM\finbss.asm  _TEXT                 CODE           0000:30f3        00000000
                _DATA                 DATA           030f:07b8        00000000
                _BSS                  BSS            038a:15cc        00000000


                        +-----------------------+
                        |   Linker Statistics   |
                        +-----------------------+

Stack size:  fffe (65534.)
Memory size:  4e6c (20076.)
Entry point address: 0000:0000
Link time: 00:00.15
