JWlink Version 1.9beta 13
Portions Copyright (c) 1985-2002 Sybase, Inc. All Rights Reserved.
Created on:       17/08/24 20:50:42
Executable Image: LEETIMER.BIN
creating a DOS executable


                        +------------+
                        |   Groups   |
                        +------------+

Group                           Address              Size
=====                           =======              ====

DGROUP                          01d8:0000            00001ec8



                        +--------------+
                        |   Segments   |
                        +--------------+

Segment                Class          Group          Address         Size
=======                =====          =====          =======         ====

_TEXT                  CODE           AUTO           0000:0000       00001d7f
_DATA                  DATA           DGROUP         01d8:0000       000003f4
_BSS                   BSS            DGROUP         0217:0004       00001ad4


                        +----------------+
                        |   Memory Map   |
                        +----------------+

* = unreferenced symbol
+ = symbol only referenced locally

Address        Symbol
=======        ======

Module: ..\..\startfin\lib\startlib.lib(ASM\startcode.asm)
0000:0000*     _startCode
Module: ..\..\startfin\lib\startlib.lib(ASM\startdata.asm)
01d8:0000      _startData
Module: ..\..\startfin\lib\startlib.lib(ASM\startbss.asm)
01d8:03f4*     _startBSS
Module: ..\..\so1pub\obj\ajustusr.obj(ajustusr.c)
01d8:0052*     _argv
0000:0000      _startBin
0000:002f      __setargv__
Module: LEETIMER.obj(leetimer.c)
0000:0030*     _leeTimer
01d8:03f4*     _descProceso
01d8:11b4*     _descFichero
01d8:1358*     _descRecurso
01d8:17e2*     _e2PFR
01d8:1ada*     _c2cPFR
0000:02bf*     _formato
0000:02c7*     _help
0000:02f1      _main
Module: ..\..\so1pub\lib\ll_s_so1.lib(ll_s_so1.c)
0000:03b5*     _fork
0000:03c6*     _getpid
0000:03d7*     _getpindx
0000:03e8*     _getppid
0000:03f9*     _getuid
0000:040a*     _getgid
0000:041b      _read
0000:0435      _aio_read
0000:044f*     _aio_write
0000:0469*     _lseek
0000:0525*     _fcntl
0000:053f*     _ioctl
0000:0559*     _obtenInfoSO1
0000:0566*     _crearRecurso
0000:057a*     _crearFichero
0000:059b*     _esperarDesinstalacion
0000:05ac*     _destruirRecurso
0000:05c0*     _encolarCcbRecurso
0000:05d9*     _eliminarCcbRecurso
0000:05f2*     _obtenInfoPS
0000:062d*     _obtenInfoMEM
0000:0689      _obtenInfoPFR
0000:06dc*     _obtenInfoFAB
0000:06e9*     _obtenInfoINFO
0000:06f6*     _getdisk
0000:082d*     _findFirst
0000:0851*     _findNext
0000:0497      _leer
0000:04bd*     _leerListo
0000:04e3*     _leerAsciiListo
0000:08e9*     _activarTraza
0000:08f9*     _analizarProcesos
0000:0908*     _ll_buscarBloque
0000:0940*     _ll_devolverBloque
0000:0987*     _ll_tamBloqueMax
0000:09b9*     _retardoActivo
0000:0a9a*     _sem_inic
0000:0ab7*     _sem_bajar
0000:0ad1*     _sem_subir
0000:0aeb*     _mbox_send
0000:0b08*     _mbox_receive
0000:0707*     _procesarEntrada
Module: ..\..\so1pub\lib\ll_s_so1.lib(ll_s_exc.c)
0000:0b25*     _createProcess
0000:0b3e*     _exec
0000:0b57*     _waitpid
0000:0bd8*     _kill
0000:0bad      _exit
0000:0bba*     _setuid
0000:0bc9*     _setgid
0000:0bec      _open
0000:0c03      _close
0000:0c17      _write
Module: ..\..\so1pub\obj\caracter.obj(caracter.c)
01d8:02e2      _dig
0000:0c31      _mayuscula
0000:0c59*     _minuscula
Module: ..\..\so1pub\obj\printgen.obj(printgen.c)
0000:0c81      _printGenLn
0000:0c95      _printGenStr
0000:0ccf      _printGenStrHasta
0000:0d27      _printGenDec
0000:0def      _printGenLDec
0000:0eca      _printGenInt
0000:0fcb      _printGenLInt
0000:10fc      _printGenHex
0000:11ba      _printGenLHex
0000:12a3      _printGenBin
0000:134f      _printGenLBin
0000:140c      _printGenPtr
0000:144a*     _printfGen
Module: ..\..\so1pub\obj\tipos.obj(tipos.c)
0000:144d      _pointer
0000:1465      _seg
0000:147a      _off
0000:148f*     _incPtr
Module: ..\..\so1pub\obj\put.obj(put.c)
0000:14e2      _putCar
0000:14f5*     _putLn
0000:1507*     _putStr
0000:151f*     _putStrHasta
0000:153d*     _putDec
0000:1557*     _putLDec
0000:1574*     _putInt
0000:158e*     _putLInt
0000:15ab*     _putHex
0000:15c5*     _putLHex
0000:15e2*     _putBin
0000:15fc*     _putLBin
0000:1619*     _putPtr
Module: ..\..\so1pub\obj\escribir.obj(escribir.c)
0000:1633      _escribirCar
0000:1644      _escribirLn
0000:164c      _escribirStr
0000:165e*     _escribirStrHasta
0000:1676      _escribirDec
0000:168a*     _escribirLDec
0000:16a1*     _escribirInt
0000:16b5*     _escribirLInt
0000:16cc      _escribirHex
0000:16e0      _escribirLHex
0000:16f7*     _escribirBin
0000:170b*     _escribirLBin
0000:1722      _escribirPtr
Module: ..\..\so1pub\obj\scanner.obj(scanner.c)
01d8:1b4c      _comando
01d8:02f4*     _inCmd
01d8:02f6*     _outCmd
01d8:02f8*     _nComandos
01d8:02fa*     _simbCmd
01d8:03f2*     _numCmds
01d8:1e6c*     _car
01d8:1e6e*     _pos
01d8:1e70      _simb
01d8:1e72      _num
01d8:1e74*     _numLargo
01d8:1e78*     _str
0000:1736      _inicScanner
0000:1742*     _obtenCar
0000:1afb*     _obtenStr
0000:1774*     _saltarBlancos
0000:1781*     _numDec
0000:1854*     _numHex
0000:1940*     _identificador
0000:1a6a      _obtenSimb
Module: ..\..\so1pub\obj\strings.obj(strings.c)
0000:1b2f      _copiarStr
0000:1b58*     _copiarStrHasta
0000:1b92      _iguales
0000:1bcb      _igualesHasta
0000:1c0f*     _igualesSalvoMayusculasHasta
Module: ..\..\crtl\obj\h_ldiv.obj(ASM\H_LDIV.ASM)
0000:1c64*     LDIV@
0000:1c64*     F_LDIV@
0000:1c61      N_LDIV@
0000:1c6b*     LUDIV@
0000:1c6b*     F_LUDIV@
0000:1c68      N_LUDIV@
0000:1c73*     LMOD@
0000:1c73*     F_LMOD@
0000:1c70      N_LMOD@
0000:1c7b*     LUMOD@
0000:1c7b*     F_LUMOD@
0000:1c78      N_LUMOD@
Module: ..\..\crtl\obj\h_lursh.obj(ASM\H_LURSH.ASM)
0000:1d12*     LXURSH@
0000:1d12*     F_LXURSH@
0000:1d0f*     N_LXURSH@
Module: ..\..\crtl\obj\h_llsh.obj(ASM\H_LLSH.ASM)
0000:1d33*     LXLSH@
0000:1d33*     F_LXLSH@
0000:1d30      N_LXLSH@
Module: ..\..\crtl\obj\f_lxmul.obj(ASM\F_LXMUL.ASM)
0000:1d51*     LXMUL@
0000:1d51*     F_LXMUL@
Module: ..\..\crtl\obj\n_lxmul.obj(ASM\N_LXMUL.ASM)
0000:1d68      N_LXMUL@
Module: ..\..\startfin\lib\finlib.lib(ASM\fincode.asm)
0000:1d7f*     _finCode
Module: ..\..\startfin\lib\finlib.lib(ASM\findata.asm)
01d8:03f4      _finData
Module: ..\..\startfin\lib\finlib.lib(ASM\finbss.asm)
01d8:1ec8      _finBSS


                        +---------------------+
                        |   Module Segments   |
                        +---------------------+

! = 32-bit segment
c = initialized communal data

Module          Segment               Class           Address         Size
======          =======               =====           =======         ====

ASM\startcode.asm
                _TEXT                 CODE           0000:0000        00000000
                _DATA                 DATA           01d8:0000        00000000
                _BSS                  BSS            0217:0004        00000000
ASM\startdata.asm
                _TEXT                 CODE           0000:0000        00000000
                _DATA                 DATA           01d8:0000        00000000
                _BSS                  BSS            0217:0004        00000000
ASM\startbss.asm
                _TEXT                 CODE           0000:0000        00000000
                _DATA                 DATA           01d8:0000        00000000
                _BSS                  BSS            0217:0004        00000000
ajustusr.c      _TEXT                 CODE           0000:0000        00000030
                _DATA                 DATA           01d8:0000        0000007b
                _BSS                  BSS            0217:0004        00000000
leetimer.c      _TEXT                 CODE           0000:0030        00000385
                _DATA                 DATA           01d8:007c        0000024b
                _BSS                  BSS            0217:0004        0000174a
ll_s_so1.c      _TEXT                 CODE           0000:03b5        00000770
                _DATA                 DATA           01d8:02c8        00000019
                _BSS                  BSS            0217:174e        00000000
ll_s_exc.c      _TEXT                 CODE           0000:0b25        0000010c
                _DATA                 DATA           01d8:02e2        00000000
                _BSS                  BSS            0217:174e        00000000
caracter.c      _TEXT                 CODE           0000:0c31        00000050
                _DATA                 DATA           01d8:02e2        00000011
                _BSS                  BSS            0217:174e        00000000
printgen.c      _TEXT                 CODE           0000:0c81        000007cc
                _DATA                 DATA           01d8:02f4        00000000
                _BSS                  BSS            0217:174e        0000000b
tipos.c         _TEXT                 CODE           0000:144d        0000006b
                _DATA                 DATA           01d8:02f4        00000000
                _BSS                  BSS            0217:175a        00000000
put.c           _TEXT                 CODE           0000:14b8        0000017b
                _DATA                 DATA           01d8:02f4        00000000
                _BSS                  BSS            0217:175a        00000002
escribir.c      _TEXT                 CODE           0000:1633        00000103
                _DATA                 DATA           01d8:02f4        00000000
                _BSS                  BSS            0217:175c        00000000
scanner.c       _TEXT                 CODE           0000:1736        000003f9
                _DATA                 DATA           01d8:02f4        00000100
                _BSS                  BSS            0217:175c        0000037c
strings.c       _TEXT                 CODE           0000:1b2f        00000132
                _DATA                 DATA           01d8:03f4        00000000
                _BSS                  BSS            0217:1ad8        00000000
ASM\H_LDIV.ASM  _TEXT                 CODE           0000:1c61        000000ae
ASM\H_LURSH.ASM _TEXT                 CODE           0000:1d0f        00000021
ASM\H_LLSH.ASM  _TEXT                 CODE           0000:1d30        00000021
ASM\F_LXMUL.ASM _TEXT                 CODE           0000:1d51        00000017
ASM\N_LXMUL.ASM _TEXT                 CODE           0000:1d68        00000017
ASM\fincode.asm _TEXT                 CODE           0000:1d7f        00000000
                _DATA                 DATA           01d8:03f4        00000000
                _BSS                  BSS            0217:1ad8        00000000
ASM\findata.asm _TEXT                 CODE           0000:1d7f        00000000
                _DATA                 DATA           01d8:03f4        00000000
                _BSS                  BSS            0217:1ad8        00000000
ASM\finbss.asm  _TEXT                 CODE           0000:1d7f        00000000
                _DATA                 DATA           01d8:03f4        00000000
                _BSS                  BSS            0217:1ad8        00000000


                        +-----------------------+
                        |   Linker Statistics   |
                        +-----------------------+

Stack size:  fffe (65534.)
Memory size:  3c48 (15432.)
Entry point address: 0000:0000
Link time: 00:00.15
