JWlink Version 1.9beta 13
Portions Copyright (c) 1985-2002 Sybase, Inc. All Rights Reserved.
Created on:       18/03/28 02:29:31
Executable Image: MBR.bin
creating a DOS executable


                        +------------+
                        |   Groups   |
                        +------------+

Group                           Address              Size
=====                           =======              ====

DGROUP                          0020:0000            00000224



                        +--------------+
                        |   Segments   |
                        +--------------+

Segment                Class          Group          Address         Size
=======                =====          =====          =======         ====

_TEXT                  CODE           AUTO           0000:0000       00000200
_DATA                  DATA           DGROUP         0020:0000       00000000
_BSS                   BSS            DGROUP         0020:0000       00000224


                        +----------------+
                        |   Memory Map   |
                        +----------------+

* = unreferenced symbol
+ = symbol only referenced locally

Address        Symbol
=======        ======

Module: MBR.obj(mbr.asm)
0000:0020*     _msg
0000:003a*     _msg_Load
0000:004e*     _msg_ReadError
0000:0055*     _msg_NoPartition
0000:0067*     _msg_PartitionError
0020:0000*     _codigo
0020:01b8*     _WinDiskSig
0020:01bc*     _relleno
0020:01be*     _descParticion
0020:01fe*     _signatura
0020:0200*     _activa
0020:0201*     _cabezaInicial
0020:0202*     _scInicial
0020:0204*     _tipo
0020:0205*     _cabezaFinal
0020:0206*     _sectorFinal
0020:0207*     _cilindroFinal
0020:0208*     _primerSector
0020:020c*     _sectores
0020:0210*     _unidadBIOS
0000:00cd*     _main
0000:0000      _startBin
0000:0012*     _printCar
0020:0211*     _car
0000:0075*     _printStr
0000:00a0*     _leerTecla
0000:00a5*     _resetController
0020:0212*     _dirCarga
0000:00b2*     _leerPrimerSectorF
0000:010c*     _reubicado
0020:0216*     _origen
0020:0218*     _destinoLejano
0020:021c*     _origenDesc
0020:021e*     _destinoDesc
0020:0220*     _i
0020:0222*     _j


                        +---------------------+
                        |   Module Segments   |
                        +---------------------+

! = 32-bit segment
c = initialized communal data

Module          Segment               Class           Address         Size
======          =======               =====           =======         ====

mbr.asm         _TEXT                 CODE           0000:0000        00000200
                _DATA                 DATA           0020:0000        00000000
                _BSS                  BSS            0020:0000        00000224


                        +-----------------------+
                        |   Linker Statistics   |
                        +-----------------------+

Stack size:  fffe (65534.)
Memory size:  0424 (1060.)
Entry point address: 0000:0000
Link time: 00:00.00
