JWlink Version 1.9beta 13
Portions Copyright (c) 1985-2002 Sybase, Inc. All Rights Reserved.
Created on:       18/03/10 02:54:37
Executable Image: RATON_MS.BIN
creating a DOS executable


                        +------------+
                        |   Groups   |
                        +------------+

Group                           Address              Size
=====                           =======              ====

DGROUP                          0512:0000            000025f2



                        +--------------+
                        |   Segments   |
                        +--------------+

Segment                Class          Group          Address         Size
=======                =====          =====          =======         ====

_TEXT                  CODE           AUTO           0000:0000       00005120
_DATA                  DATA           DGROUP         0512:0000       00000956
_BSS                   BSS            DGROUP         05a7:0006       00001c9c


                        +----------------+
                        |   Memory Map   |
                        +----------------+

* = unreferenced symbol
+ = symbol only referenced locally

Address        Symbol
=======        ======

Module: ..\..\startfin\lib\startlib.lib(ASM\startcode.asm)
0000:0000*     _startCode
Module: ..\..\startfin\lib\startlib.lib(ASM\startdata.asm)
0512:0000      _startData
Module: ..\..\startfin\lib\startlib.lib(ASM\startbss.asm)
0512:0956*     _startBSS
Module: ..\..\so1pub\obj\ajustusr.obj(ajustusr.c)
0512:0052*     _argv
0000:0000      _startBin
0000:0067      __setargv__
Module: RATON_MS.obj(raton_ms.asm)
0000:0278*     _rti_raton_BIOS
0000:02aa*     _ratonHandler
0512:00d0*     _rec_raton
0512:00d2*     _bloqueadosRaton
0512:00dc*     _e2BloqueadosRaton
0512:0120*     _nbytesProceso
0512:0140*     _dirProceso
0512:0180*     _inB
0512:0182*     _B
0512:0185*     _er
0512:01a8*     _XAux
0512:01aa*     _YAux
0512:01ac*     _FAntCursor
0512:01ae*     _CAntCursor
0512:01b0*     _atrAux
0512:01b2*     _cursorRatonActivo
0512:01b4*     _moviendo
0512:01b6*     _redimensionando
0512:01b8*     _primerClick
0512:01ba*     _contTics2Click
0512:01bc*     _huboInt
0512:01be*     _primeraInt
0000:0068*     _inicEstadoRaton
0000:00dc*     _leerEstadoRaton
0000:0109*     _openRaton
0000:010c*     _releaseRaton
0000:010f*     _readRaton
0000:018a*     _aio_readRaton
0000:01c5*     _writeRaton
0000:01c8*     _aio_writeRaton
0000:01cb*     _lseekRaton
0000:01d2*     _fcntlRaton
0000:01d5*     _ioctlRaton
0000:01d8*     _eliminarRaton
0000:03e2*     _procesarRaton
0000:047d*     _procesarColaBloqueadosRaton
0000:02d5*     _tratarRaton
0000:0562*     _actualizarCursor
0000:020a*     _isr_raton
0000:0226*     _isr_raton_dosbox
0512:01c0*     _rH_CS
0512:01c2*     _rH_IP
0512:01c4*     _rH_AX
0512:01c6*     _rH_BX
0512:01c8*     _rH_CX
0512:01ca*     _rH_DX
0512:01cc*     _rH_SI
0512:01ce*     _rH_DI
0000:0255*     _isr_raton_BIOS
0512:01d0*     _rti_nVIntRaton
0512:01d4*     _segment_rti_nVIntRaton
0512:01d6*     _offset_rti_nVIntRaton
0512:01d8*     _ptrWordAux
0000:0625*     _handlerRatonNulo
0000:0626*     _handlerRaton
0000:06e4*     _finishRaton
0000:06ed*     _finCodeDriver
0512:01e8*     _descCcbRaton
0000:06ee*     _outKBD
0000:071b*     _flushKBD
0000:0751*     _setRate
0000:0783*     _PS2dummy
0000:0784*     _checkPS2
0512:0958*     _rtiRatonOrg
0000:0807*     _disablePS2
0000:082e*     _enablePS2
0000:0861*     _noPrintCar
0000:0862*     _inicRaton
0000:09d0*     _mostrarFormato
0000:09db*     _formato
0000:09f6*     _help
0512:0218*     _strTipoRaton
0512:095c*     _tipoRaton
0000:0a10*     _integrarRaton
0000:0c58*     _desintegrarRaton
0000:0c86*     _instalarRaton
0000:0cd2      _main
Module: ..\..\so1pub\lib\ll_s_so1.lib(ll_s_so1.c)
0000:0e48*     _SIG_IGN
0000:0e49*     _SIG_DFL
0512:0672      ___sighandler
0000:0e64*     _sigaction
0000:0e7b*     _alarm
0000:0e88*     _pause
0000:0e8e*     _fork
0000:0e9f*     _getpid
0000:0eb0      _getpindx
0000:0ec1*     _getppid
0000:0ed2*     _getuid
0000:0ee3*     _getgid
0000:0ef4*     _read
0000:0f0e*     _aio_read
0000:0f28*     _aio_write
0000:0fd0*     _fcntl
0000:0fea      _obtenInfoSO1
0000:0ff7      _crearRecurso
0000:100b      _crearFichero
0000:102c      _esperarDesinstalacion
0000:1062      _destruirRecurso
0000:1076*     _encolarCcbRecurso
0000:108f*     _eliminarCcbRecurso
0000:10a8      _obtenInfoPS
0000:10e3*     _obtenInfoMEM
0000:1139*     _obtenInfoPFR
0000:118c*     _obtenInfoFAB
0000:1199      _obtenInfoINFO
0000:11a6*     _getdisk
0000:12dd*     _findFirst
0000:1301*     _findNext
0000:0f42      _leer
0000:0f68*     _leerListo
0000:0f8e*     _leerAsciiListo
0000:1399*     _activarTraza
0000:13a9*     _analizarProcesos
0000:13b8*     _ll_buscarBloque
0000:13f0*     _ll_devolverBloque
0000:1437*     _ll_tamBloqueMax
0000:1469*     _retardoActivo
0000:0e50*     _kill
0000:11b7*     _procesarEntrada
0000:154a*     _sem_inic
0000:1567*     _sem_bajar
0000:1581*     _sem_subir
0000:159b*     _mbox_send
0000:15b8*     _mbox_receive
Module: ..\..\so1pub\lib\ll_s_so1.lib(ll_s_exc.c)
0000:15d5*     _createProcess
0000:15ee*     _exec
0000:1607*     _waitpid
0000:165d      _exit
0000:166a*     _setuid
0000:1679*     _setgid
0000:1688*     _killpid
0000:169c      _open
0000:16b3      _close
0000:16c7      _write
0000:16e1      _lseek
0000:170f      _ioctl
Module: ..\..\so1pub\obj\comundrv.obj(comundrv.c)
0000:1729      _comprobarAmpersand
0512:095e*     _descProceso
0512:171e*     _e2PFR
0512:1a3e*     _c2cPFR
Module: ..\..\so1pub\obj\ctype.obj(ctype.c)
0000:177c*     _tolower
0000:17a5      _toupper
0000:17ce*     _isprint
Module: ..\..\so1pub\obj\stdio.obj(stdio.c)
0000:17f3*     _putchar
0512:1aa2*     _bufer
0000:1842*     _sprintf
0000:1866      _printf
0000:1892*     _getchar
Module: ..\..\so1pub\obj\vsprintf.obj(vsprintf.c)
0000:1af3      _vsprintf
Module: ..\..\so1pub\obj\printgen.obj(printgen.c)
0000:1f0f      _printGenLn
0000:1f23      _printGenStr
0000:1f5d      _printGenStrHasta
0000:1fb5      _printGenDec
0000:207d      _printGenLDec
0000:2158      _printGenInt
0000:2259      _printGenLInt
0000:238a      _printGenHex
0000:2448      _printGenLHex
0000:2531      _printGenBin
0000:25dd      _printGenLBin
0000:269a      _printGenPtr
Module: ..\..\so1pub\obj\put.obj(put.c)
0000:26ee      _putCar
0000:2701*     _putLn
0000:2713*     _putStr
0000:272b*     _putStrHasta
0000:2749*     _putDec
0000:2763*     _putLDec
0000:2780*     _putInt
0000:279a*     _putLInt
0000:27b7*     _putHex
0000:27d1*     _putLHex
0000:27ee*     _putBin
0000:2808*     _putLBin
0000:2825*     _putPtr
Module: ..\..\so1pub\obj\escribir.obj(escribir.c)
0000:283f      _escribirCar
0000:2850*     _escribirLn
0000:2858*     _escribirStr
0000:286a*     _escribirStrHasta
0000:2882*     _escribirDec
0000:2896*     _escribirLDec
0000:28ad*     _escribirInt
0000:28c1*     _escribirLInt
0000:28d8*     _escribirHex
0000:28ec*     _escribirLHex
0000:2903*     _escribirBin
0000:2917*     _escribirLBin
0000:292e*     _escribirPtr
0000:2942*     _escribirCursor
0000:2963*     _leerCursor
0000:29a2*     _establecerLineas
0000:29b4*     _numeroDeLineas
Module: ..\..\so1pub\obj\scanner.obj(scanner.c)
0512:2274      _comando
0512:0792*     _inCmd
0512:0794*     _outCmd
0512:0796*     _nComandos
0512:0798*     _simbCmd
0512:08aa*     _numCmds
0512:2594      _car
0512:2596      _pos
0512:2598      _simb
0512:259a      _num
0512:259c*     _numLargo
0512:25a0*     _str
0000:29c0      _inicScanner
0000:29cc      _obtenCar
0000:2dca*     _obtenStr
0000:29ff*     _saltarBlancos
0000:2a0c*     _numDec
0000:2adf*     _numHex
0000:2bcb*     _identificador
0000:2d39      _obtenSimb
Module: ..\..\so1pub\obj\strings.obj(strings.c)
0000:2dfe*     _strlen
0000:2e1d      _strcpy
0000:2e4c*     _strncpy
0000:2e9f*     _strlcpy
0000:2edf      _strcmp
0000:2f17      _strcmpu
0000:2f69      _strncmp
0000:2fc0      _strncmpu
Module: ..\..\so1pub\obj\memory.obj(memory.c)
0000:3031      _memcpy_n
0000:3050      _memcpy
0000:3076*     _normaliza
0000:3093*     _memcpy_fd
0000:3135*     _memmove_n
Module: ..\..\so1pub\obj\puertos.obj(puertos.c)
0000:3181      _inportb
0000:318c*     _inport
0000:3195*     _outport
0000:31a1      _outportb
0000:31ad*     _inportb_r
0000:31c9*     _outportb_r
0000:31e2*     _contadorTimer0
Module: ..\..\so1pub\obj\pantalla.obj(pantalla.c)
0000:31f3*     _tamPantalla
0000:3202*     _pantallazo
0000:32b6*     _borrarPantalla
0000:32da*     _borrarCPantalla
0000:32fe*     _copiarPantalla
0000:3344*     _copiarCPantalla
0000:33a0*     _scrollPantalla
0000:33f4*     _scrollCPantalla
Module: ..\..\so1pub\obj\crthw.obj(crthw.c)
0000:343e*     _inicCrtHw
0000:3457*     _goToXYHw
0000:3498*     _setCursorHw
0000:34b7*     _ocultaCursorHw
Module: ..\..\so1pub\obj\bios_0.obj(bios_0.c)
0000:34c2*     _tipoOrdenador
0000:34d8*     _rebootLegacy
0000:34e0*     _tipoTeclado
0000:34f0      _leerTeclaBIOS
0000:3500*     _leerTeclaExtBIOS
0000:3510*     _teclaListaBIOS
0000:3526*     _leerTeclaListaBDA
0000:35e2*     _teclaListaBDA
0000:362f*     _cambiarTeclaListaBDA
0000:36c2*     _printCarBIOS
0000:36ce*     _printCarPagBIOS
0000:37fe*     _printCarAtrPagBIOS
0000:3810*     _printLnBIOS
0000:381d      _printStrBIOS
0000:3831*     _printStrHastaBIOS
0000:384b*     _printDecBIOS
0000:385f*     _printLDecBIOS
0000:3876*     _printIntBIOS
0000:388a*     _printLIntBIOS
0000:38a1      _printHexBIOS
0000:38b5*     _printLHexBIOS
0000:38cc*     _printBinBIOS
0000:38e0*     _printLBinBIOS
0000:38f7*     _printPtrBIOS
0000:390b*     _printWordBIOS
0000:395c*     _printCadBIOS
0000:3674*     _esperarTicsBIOS
0000:3998*     _modoDeVideo
0000:39a8      _establecerModoDeVideo
0000:39b4*     _paginaActiva
0000:39c4*     _establecerPaginaActiva
0000:39d0*     _numPagsVideo
0000:39ee*     _scrollPagBDA
0000:3c2d*     _scrollPagBIOS
0000:3c67*     _scrollBIOS
0000:3c97*     _goToXYPag
0000:3ca9*     _goToXYBIOS
0000:3cc7*     _setCursorBIOS
0000:3cd6*     _ocultaCursorBIOS
0000:3ce1*     _readXYPagBIOS
0000:3d05      _readXYBIOS
0000:3d35*     _memBIOS
0000:3d38*     _enviarBIOS
0000:3d47*     _recibirBIOS
0000:3d5a*     _hayApmBIOS
0000:3d80*     _connectApmBIOS
0000:3d9c*     _disconnectApmBIOS
0000:3db8*     _cpuIdleBIOS
0000:3dbe*     _cpuBusyBIOS
0000:36ae*     _printCarRawBIOS
Module: ..\..\so1pub\obj\bios_crt.obj(bios_crt.c)
0512:08be*     _ptrPant
0512:08c2*     _tipoAdaptador
0512:08c8*     _redimensionable
0512:08cc*     _fontSize
0512:08cd*     _visibilidad
0000:3dc4*     _inicBiosCrt
0000:3e79*     _finBiosCrt
0000:3e88*     _getFontSize
0000:3eed*     _getFilas
0000:3f77*     _comprobarAdaptador
0000:4013*     _tipoDeAdaptador
0000:41d2*     _setCursorVisibilidad
0000:4223*     _setFontSize
0000:42e3*     _set25x80
0000:4317*     _redimensionar
Module: ..\..\so1pub\obj\bios_rat.obj(bios_rat.c)
0000:4358*     _hayDriverRaton
0000:436f      _hayRatonBIOS
0000:4373      _resetRatonBIOS
0000:43f4*     _versionRatonBIOS
0000:439f*     _mostrarCursorRatonBIOS
0000:43a5*     _ocultarCursorRatonBIOS
0000:43ab*     _leerRatonBIOS
0000:43c4*     _situarCursorRatonBIOS
0000:43d4      _installMouseEventHandler
0000:43e4      _uninstallMouseEventHandler
Module: ..\..\so1pub\obj\msdos.obj(msdos.c)
0000:4426*     _finProgDOS
0000:4439*     _hayMSDOS
0000:461e*     _hayDOSBox
0000:47dc      _hayWindowsNT
0000:44c4*     _segPSP
0000:44b4*     _versionMSDOS
0000:44d4*     _entornoMSDOS
0000:44fb*     _valorMSDOS
0000:4598*     _argcMSDOS
0000:4680*     _argvMSDOS
0000:4839*     _openDOS
0000:4858*     _extendedOpenDOS
0000:48af*     _closeDOS
0000:48c9*     _commitFileDOS
0000:48e3*     _createDOS
0000:4902*     _readDOS
0000:4926*     _writeDOS
0000:494a*     _lseekDOS
0000:4999*     _getdiskDOS
0000:49ab*     _setdiskDOS
0000:49c0*     _getcurdirDOS
0000:49e1*     _chdirDOS
0000:49f8*     _findfirstDOS
0000:4a2a*     _findnextDOS
Module: ..\..\so1pub\obj\memvideo.obj(memvideo.c)
0512:091c*     _pantallaVideo
0512:0920*     _cursorF
0512:0921*     _cursorC
0000:4a56*     _inicMemVideo
0000:4a57*     _finMemVideo
0000:4a5a*     _goToXYVideo
Module: ..\..\so1pub\obj\ptrc2c.obj(ptrc2c.c)
0000:4a94*     _posicionPC2c
0000:4b0c      _eliminarPC2c
0000:4bb1*     _apilarPC2c
0000:4c32      _encolarPC2c
0000:4cca      _desencolarPC2c
0000:4d7c      _inicializarPC2c
Module: ..\..\so1pub\obj\pic.obj(pic.c)
0512:0922      _ptrTVI
0000:4e0d*     _valorIMR
0000:4e1f*     _establecerIMR
0000:4e2d*     _mask_pic1
0000:4e44*     _mask_pic2
0000:4e5d*     _unmask_pic1
0000:4e78*     _unmask_pic2
0000:4e95*     _get_pic1_isr
0000:4ea6*     _get_pic2_isr
0000:4eb9*     _set_pics
0000:4f2d*     _pic_setup
0000:4f38*     _enable_hwirq
Module: ..\..\so1pub\obj\debug.obj(debug.c)
0000:4f89*     _puntoDeParada
0512:0926*     _debug_parar
0000:4f9e*     _assert
0000:4fb8*     _valorFlags
0000:4fc6*     _mostrarFlags
Module: ..\..\crtl\obj\h_ldiv.obj(ASM\H_LDIV.ASM)
0000:5005*     LDIV@
0000:5005*     F_LDIV@
0000:5002      N_LDIV@
0000:500c*     LUDIV@
0000:500c*     F_LUDIV@
0000:5009      N_LUDIV@
0000:5014*     LMOD@
0000:5014*     F_LMOD@
0000:5011      N_LMOD@
0000:501c*     LUMOD@
0000:501c*     F_LUMOD@
0000:5019      N_LUMOD@
Module: ..\..\crtl\obj\h_lursh.obj(ASM\H_LURSH.ASM)
0000:50b3*     LXURSH@
0000:50b3*     F_LXURSH@
0000:50b0*     N_LXURSH@
Module: ..\..\crtl\obj\h_llsh.obj(ASM\H_LLSH.ASM)
0000:50d4*     LXLSH@
0000:50d4*     F_LXLSH@
0000:50d1      N_LXLSH@
Module: ..\..\crtl\obj\f_lxmul.obj(ASM\F_LXMUL.ASM)
0000:50f2*     LXMUL@
0000:50f2*     F_LXMUL@
Module: ..\..\crtl\obj\n_lxmul.obj(ASM\N_LXMUL.ASM)
0000:5109      N_LXMUL@
Module: ..\..\startfin\lib\finlib.lib(ASM\fincode.asm)
0000:5120*     _finCode
Module: ..\..\startfin\lib\finlib.lib(ASM\findata.asm)
0512:0956      _finData
Module: ..\..\startfin\lib\finlib.lib(ASM\finbss.asm)
0512:25f2      _finBSS


                        +---------------------+
                        |   Module Segments   |
                        +---------------------+

! = 32-bit segment
c = initialized communal data

Module          Segment               Class           Address         Size
======          =======               =====           =======         ====

ASM\startcode.asm
                _TEXT                 CODE           0000:0000        00000000
                _DATA                 DATA           0512:0000        00000000
                _BSS                  BSS            05a7:0006        00000000
ASM\startdata.asm
                _TEXT                 CODE           0000:0000        00000000
                _DATA                 DATA           0512:0000        00000000
                _BSS                  BSS            05a7:0006        00000000
ASM\startbss.asm
                _TEXT                 CODE           0000:0000        00000000
                _DATA                 DATA           0512:0000        00000000
                _BSS                  BSS            05a7:0006        00000000
ajustusr.c      _TEXT                 CODE           0000:0000        00000068
                _DATA                 DATA           0512:0000        0000007b
                _BSS                  BSS            05a7:0006        00000000
raton_ms.asm    _TEXT                 CODE           0000:0068        00000de0
                _DATA                 DATA           0512:007c        000005f6
                _BSS                  BSS            05a7:0006        00000008
ll_s_so1.c      _TEXT                 CODE           0000:0e48        0000078d
                _DATA                 DATA           0512:0672        0000003b
                _BSS                  BSS            05a7:000e        00000000
ll_s_exc.c      _TEXT                 CODE           0000:15d5        00000154
                _DATA                 DATA           0512:06ae        00000000
                _BSS                  BSS            05a7:000e        00000000
comundrv.c      _TEXT                 CODE           0000:1729        00000053
                _DATA                 DATA           0512:06ae        0000007b
                _BSS                  BSS            05a7:000e        00001144
ctype.c         _TEXT                 CODE           0000:177c        00000077
                _DATA                 DATA           0512:072a        00000000
                _BSS                  BSS            05a7:1152        00000000
stdio.c         _TEXT                 CODE           0000:17f3        000000a6
                _DATA                 DATA           0512:072a        00000000
                _BSS                  BSS            05a7:1152        000007d0
vsprintf.c      _TEXT                 CODE           0000:1899        00000676
                _DATA                 DATA           0512:072a        0000004a
                _BSS                  BSS            05a7:1922        00000000
printgen.c      _TEXT                 CODE           0000:1f0f        000007b5
                _DATA                 DATA           0512:0774        0000001d
                _BSS                  BSS            05a7:1922        00000000
put.c           _TEXT                 CODE           0000:26c4        0000017b
                _DATA                 DATA           0512:0792        00000000
                _BSS                  BSS            05a7:1922        00000002
escribir.c      _TEXT                 CODE           0000:283f        00000181
                _DATA                 DATA           0512:0792        00000000
                _BSS                  BSS            05a7:1924        00000000
scanner.c       _TEXT                 CODE           0000:29c0        0000043e
                _DATA                 DATA           0512:0792        0000011a
                _BSS                  BSS            05a7:1924        0000037c
strings.c       _TEXT                 CODE           0000:2dfe        00000233
                _DATA                 DATA           0512:08ac        00000000
                _BSS                  BSS            05a7:1ca0        00000000
memory.c        _TEXT                 CODE           0000:3031        00000150
                _DATA                 DATA           0512:08ac        00000000
                _BSS                  BSS            05a7:1ca0        00000000
puertos.c       _TEXT                 CODE           0000:3181        00000072
                _DATA                 DATA           0512:08ac        00000000
                _BSS                  BSS            05a7:1ca0        00000000
pantalla.c      _TEXT                 CODE           0000:31f3        0000024b
                _DATA                 DATA           0512:08ac        00000000
                _BSS                  BSS            05a7:1ca0        00000000
crthw.c         _TEXT                 CODE           0000:343e        00000084
                _DATA                 DATA           0512:08ac        00000000
                _BSS                  BSS            05a7:1ca0        00000000
bios_0.c        _TEXT                 CODE           0000:34c2        00000902
                _DATA                 DATA           0512:08ac        00000011
                _BSS                  BSS            05a7:1ca0        00000000
bios_crt.c      _TEXT                 CODE           0000:3dc4        00000594
                _DATA                 DATA           0512:08be        00000041
                _BSS                  BSS            05a7:1ca0        00000000
bios_rat.c      _TEXT                 CODE           0000:4358        000000ce
                _DATA                 DATA           0512:0900        00000000
                _BSS                  BSS            05a7:1ca0        00000002
msdos.c         _TEXT                 CODE           0000:4426        00000630
                _DATA                 DATA           0512:0900        0000001c
                _BSS                  BSS            05a7:1ca2        00000000
memvideo.c      _TEXT                 CODE           0000:4a56        0000003e
                _DATA                 DATA           0512:091c        00000006
                _BSS                  BSS            05a7:1ca2        00000000
ptrc2c.c        _TEXT                 CODE           0000:4a94        00000379
                _DATA                 DATA           0512:0922        00000000
                _BSS                  BSS            05a7:1ca2        00000000
pic.c           _TEXT                 CODE           0000:4e0d        0000017c
                _DATA                 DATA           0512:0922        00000004
                _BSS                  BSS            05a7:1ca2        00000000
debug.c         _TEXT                 CODE           0000:4f89        00000079
                _DATA                 DATA           0512:0926        00000030
                _BSS                  BSS            05a7:1ca2        00000000
ASM\H_LDIV.ASM  _TEXT                 CODE           0000:5002        000000ae
ASM\H_LURSH.ASM _TEXT                 CODE           0000:50b0        00000021
ASM\H_LLSH.ASM  _TEXT                 CODE           0000:50d1        00000021
ASM\F_LXMUL.ASM _TEXT                 CODE           0000:50f2        00000017
ASM\N_LXMUL.ASM _TEXT                 CODE           0000:5109        00000017
ASM\fincode.asm _TEXT                 CODE           0000:5120        00000000
                _DATA                 DATA           0512:0956        00000000
                _BSS                  BSS            05a7:1ca2        00000000
ASM\findata.asm _TEXT                 CODE           0000:5120        00000000
                _DATA                 DATA           0512:0956        00000000
                _BSS                  BSS            05a7:1ca2        00000000
ASM\finbss.asm  _TEXT                 CODE           0000:5120        00000000
                _DATA                 DATA           0512:0956        00000000
                _BSS                  BSS            05a7:1ca2        00000000


                        +-----------------------+
                        |   Linker Statistics   |
                        +-----------------------+

Stack size:  fffe (65534.)
Memory size:  7712 (30482.)
Entry point address: 0000:0000
Link time: 00:00.00
